Archive member included to satisfy reference by file (symbol)

/home/lawrence/projects/Phytium2024-Local/slavedevice/FREERTOS-prjfiles/dht11_original/build/lib_rtos_driver.a(fgpio_os.o)
                              (--whole-archive)
/home/lawrence/projects/Phytium2024-Local/slavedevice/FREERTOS-prjfiles/dht11_original/build/lib_rtos_driver.a(fpl011_os.o)
                              (--whole-archive)
/home/lawrence/projects/Phytium2024-Local/slavedevice/FREERTOS-prjfiles/dht11_original/build/lib_freertos.a(croutine.o)
                              (--whole-archive)
/home/lawrence/projects/Phytium2024-Local/slavedevice/FREERTOS-prjfiles/dht11_original/build/lib_freertos.a(event_groups.o)
                              (--whole-archive)
/home/lawrence/projects/Phytium2024-Local/slavedevice/FREERTOS-prjfiles/dht11_original/build/lib_freertos.a(list.o)
                              (--whole-archive)
/home/lawrence/projects/Phytium2024-Local/slavedevice/FREERTOS-prjfiles/dht11_original/build/lib_freertos.a(queue.o)
                              (--whole-archive)
/home/lawrence/projects/Phytium2024-Local/slavedevice/FREERTOS-prjfiles/dht11_original/build/lib_freertos.a(stream_buffer.o)
                              (--whole-archive)
/home/lawrence/projects/Phytium2024-Local/slavedevice/FREERTOS-prjfiles/dht11_original/build/lib_freertos.a(tasks.o)
                              (--whole-archive)
/home/lawrence/projects/Phytium2024-Local/slavedevice/FREERTOS-prjfiles/dht11_original/build/lib_freertos.a(timers.o)
                              (--whole-archive)
/home/lawrence/projects/Phytium2024-Local/slavedevice/FREERTOS-prjfiles/dht11_original/build/lib_freertos.a(heap_4.o)
                              (--whole-archive)
/home/lawrence/projects/Phytium2024-Local/slavedevice/FREERTOS-prjfiles/dht11_original/build/lib_freertos.a(freertos_configs.o)
                              (--whole-archive)
/home/lawrence/projects/Phytium2024-Local/slavedevice/FREERTOS-prjfiles/dht11_original/build/lib_freertos.a(port.o)
                              (--whole-archive)
/home/lawrence/projects/Phytium2024-Local/slavedevice/FREERTOS-prjfiles/dht11_original/build/lib_freertos.a(freertos_vectors.o)
                              (--whole-archive)
/home/lawrence/projects/Phytium2024-Local/slavedevice/FREERTOS-prjfiles/dht11_original/build/lib_freertos.a(portASM.o)
                              (--whole-archive)
/home/lawrence/projects/Phytium2024-Local/slavedevice/FREERTOS-prjfiles/dht11_original/build/lib_backtrace.a(backtrace.o)
                              (--whole-archive)
/home/lawrence/projects/Phytium2024-Local/slavedevice/FREERTOS-prjfiles/dht11_original/build/lib_tlsf.a(fmemory_pool.o)
                              (--whole-archive)
/home/lawrence/projects/Phytium2024-Local/slavedevice/FREERTOS-prjfiles/dht11_original/build/lib_tlsf.a(tlsf.o)
                              (--whole-archive)
/home/lawrence/projects/Phytium2024-Local/slavedevice/FREERTOS-prjfiles/dht11_original/build/libuser.a(main.o)
                              (--whole-archive)
/home/lawrence/projects/Phytium2024-Local/slavedevice/FREERTOS-prjfiles/dht11_original/build/libuser.a(dht11.o)
                              (--whole-archive)
/home/lawrence/projects/Phytium2024-Local/slavedevice/FREERTOS-prjfiles/dht11_original/build/lib_board.a(fboard_init.o)
                              (--whole-archive)
/home/lawrence/projects/Phytium2024-Local/slavedevice/FREERTOS-prjfiles/dht11_original/build/lib_board.a(fio_mux.o)
                              (--whole-archive)
/home/lawrence/projects/Phytium2024-Local/slavedevice/FREERTOS-prjfiles/dht11_original/build/libdrivers.a(fgic.o)
                              (--whole-archive)
/home/lawrence/projects/Phytium2024-Local/slavedevice/FREERTOS-prjfiles/dht11_original/build/libdrivers.a(fgic_g.o)
                              (--whole-archive)
/home/lawrence/projects/Phytium2024-Local/slavedevice/FREERTOS-prjfiles/dht11_original/build/libdrivers.a(fgic_sinit.o)
                              (--whole-archive)
/home/lawrence/projects/Phytium2024-Local/slavedevice/FREERTOS-prjfiles/dht11_original/build/libdrivers.a(fiopad.o)
                              (--whole-archive)
/home/lawrence/projects/Phytium2024-Local/slavedevice/FREERTOS-prjfiles/dht11_original/build/libdrivers.a(fiopad_sinit.o)
                              (--whole-archive)
/home/lawrence/projects/Phytium2024-Local/slavedevice/FREERTOS-prjfiles/dht11_original/build/libdrivers.a(fiopad_hw.o)
                              (--whole-archive)
/home/lawrence/projects/Phytium2024-Local/slavedevice/FREERTOS-prjfiles/dht11_original/build/libdrivers.a(fiopad_g.o)
                              (--whole-archive)
/home/lawrence/projects/Phytium2024-Local/slavedevice/FREERTOS-prjfiles/dht11_original/build/libdrivers.a(fgpio.o)
                              (--whole-archive)
[...]
Memory Configuration

Name             Origin             Length             Attributes
MEMORY_SPACE     0x00000000b0100000 0x0000000001000000 xrw
*default*        0x0000000000000000 0xffffffffffffffff

Linker script and memory map

START GROUP
LOAD /home/lawrence/projects/Phytium2024-Local/phytium-dev-linux-x64/cross_tool/gcc-arm-10.3-2021.07-x86_64-aarch64-none-elf/bin/../lib/gcc/aarch64-none-elf/10.3.1/libgcc.a
LOAD /home/lawrence/projects/Phytium2024-Local/phytium-dev-linux-x64/cross_tool/gcc-arm-10.3-2021.07-x86_64-aarch64-none-elf/bin/../lib/gcc/aarch64-none-elf/10.3.1/../../../../aarch64-none-elf/lib/libc.a
LOAD /home/lawrence/projects/Phytium2024-Local/phytium-dev-linux-x64/cross_tool/gcc-arm-10.3-2021.07-x86_64-aarch64-none-elf/bin/../lib/gcc/aarch64-none-elf/10.3.1/../../../../aarch64-none-elf/lib/libm.a
LOAD /home/lawrence/projects/Phytium2024-Local/slavedevice/FREERTOS-prjfiles/dht11_original/build/lib_rtos_driver.a
LOAD /home/lawrence/projects/Phytium2024-Local/slavedevice/FREERTOS-prjfiles/dht11_original/build/lib_freertos.a
LOAD /home/lawrence/projects/Phytium2024-Local/slavedevice/FREERTOS-prjfiles/dht11_original/build/lib_backtrace.a
LOAD /home/lawrence/projects/Phytium2024-Local/slavedevice/FREERTOS-prjfiles/dht11_original/build/lib_tlsf.a
LOAD /home/lawrence/projects/Phytium2024-Local/slavedevice/FREERTOS-prjfiles/dht11_original/build/libuser.a
LOAD /home/lawrence/projects/Phytium2024-Local/slavedevice/FREERTOS-prjfiles/dht11_original/build/lib_board.a
LOAD /home/lawrence/projects/Phytium2024-Local/slavedevice/FREERTOS-prjfiles/dht11_original/build/libdrivers.a
LOAD /home/lawrence/projects/Phytium2024-Local/slavedevice/FREERTOS-prjfiles/dht11_original/build/libarch.a
LOAD /home/lawrence/projects/Phytium2024-Local/slavedevice/FREERTOS-prjfiles/dht11_original/build/libcommon.a
LOAD /home/lawrence/projects/Phytium2024-Local/slavedevice/FREERTOS-prjfiles/dht11_original/build/libsoc.a
LOAD /home/lawrence/projects/Phytium2024-Local/slavedevice/FREERTOS-prjfiles/dht11_original/build/lib_syscall.a
END GROUP
LOAD /home/lawrence/projects/Phytium2024-Local/phytium-dev-linux-x64/cross_tool/gcc-arm-10.3-2021.07-x86_64-aarch64-none-elf/bin/../lib/gcc/aarch64-none-elf/10.3.1/libgcc.a
LOAD /home/lawrence/projects/Phytium2024-Local/phytium-dev-linux-x64/cross_tool/gcc-arm-10.3-2021.07-x86_64-aarch64-none-elf/bin/../lib/gcc/aarch64-none-elf/10.3.1/../../../../aarch64-none-elf/lib/libc.a
LOAD /home/lawrence/projects/Phytium2024-Local/phytium-dev-linux-x64/cross_tool/gcc-arm-10.3-2021.07-x86_64-aarch64-none-elf/bin/../lib/gcc/aarch64-none-elf/10.3.1/libgcc.a

.text           0x00000000b0100000    0x133e0
 *(.vectors)
 .vectors       0x00000000b0100000      0x718 /home/lawrence/projects/Phytium2024-Local/slavedevice/FREERTOS-prjfiles/dht11_original/build/libarch.a(fvectors.o)
                0x00000000b0100000                _vector_table
                0x00000000b0100618                SErrorInterruptHandler
 *(.boot)
 .boot          0x00000000b0100718      0x168 /home/lawrence/projects/Phytium2024-Local/slavedevice/FREERTOS-prjfiles/dht11_original/build/libarch.a(fboot.o)
                0x00000000b0100718                _boot
 *(.text)
 *fill*         0x00000000b0100880       0x80 
 .text          0x00000000b0100900      0x948 /home/lawrence/projects/Phytium2024-Local/slavedevice/FREERTOS-prjfiles/dht11_original/build/lib_freertos.a(portASM.o)
                0x00000000b0100900                vSynchronousInterruptHandler
                0x00000000b0100c00                vSynchronousInterruptHandlerSPx
                0x00000000b0100c90                vSErrorInterruptHandler
                0x00000000b0100e00                vPortRestoreTaskContext
                0x00000000b0100f00                FreeRTOS_IRQ_Handler
 .text          0x00000000b0101248      0x1ac /home/lawrence/projects/Phytium2024-Local/slavedevice/FREERTOS-prjfiles/dht11_original/build/libdrivers.a(fgic_cpu_interface.o)
                0x00000000b0101248                FGicSetICC_SRE_EL3
                0x00000000b0101254                FGicSetICC_SRE_EL2
                0x00000000b0101260                FGicSetICC_SRE_EL1
                0x00000000b010126c                FGicGetICC_SRE_EL3
                0x00000000b0101274                FGicGetICC_SRE_EL2
                0x00000000b010127c                FGicGetICC_SRE_EL1
                0x00000000b0101284                FGicEnableGroup0
                0x00000000b0101294                FGicDisableGroup0
                0x00000000b01012a4                FGicEnableGroup1_EL3
                0x00000000b01012b4                FGicEnableGroup1_EL1
                0x00000000b01012c4                FGicDisableGroup1_EL1
                0x00000000b01012d4                FGicDisableGroup1_EL3
                0x00000000b01012e4                FGicSetICC_CTLR_EL3
                0x00000000b01012f0                FGicSetICC_CTLR_EL1
                0x00000000b01012fc                FGicGetICC_CTLR_EL3
                0x00000000b0101304                FGicGetICC_CTLR_EL1
                0x00000000b010130c                FGicGetICC_APR0
                0x00000000b0101314                FGicGetICC_APR1
                0x00000000b010131c                FGicSetICC_EOIR0
                0x00000000b0101328                FGicSetICC_EOIR1
                0x00000000b0101334                FGicSetICC_DIR
                0x00000000b0101340                FGicSetICC_PMR
                0x00000000b010134c                FGicGetICC_PMR
                0x00000000b0101354                FGicGetICC_BPR1
                0x00000000b010135c                FGicSetICC_BPR1
                0x00000000b0101368                FGicGetICC_BPR0
                0x00000000b0101370                FGicSetICC_BPR0
                0x00000000b010137c                FGicGetICC_HPPIR1
                0x00000000b0101384                FGicSetICC_HPPIR1
                0x00000000b0101390                FGicGetICC_HPPIR0
                0x00000000b0101398                FGicSetICC_HPPIR0
                0x00000000b01013a4                FGicGetICC_RPR
                0x00000000b01013ac                FGicSetICC_SGI0R
                0x00000000b01013c4                FGicSetICC_SGI1R
                0x00000000b01013dc                FGicSetICC_ASGI1R
 *fill*         0x00000000b01013f4        0xc 
 .text          0x00000000b0101400      0x1c8 /home/lawrence/projects/Phytium2024-Local/slavedevice/FREERTOS-prjfiles/dht11_original/build/libarch.a(fcrt0.o)
                0x00000000b0101438                _startup
                0x00000000b0101568                InvalidateFlushDcaches
 .text          0x00000000b01015c8       0x18 /home/lawrence/projects/Phytium2024-Local/slavedevice/FREERTOS-prjfiles/dht11_original/build/libarch.a(ftrace_uart.o)
                0x00000000b01015c8                FTraceUartInit
                0x00000000b01015cc                FTraceBootup
                0x00000000b01015d0                FTraceEL3
                0x00000000b01015d4                FTraceEL2
                0x00000000b01015d8                FTraceEL1
                0x00000000b01015dc                FTraceCEntry
 .text          0x00000000b01015e0       0x30 /home/lawrence/projects/Phytium2024-Local/slavedevice/FREERTOS-prjfiles/dht11_original/build/libsoc.a(fcpu_asm.o)
                0x00000000b01015e0                GetAffinity
                0x00000000b01015e8                ArchSpinLock
                0x00000000b0101608                ArchSpinUnlock
 *fill*         0x00000000b0101610       0x30 
 .text          0x00000000b0101640      0x16c /home/lawrence/projects/Phytium2024-Local/phytium-dev-linux-x64/cross_tool/gcc-arm-10.3-2021.07-x86_64-aarch64-none-elf/bin/../lib/gcc/aarch64-none-elf/10.3.1/../../../../aarch64-none-elf/lib/libc.a(lib_a-memcpy.o)
                0x00000000b0101640                memcpy
 *fill*         0x00000000b01017ac       0x14 
 .text          0x00000000b01017c0      0x1dc /home/lawrence/projects/Phytium2024-Local/phytium-dev-linux-x64/cross_tool/gcc-arm-10.3-2021.07-x86_64-aarch64-none-elf/bin/../lib/gcc/aarch64-none-elf/10.3.1/../../../../aarch64-none-elf/lib/libc.a(lib_a-memset.o)
                0x00000000b01017c0                memset
 *fill*         0x00000000b010199c       0x24 
 .text          0x00000000b01019c0      0x140 /home/lawrence/projects/Phytium2024-Local/phytium-dev-linux-x64/cross_tool/gcc-arm-10.3-2021.07-x86_64-aarch64-none-elf/bin/../lib/gcc/aarch64-none-elf/10.3.1/../../../../aarch64-none-elf/lib/libc.a(lib_a-strlen.o)
                0x00000000b01019c0                strlen
 .text          0x00000000b0101b00      0x100 /home/lawrence/projects/Phytium2024-Local/phytium-dev-linux-x64/cross_tool/gcc-arm-10.3-2021.07-x86_64-aarch64-none-elf/bin/../lib/gcc/aarch64-none-elf/10.3.1/../../../../aarch64-none-elf/lib/libc.a(lib_a-strrchr.o)
                0x00000000b0101b00                strrchr
 .text          0x00000000b0101c00       0xd8 /home/lawrence/projects/Phytium2024-Local/phytium-dev-linux-x64/cross_tool/gcc-arm-10.3-2021.07-x86_64-aarch64-none-elf/bin/../lib/gcc/aarch64-none-elf/10.3.1/../../../../aarch64-none-elf/lib/libc.a(lib_a-memchr.o)
                0x00000000b0101c00                memchr
 *fill*         0x00000000b0101cd8       0x28 
 .text          0x00000000b0101d00       0xac /home/lawrence/projects/Phytium2024-Local/phytium-dev-linux-x64/cross_tool/gcc-arm-10.3-2021.07-x86_64-aarch64-none-elf/bin/../lib/gcc/aarch64-none-elf/10.3.1/../../../../aarch64-none-elf/lib/libc.a(lib_a-memmove.o)
                0x00000000b0101d00                memmove
 *(.text.*)
 .text.FGpioOsGetId
                0x00000000b0101dac       0x38 /home/lawrence/projects/Phytium2024-Local/slavedevice/FREERTOS-prjfiles/dht11_original/build/lib_rtos_driver.a(fgpio_os.o)
 .text.FGpioOsTakeSema
                0x00000000b0101de4       0xb0 /home/lawrence/projects/Phytium2024-Local/slavedevice/FREERTOS-prjfiles/dht11_original/build/lib_rtos_driver.a(fgpio_os.o)
 .text.FGpioOsGiveSema
                0x00000000b0101e94       0xac /home/lawrence/projects/Phytium2024-Local/slavedevice/FREERTOS-prjfiles/dht11_original/build/lib_rtos_driver.a(fgpio_os.o)
 .text.FFreeRTOSGpioInit
                0x00000000b0101f40      0x1c4 /home/lawrence/projects/Phytium2024-Local/slavedevice/FREERTOS-prjfiles/dht11_original/build/lib_rtos_driver.a(fgpio_os.o)
                0x00000000b0101f40                FFreeRTOSGpioInit
 .text.FFreeRTOSSetupPin
                0x00000000b0102104      0x208 /home/lawrence/projects/Phytium2024-Local/slavedevice/FREERTOS-prjfiles/dht11_original/build/lib_rtos_driver.a(fgpio_os.o)
                0x00000000b0102104                FFreeRTOSSetupPin
 .text.FFreeRTOSPinWrite
                0x00000000b010230c       0xf0 /home/lawrence/projects/Phytium2024-Local/slavedevice/FREERTOS-prjfiles/dht11_original/build/lib_rtos_driver.a(fgpio_os.o)
                0x00000000b010230c                FFreeRTOSPinWrite
 .text.FFreeRTOSPinRead
                0x00000000b01023fc       0xe4 /home/lawrence/projects/Phytium2024-Local/slavedevice/FREERTOS-prjfiles/dht11_original/build/lib_rtos_driver.a(fgpio_os.o)
                0x00000000b01023fc                FFreeRTOSPinRead
 .text.vListInitialise
                0x00000000b01024e0       0x18 /home/lawrence/projects/Phytium2024-Local/slavedevice/FREERTOS-prjfiles/dht11_original/build/lib_freertos.a(list.o)
                0x00000000b01024e0                vListInitialise
 .text.vListInitialiseItem
                0x00000000b01024f8        0x8 /home/lawrence/projects/Phytium2024-Local/slavedevice/FREERTOS-prjfiles/dht11_original/build/lib_freertos.a(list.o)
                0x00000000b01024f8                vListInitialiseItem
 .text.vListInsertEnd
                0x00000000b0102500       0x2c /home/lawrence/projects/Phytium2024-Local/slavedevice/FREERTOS-prjfiles/dht11_original/build/lib_freertos.a(list.o)
                0x00000000b0102500                vListInsertEnd
 .text.vListInsert
                0x00000000b010252c       0x54 /home/lawrence/projects/Phytium2024-Local/slavedevice/FREERTOS-prjfiles/dht11_original/build/lib_freertos.a(list.o)
                0x00000000b010252c                vListInsert
 .text.uxListRemove
                0x00000000b0102580       0x40 /home/lawrence/projects/Phytium2024-Local/slavedevice/FREERTOS-prjfiles/dht11_original/build/lib_freertos.a(list.o)
                0x00000000b0102580                uxListRemove
 .text.prvIsQueueEmpty
                0x00000000b01025c0       0x24 /home/lawrence/projects/Phytium2024-Local/slavedevice/FREERTOS-prjfiles/dht11_original/build/lib_freertos.a(queue.o)
 .text.prvCopyDataToQueue
                0x00000000b01025e4       0xcc /home/lawrence/projects/Phytium2024-Local/slavedevice/FREERTOS-prjfiles/dht11_original/build/lib_freertos.a(queue.o)
 .text.prvCopyDataFromQueue
                0x00000000b01026b0       0x38 /home/lawrence/projects/Phytium2024-Local/slavedevice/FREERTOS-prjfiles/dht11_original/build/lib_freertos.a(queue.o)
 .text.prvNotifyQueueSetContainer
                0x00000000b01026e8       0xe4 /home/lawrence/projects/Phytium2024-Local/slavedevice/FREERTOS-prjfiles/dht11_original/build/lib_freertos.a(queue.o)
 .text.prvUnlockQueue
                0x00000000b01027cc       0xb8 /home/lawrence/projects/Phytium2024-Local/slavedevice/FREERTOS-prjfiles/dht11_original/build/lib_freertos.a(queue.o)
 .text.xQueueGenericReset
                0x00000000b0102884       0xc4 /home/lawrence/projects/Phytium2024-Local/slavedevice/FREERTOS-prjfiles/dht11_original/build/lib_freertos.a(queue.o)
                0x00000000b0102884                xQueueGenericReset
 .text.xQueueGenericCreateStatic
                0x00000000b0102948       0xd0 /home/lawrence/projects/Phytium2024-Local/slavedevice/FREERTOS-prjfiles/dht11_original/build/lib_freertos.a(queue.o)
                0x00000000b0102948                xQueueGenericCreateStatic
 .text.xQueueGenericCreate
                0x00000000b0102a18       0x94 /home/lawrence/projects/Phytium2024-Local/slavedevice/FREERTOS-prjfiles/dht11_original/build/lib_freertos.a(queue.o)
                0x00000000b0102a18                xQueueGenericCreate
 .text.xQueueGenericSend
                0x00000000b0102aac      0x1e8 /home/lawrence/projects/Phytium2024-Local/slavedevice/FREERTOS-prjfiles/dht11_original/build/lib_freertos.a(queue.o)
                0x00000000b0102aac                xQueueGenericSend
 .text.xQueueCreateMutex
                0x00000000b0102c94       0x40 /home/lawrence/projects/Phytium2024-Local/slavedevice/FREERTOS-prjfiles/dht11_original/build/lib_freertos.a(queue.o)
                0x00000000b0102c94                xQueueCreateMutex
 .text.xQueueReceive
                0x00000000b0102cd4      0x188 /home/lawrence/projects/Phytium2024-Local/slavedevice/FREERTOS-prjfiles/dht11_original/build/lib_freertos.a(queue.o)
                0x00000000b0102cd4                xQueueReceive
 .text.xQueueSemaphoreTake
                0x00000000b0102e5c      0x1d0 /home/lawrence/projects/Phytium2024-Local/slavedevice/FREERTOS-prjfiles/dht11_original/build/lib_freertos.a(queue.o)
                0x00000000b0102e5c                xQueueSemaphoreTake
 .text.vQueueWaitForMessageRestricted
                0x00000000b010302c       0x6c /home/lawrence/projects/Phytium2024-Local/slavedevice/FREERTOS-prjfiles/dht11_original/build/lib_freertos.a(queue.o)
                0x00000000b010302c                vQueueWaitForMessageRestricted
 .text.prvAddNewTaskToReadyList
                0x00000000b0103098      0x18c /home/lawrence/projects/Phytium2024-Local/slavedevice/FREERTOS-prjfiles/dht11_original/build/lib_freertos.a(tasks.o)
 .text.prvAddCurrentTaskToDelayedList
                0x00000000b0103224      0x120 /home/lawrence/projects/Phytium2024-Local/slavedevice/FREERTOS-prjfiles/dht11_original/build/lib_freertos.a(tasks.o)
 .text.prvResetNextTaskUnblockTime
                0x00000000b0103344       0x30 /home/lawrence/projects/Phytium2024-Local/slavedevice/FREERTOS-prjfiles/dht11_original/build/lib_freertos.a(tasks.o)
 .text.prvDeleteTCB
                0x00000000b0103374       0x48 /home/lawrence/projects/Phytium2024-Local/slavedevice/FREERTOS-prjfiles/dht11_original/build/lib_freertos.a(tasks.o)
 .text.prvIdleTask
                0x00000000b01033bc       0x7c /home/lawrence/projects/Phytium2024-Local/slavedevice/FREERTOS-prjfiles/dht11_original/build/lib_freertos.a(tasks.o)
 .text.prvInitialiseNewTask.constprop.0
                0x00000000b0103438       0xf4 /home/lawrence/projects/Phytium2024-Local/slavedevice/FREERTOS-prjfiles/dht11_original/build/lib_freertos.a(tasks.o)
 .text.xTaskCreateStatic
                0x00000000b010352c       0xec /home/lawrence/projects/Phytium2024-Local/slavedevice/FREERTOS-prjfiles/dht11_original/build/lib_freertos.a(tasks.o)
                0x00000000b010352c                xTaskCreateStatic
 .text.xTaskCreate
                0x00000000b0103618       0xb4 /home/lawrence/projects/Phytium2024-Local/slavedevice/FREERTOS-prjfiles/dht11_original/build/lib_freertos.a(tasks.o)
                0x00000000b0103618                xTaskCreate
 .text.vTaskDelete
                0x00000000b01036cc      0x120 /home/lawrence/projects/Phytium2024-Local/slavedevice/FREERTOS-prjfiles/dht11_original/build/lib_freertos.a(tasks.o)
                0x00000000b01036cc                vTaskDelete
 .text.vTaskStartScheduler
                0x00000000b01037ec       0xb4 /home/lawrence/projects/Phytium2024-Local/slavedevice/FREERTOS-prjfiles/dht11_original/build/lib_freertos.a(tasks.o)
                0x00000000b01037ec                vTaskStartScheduler
 .text.vTaskSuspendAll
                0x00000000b01038a0       0x14 /home/lawrence/projects/Phytium2024-Local/slavedevice/FREERTOS-prjfiles/dht11_original/build/lib_freertos.a(tasks.o)
                0x00000000b01038a0                vTaskSuspendAll
 .text.xTaskGetTickCount
                0x00000000b01038b4        0xc /home/lawrence/projects/Phytium2024-Local/slavedevice/FREERTOS-prjfiles/dht11_original/build/lib_freertos.a(tasks.o)
                0x00000000b01038b4                xTaskGetTickCount
 .text.uxTaskGetNumberOfTasks
                0x00000000b01038c0        0xc /home/lawrence/projects/Phytium2024-Local/slavedevice/FREERTOS-prjfiles/dht11_original/build/lib_freertos.a(tasks.o)
                0x00000000b01038c0                uxTaskGetNumberOfTasks
 .text.xTaskIncrementTick
                0x00000000b01038cc      0x220 /home/lawrence/projects/Phytium2024-Local/slavedevice/FREERTOS-prjfiles/dht11_original/build/lib_freertos.a(tasks.o)
                0x00000000b01038cc                xTaskIncrementTick
 .text.xTaskResumeAll
                0x00000000b0103aec      0x1d0 /home/lawrence/projects/Phytium2024-Local/slavedevice/FREERTOS-prjfiles/dht11_original/build/lib_freertos.a(tasks.o)
                0x00000000b0103aec                xTaskResumeAll
 .text.vTaskSwitchContext
                0x00000000b0103cbc      0x108 /home/lawrence/projects/Phytium2024-Local/slavedevice/FREERTOS-prjfiles/dht11_original/build/lib_freertos.a(tasks.o)
                0x00000000b0103cbc                vTaskSwitchContext
 .text.vTaskPlaceOnEventList
                0x00000000b0103dc4       0x4c /home/lawrence/projects/Phytium2024-Local/slavedevice/FREERTOS-prjfiles/dht11_original/build/lib_freertos.a(tasks.o)
                0x00000000b0103dc4                vTaskPlaceOnEventList
 .text.vTaskPlaceOnEventListRestricted
                0x00000000b0103e10       0x88 /home/lawrence/projects/Phytium2024-Local/slavedevice/FREERTOS-prjfiles/dht11_original/build/lib_freertos.a(tasks.o)
                0x00000000b0103e10                vTaskPlaceOnEventListRestricted
 .text.xTaskRemoveFromEventList
                0x00000000b0103e98      0x16c /home/lawrence/projects/Phytium2024-Local/slavedevice/FREERTOS-prjfiles/dht11_original/build/lib_freertos.a(tasks.o)
                0x00000000b0103e98                xTaskRemoveFromEventList
 .text.vTaskInternalSetTimeOutState
                0x00000000b0104004       0x1c /home/lawrence/projects/Phytium2024-Local/slavedevice/FREERTOS-prjfiles/dht11_original/build/lib_freertos.a(tasks.o)
                0x00000000b0104004                vTaskInternalSetTimeOutState
 .text.xTaskCheckForTimeOut
                0x00000000b0104020       0xcc /home/lawrence/projects/Phytium2024-Local/slavedevice/FREERTOS-prjfiles/dht11_original/build/lib_freertos.a(tasks.o)
                0x00000000b0104020                xTaskCheckForTimeOut
 .text.vTaskMissedYield
                0x00000000b01040ec       0x10 /home/lawrence/projects/Phytium2024-Local/slavedevice/FREERTOS-prjfiles/dht11_original/build/lib_freertos.a(tasks.o)
                0x00000000b01040ec                vTaskMissedYield
 .text.xTaskGetSchedulerState
                0x00000000b01040fc       0x2c /home/lawrence/projects/Phytium2024-Local/slavedevice/FREERTOS-prjfiles/dht11_original/build/lib_freertos.a(tasks.o)
                0x00000000b01040fc                xTaskGetSchedulerState
 .text.xTaskPriorityInherit
                0x00000000b0104128      0x134 /home/lawrence/projects/Phytium2024-Local/slavedevice/FREERTOS-prjfiles/dht11_original/build/lib_freertos.a(tasks.o)
                0x00000000b0104128                xTaskPriorityInherit
 .text.xTaskPriorityDisinherit
                0x00000000b010425c      0x118 /home/lawrence/projects/Phytium2024-Local/slavedevice/FREERTOS-prjfiles/dht11_original/build/lib_freertos.a(tasks.o)
                0x00000000b010425c                xTaskPriorityDisinherit
 .text.vTaskPriorityDisinheritAfterTimeout
                0x00000000b0104374      0x134 /home/lawrence/projects/Phytium2024-Local/slavedevice/FREERTOS-prjfiles/dht11_original/build/lib_freertos.a(tasks.o)
                0x00000000b0104374                vTaskPriorityDisinheritAfterTimeout
 .text.pvTaskIncrementMutexHeldCount
                0x00000000b01044a8       0x24 /home/lawrence/projects/Phytium2024-Local/slavedevice/FREERTOS-prjfiles/dht11_original/build/lib_freertos.a(tasks.o)
                0x00000000b01044a8                pvTaskIncrementMutexHeldCount
 .text.prvCheckForValidListAndQueue
                0x00000000b01044cc       0x78 /home/lawrence/projects/Phytium2024-Local/slavedevice/FREERTOS-prjfiles/dht11_original/build/lib_freertos.a(timers.o)
 .text.prvInsertTimerInActiveList
                0x00000000b0104544       0x64 /home/lawrence/projects/Phytium2024-Local/slavedevice/FREERTOS-prjfiles/dht11_original/build/lib_freertos.a(timers.o)
 .text.prvReloadTimer
                0x00000000b01045a8       0x54 /home/lawrence/projects/Phytium2024-Local/slavedevice/FREERTOS-prjfiles/dht11_original/build/lib_freertos.a(timers.o)
 .text.prvProcessExpiredTimer
                0x00000000b01045fc       0x64 /home/lawrence/projects/Phytium2024-Local/slavedevice/FREERTOS-prjfiles/dht11_original/build/lib_freertos.a(timers.o)
 .text.prvSampleTimeNow
                0x00000000b0104660       0x8c /home/lawrence/projects/Phytium2024-Local/slavedevice/FREERTOS-prjfiles/dht11_original/build/lib_freertos.a(timers.o)
 .text.prvTimerTask
                0x00000000b01046ec      0x20c /home/lawrence/projects/Phytium2024-Local/slavedevice/FREERTOS-prjfiles/dht11_original/build/lib_freertos.a(timers.o)
 .text.xTimerCreateTimerTask
                0x00000000b01048f8       0x7c /home/lawrence/projects/Phytium2024-Local/slavedevice/FREERTOS-prjfiles/dht11_original/build/lib_freertos.a(timers.o)
                0x00000000b01048f8                xTimerCreateTimerTask
 .text.prvInsertBlockIntoFreeList
                0x00000000b0104974       0x80 /home/lawrence/projects/Phytium2024-Local/slavedevice/FREERTOS-prjfiles/dht11_original/build/lib_freertos.a(heap_4.o)
 .text.pvPortMalloc
                0x00000000b01049f4      0x1c8 /home/lawrence/projects/Phytium2024-Local/slavedevice/FREERTOS-prjfiles/dht11_original/build/lib_freertos.a(heap_4.o)
                0x00000000b01049f4                pvPortMalloc
 .text.vPortFree
                0x00000000b0104bbc       0x98 /home/lawrence/projects/Phytium2024-Local/slavedevice/FREERTOS-prjfiles/dht11_original/build/lib_freertos.a(heap_4.o)
                0x00000000b0104bbc                vPortFree
 .text.vMainAssertCalled
                0x00000000b0104c54       0x1c /home/lawrence/projects/Phytium2024-Local/slavedevice/FREERTOS-prjfiles/dht11_original/build/lib_freertos.a(freertos_configs.o)
                0x00000000b0104c54                vMainAssertCalled
 .text.vApplicationMallocFailedHook
                0x00000000b0104c70       0x20 /home/lawrence/projects/Phytium2024-Local/slavedevice/FREERTOS-prjfiles/dht11_original/build/lib_freertos.a(freertos_configs.o)
                0x00000000b0104c70                vApplicationMallocFailedHook
 .text.vConfigureTickInterrupt
                0x00000000b0104c90       0x50 /home/lawrence/projects/Phytium2024-Local/slavedevice/FREERTOS-prjfiles/dht11_original/build/lib_freertos.a(freertos_configs.o)
                0x00000000b0104c90                vConfigureTickInterrupt
 .text.vClearTickInterrupt
                0x00000000b0104ce0       0x18 /home/lawrence/projects/Phytium2024-Local/slavedevice/FREERTOS-prjfiles/dht11_original/build/lib_freertos.a(freertos_configs.o)
                0x00000000b0104ce0                vClearTickInterrupt
 .text.vApplicationInterruptHandler
                0x00000000b0104cf8       0x58 /home/lawrence/projects/Phytium2024-Local/slavedevice/FREERTOS-prjfiles/dht11_original/build/lib_freertos.a(freertos_configs.o)
                0x00000000b0104cf8                vApplicationInterruptHandler
 .text.vApplicationGetIdleTaskMemory
                0x00000000b0104d50       0x24 /home/lawrence/projects/Phytium2024-Local/slavedevice/FREERTOS-prjfiles/dht11_original/build/lib_freertos.a(freertos_configs.o)
                0x00000000b0104d50                vApplicationGetIdleTaskMemory
 .text.vApplicationGetTimerTaskMemory
                0x00000000b0104d74       0x24 /home/lawrence/projects/Phytium2024-Local/slavedevice/FREERTOS-prjfiles/dht11_original/build/lib_freertos.a(freertos_configs.o)
                0x00000000b0104d74                vApplicationGetTimerTaskMemory
 .text.pxPortInitialiseStack
                0x00000000b0104d98      0x150 /home/lawrence/projects/Phytium2024-Local/slavedevice/FREERTOS-prjfiles/dht11_original/build/lib_freertos.a(port.o)
                0x00000000b0104d98                pxPortInitialiseStack
 .text.xPortStartScheduler
                0x00000000b0104ee8       0x90 /home/lawrence/projects/Phytium2024-Local/slavedevice/FREERTOS-prjfiles/dht11_original/build/lib_freertos.a(port.o)
                0x00000000b0104ee8                xPortStartScheduler
 .text.vPortExitCritical
                0x00000000b0104f78       0x58 /home/lawrence/projects/Phytium2024-Local/slavedevice/FREERTOS-prjfiles/dht11_original/build/lib_freertos.a(port.o)
                0x00000000b0104f78                vPortExitCritical
 .text.FreeRTOS_Tick_Handler
                0x00000000b0104fd0       0x50 /home/lawrence/projects/Phytium2024-Local/slavedevice/FREERTOS-prjfiles/dht11_original/build/lib_freertos.a(port.o)
                0x00000000b0104fd0                FreeRTOS_Tick_Handler
 .text.uxPortSetInterruptMask
                0x00000000b0105020       0x50 /home/lawrence/projects/Phytium2024-Local/slavedevice/FREERTOS-prjfiles/dht11_original/build/lib_freertos.a(port.o)
                0x00000000b0105020                uxPortSetInterruptMask
 .text.vPortEnterCritical
                0x00000000b0105070       0x4c /home/lawrence/projects/Phytium2024-Local/slavedevice/FREERTOS-prjfiles/dht11_original/build/lib_freertos.a(port.o)
                0x00000000b0105070                vPortEnterCritical
 .text.vApplicationTickHook
                0x00000000b01050bc        0x4 /home/lawrence/projects/Phytium2024-Local/slavedevice/FREERTOS-prjfiles/dht11_original/build/lib_freertos.a(port.o)
                0x00000000b01050bc                vApplicationTickHook
 .text.vApplicationIdleHook
                0x00000000b01050c0        0x4 /home/lawrence/projects/Phytium2024-Local/slavedevice/FREERTOS-prjfiles/dht11_original/build/lib_freertos.a(port.o)
                0x00000000b01050c0                vApplicationIdleHook
 .text.vTaskSwitchSPx
                0x00000000b01050c4       0x24 /home/lawrence/projects/Phytium2024-Local/slavedevice/FREERTOS-prjfiles/dht11_original/build/lib_freertos.a(port.o)
                0x00000000b01050c4                vTaskSwitchSPx
 .text.backtrace
                0x00000000b01050e8      0x100 /home/lawrence/projects/Phytium2024-Local/slavedevice/FREERTOS-prjfiles/dht11_original/build/lib_backtrace.a(backtrace.o)
                0x00000000b01050e8                backtrace
 .text.startup.main
                0x00000000b01051e8       0x44 /home/lawrence/projects/Phytium2024-Local/slavedevice/FREERTOS-prjfiles/dht11_original/build/libuser.a(main.o)
                0x00000000b01051e8                main
 .text.DHT11_IO_Init_OUT
                0x00000000b010522c       0x7c /home/lawrence/projects/Phytium2024-Local/slavedevice/FREERTOS-prjfiles/dht11_original/build/libuser.a(dht11.o)
                0x00000000b010522c                DHT11_IO_Init_OUT
 .text.DHT11_IO_Init_IN
                0x00000000b01052a8       0x80 /home/lawrence/projects/Phytium2024-Local/slavedevice/FREERTOS-prjfiles/dht11_original/build/libuser.a(dht11.o)
                0x00000000b01052a8                DHT11_IO_Init_IN
 .text.DHT11_Rst
                0x00000000b0105328       0x50 /home/lawrence/projects/Phytium2024-Local/slavedevice/FREERTOS-prjfiles/dht11_original/build/libuser.a(dht11.o)
                0x00000000b0105328                DHT11_Rst
 .text.DHT11_Check
                0x00000000b0105378       0xe4 /home/lawrence/projects/Phytium2024-Local/slavedevice/FREERTOS-prjfiles/dht11_original/build/libuser.a(dht11.o)
                0x00000000b0105378                DHT11_Check
 .text.DHT11_Read_Bit
                0x00000000b010545c       0xb0 /home/lawrence/projects/Phytium2024-Local/slavedevice/FREERTOS-prjfiles/dht11_original/build/libuser.a(dht11.o)
                0x00000000b010545c                DHT11_Read_Bit
 .text.DHT11_Read_Byte
                0x00000000b010550c       0x38 /home/lawrence/projects/Phytium2024-Local/slavedevice/FREERTOS-prjfiles/dht11_original/build/libuser.a(dht11.o)
                0x00000000b010550c                DHT11_Read_Byte
 .text.DHT11_Read_Data
                0x00000000b0105544       0x98 /home/lawrence/projects/Phytium2024-Local/slavedevice/FREERTOS-prjfiles/dht11_original/build/libuser.a(dht11.o)
                0x00000000b0105544                DHT11_Read_Data
 .text.dht11_Task
                0x00000000b01055dc       0x14 /home/lawrence/projects/Phytium2024-Local/slavedevice/FREERTOS-prjfiles/dht11_original/build/libuser.a(dht11.o)
                0x00000000b01055dc                dht11_Task
 .text.AppTask  0x00000000b01055f0       0x84 /home/lawrence/projects/Phytium2024-Local/slavedevice/FREERTOS-prjfiles/dht11_original/build/libuser.a(dht11.o)
                0x00000000b01055f0                AppTask
 .text.FIOPadSetGpioMux
                0x00000000b0105674      0x2c0 /home/lawrence/projects/Phytium2024-Local/slavedevice/FREERTOS-prjfiles/dht11_original/build/lib_board.a(fio_mux.o)
                0x00000000b0105674                FIOPadSetGpioMux
 .text.FGicWaitRwp
                0x00000000b0105934       0x8c /home/lawrence/projects/Phytium2024-Local/slavedevice/FREERTOS-prjfiles/dht11_original/build/libdrivers.a(fgic.o)
 .text.FGicDistrubutiorInit
                0x00000000b01059c0      0x1e0 /home/lawrence/projects/Phytium2024-Local/slavedevice/FREERTOS-prjfiles/dht11_original/build/libdrivers.a(fgic.o)
                0x00000000b01059c0                FGicDistrubutiorInit
 .text.FGicRedistrubutiorInit
                0x00000000b0105ba0      0x160 /home/lawrence/projects/Phytium2024-Local/slavedevice/FREERTOS-prjfiles/dht11_original/build/libdrivers.a(fgic.o)
                0x00000000b0105ba0                FGicRedistrubutiorInit
 .text.FGicCpuInterfaceInit
                0x00000000b0105d00       0x5c /home/lawrence/projects/Phytium2024-Local/slavedevice/FREERTOS-prjfiles/dht11_original/build/libdrivers.a(fgic.o)
                0x00000000b0105d00                FGicCpuInterfaceInit
 .text.FGicCfgInitialize
                0x00000000b0105d5c       0x80 /home/lawrence/projects/Phytium2024-Local/slavedevice/FREERTOS-prjfiles/dht11_original/build/libdrivers.a(fgic.o)
                0x00000000b0105d5c                FGicCfgInitialize
 .text.FGicIntEnable
                0x00000000b0105ddc      0x134 /home/lawrence/projects/Phytium2024-Local/slavedevice/FREERTOS-prjfiles/dht11_original/build/libdrivers.a(fgic.o)
                0x00000000b0105ddc                FGicIntEnable
 .text.FGicSetPriority
                0x00000000b0105f10      0x164 /home/lawrence/projects/Phytium2024-Local/slavedevice/FREERTOS-prjfiles/dht11_original/build/libdrivers.a(fgic.o)
                0x00000000b0105f10                FGicSetPriority
 .text.FGicSetSpiAffinityRouting
                0x00000000b0106074      0x11c /home/lawrence/projects/Phytium2024-Local/slavedevice/FREERTOS-prjfiles/dht11_original/build/libdrivers.a(fgic.o)
                0x00000000b0106074                FGicSetSpiAffinityRouting
 .text.FGicSetPriorityFilter
                0x00000000b0106190       0x84 /home/lawrence/projects/Phytium2024-Local/slavedevice/FREERTOS-prjfiles/dht11_original/build/libdrivers.a(fgic.o)
                0x00000000b0106190                FGicSetPriorityFilter
 .text.FGicGetPriorityFilter
                0x00000000b0106214       0x74 /home/lawrence/projects/Phytium2024-Local/slavedevice/FREERTOS-prjfiles/dht11_original/build/libdrivers.a(fgic.o)
                0x00000000b0106214                FGicGetPriorityFilter
 .text.FGicLookupConfig
                0x00000000b0106288       0x18 /home/lawrence/projects/Phytium2024-Local/slavedevice/FREERTOS-prjfiles/dht11_original/build/libdrivers.a(fgic_sinit.o)
                0x00000000b0106288                FGicLookupConfig
 .text.FIOPadSetFunc
                0x00000000b01062a0      0x184 /home/lawrence/projects/Phytium2024-Local/slavedevice/FREERTOS-prjfiles/dht11_original/build/libdrivers.a(fiopad.o)
                0x00000000b01062a0                FIOPadSetFunc
 .text.FIOPadDeInitialize
                0x00000000b0106424       0x54 /home/lawrence/projects/Phytium2024-Local/slavedevice/FREERTOS-prjfiles/dht11_original/build/libdrivers.a(fiopad.o)
                0x00000000b0106424                FIOPadDeInitialize
 .text.FIOPadCfgInitialize
                0x00000000b0106478       0x90 /home/lawrence/projects/Phytium2024-Local/slavedevice/FREERTOS-prjfiles/dht11_original/build/libdrivers.a(fiopad.o)
                0x00000000b0106478                FIOPadCfgInitialize
 .text.FIOPadLookupConfig
                0x00000000b0106508       0x4c /home/lawrence/projects/Phytium2024-Local/slavedevice/FREERTOS-prjfiles/dht11_original/build/libdrivers.a(fiopad_sinit.o)
                0x00000000b0106508                FIOPadLookupConfig
 .text.FGpioWriteRegVal.part.0
                0x00000000b0106554       0x24 /home/lawrence/projects/Phytium2024-Local/slavedevice/FREERTOS-prjfiles/dht11_original/build/libdrivers.a(fgpio.o)
 .text.FGpioCfgInitialize
                0x00000000b0106578       0xd8 /home/lawrence/projects/Phytium2024-Local/slavedevice/FREERTOS-prjfiles/dht11_original/build/libdrivers.a(fgpio.o)
                0x00000000b0106578                FGpioCfgInitialize
 .text.FGpioPinInitialize
                0x00000000b0106650      0x1e0 /home/lawrence/projects/Phytium2024-Local/slavedevice/FREERTOS-prjfiles/dht11_original/build/libdrivers.a(fgpio.o)
                0x00000000b0106650                FGpioPinInitialize
 .text.FGpioGetPinIrqSourceType
                0x00000000b0106830       0x30 /home/lawrence/projects/Phytium2024-Local/slavedevice/FREERTOS-prjfiles/dht11_original/build/libdrivers.a(fgpio.o)
                0x00000000b0106830                FGpioGetPinIrqSourceType
 .text.FGpioSetDirection
                0x00000000b0106860      0x170 /home/lawrence/projects/Phytium2024-Local/slavedevice/FREERTOS-prjfiles/dht11_original/build/libdrivers.a(fgpio.o)
                0x00000000b0106860                FGpioSetDirection
 .text.FGpioGetDirection
                0x00000000b01069d0       0xec /home/lawrence/projects/Phytium2024-Local/slavedevice/FREERTOS-prjfiles/dht11_original/build/libdrivers.a(fgpio.o)
                0x00000000b01069d0                FGpioGetDirection
 .text.FGpioPinDeInitialize
                0x00000000b0106abc      0x128 /home/lawrence/projects/Phytium2024-Local/slavedevice/FREERTOS-prjfiles/dht11_original/build/libdrivers.a(fgpio.o)
                0x00000000b0106abc                FGpioPinDeInitialize
 .text.FGpioSetOutputValue
                0x00000000b0106be4      0x1b8 /home/lawrence/projects/Phytium2024-Local/slavedevice/FREERTOS-prjfiles/dht11_original/build/libdrivers.a(fgpio.o)
                0x00000000b0106be4                FGpioSetOutputValue
 .text.FGpioGetInputValue
                0x00000000b0106d9c      0x14c /home/lawrence/projects/Phytium2024-Local/slavedevice/FREERTOS-prjfiles/dht11_original/build/libdrivers.a(fgpio.o)
                0x00000000b0106d9c                FGpioGetInputValue
 .text.FGpioGetInterruptMask
                0x00000000b0106ee8       0xa0 /home/lawrence/projects/Phytium2024-Local/slavedevice/FREERTOS-prjfiles/dht11_original/build/libdrivers.a(fgpio_intr.o)
                0x00000000b0106ee8                FGpioGetInterruptMask
 .text.FGpioSetInterruptMask
                0x00000000b0106f88      0x178 /home/lawrence/projects/Phytium2024-Local/slavedevice/FREERTOS-prjfiles/dht11_original/build/libdrivers.a(fgpio_intr.o)
                0x00000000b0106f88                FGpioSetInterruptMask
 .text.FGpioInterruptHandler
                0x00000000b0107100       0xf8 /home/lawrence/projects/Phytium2024-Local/slavedevice/FREERTOS-prjfiles/dht11_original/build/libdrivers.a(fgpio_intr.o)
                0x00000000b0107100                FGpioInterruptHandler
 .text.FGpioRegisterInterruptCB
                0x00000000b01071f8       0x60 /home/lawrence/projects/Phytium2024-Local/slavedevice/FREERTOS-prjfiles/dht11_original/build/libdrivers.a(fgpio_intr.o)
                0x00000000b01071f8                FGpioRegisterInterruptCB
 .text.FGpioLookupConfig
                0x00000000b0107258       0xd4 /home/lawrence/projects/Phytium2024-Local/slavedevice/FREERTOS-prjfiles/dht11_original/build/libdrivers.a(fgpio_sinit.o)
                0x00000000b0107258                FGpioLookupConfig
 .text.FPl011StubHandler
                0x00000000b010732c       0x24 /home/lawrence/projects/Phytium2024-Local/slavedevice/FREERTOS-prjfiles/dht11_original/build/libdrivers.a(fpl011.o)
 .text.FPl011CfgInitialize
                0x00000000b0107350       0xf4 /home/lawrence/projects/Phytium2024-Local/slavedevice/FREERTOS-prjfiles/dht11_original/build/libdrivers.a(fpl011.o)
                0x00000000b0107350                FPl011CfgInitialize
 .text.FPl011BlockSend
                0x00000000b0107444       0xd8 /home/lawrence/projects/Phytium2024-Local/slavedevice/FREERTOS-prjfiles/dht11_original/build/libdrivers.a(fpl011.o)
                0x00000000b0107444                FPl011BlockSend
 .text.FPl011SendByte
                0x00000000b010751c       0x14 /home/lawrence/projects/Phytium2024-Local/slavedevice/FREERTOS-prjfiles/dht11_original/build/libdrivers.a(fpl011_hw.o)
                0x00000000b010751c                FPl011SendByte
 .text.FPl011SetOptions
                0x00000000b0107530       0xbc /home/lawrence/projects/Phytium2024-Local/slavedevice/FREERTOS-prjfiles/dht11_original/build/libdrivers.a(fpl011_options.o)
                0x00000000b0107530                FPl011SetOptions
 .text.FPl011SetSpecificOptions
                0x00000000b01075ec       0x80 /home/lawrence/projects/Phytium2024-Local/slavedevice/FREERTOS-prjfiles/dht11_original/build/libdrivers.a(fpl011_options.o)
                0x00000000b01075ec                FPl011SetSpecificOptions
 .text.FPl011ClearSpecificOptions
                0x00000000b010766c       0x80 /home/lawrence/projects/Phytium2024-Local/slavedevice/FREERTOS-prjfiles/dht11_original/build/libdrivers.a(fpl011_options.o)
                0x00000000b010766c                FPl011ClearSpecificOptions
 .text.FPl011SetBaudRate
                0x00000000b01076ec       0xb4 /home/lawrence/projects/Phytium2024-Local/slavedevice/FREERTOS-prjfiles/dht11_original/build/libdrivers.a(fpl011_options.o)
                0x00000000b01076ec                FPl011SetBaudRate
 .text.FPl011LookupConfig
                0x00000000b01077a0       0x38 /home/lawrence/projects/Phytium2024-Local/slavedevice/FREERTOS-prjfiles/dht11_original/build/libdrivers.a(fpl011_sinit.o)
                0x00000000b01077a0                FPl011LookupConfig
 .text.FCacheDCacheInvalidate
                0x00000000b01077d8      0x108 /home/lawrence/projects/Phytium2024-Local/slavedevice/FREERTOS-prjfiles/dht11_original/build/libarch.a(fcache.o)
                0x00000000b01077d8                FCacheDCacheInvalidate
 .text.FExcDefaultErrorEndHandler
                0x00000000b01078e0        0x4 /home/lawrence/projects/Phytium2024-Local/slavedevice/FREERTOS-prjfiles/dht11_original/build/libarch.a(fexception.o)
 .text.FExcPrintEcCause
                0x00000000b01078e4      0x1b0 /home/lawrence/projects/Phytium2024-Local/slavedevice/FREERTOS-prjfiles/dht11_original/build/libarch.a(fexception.o)
 .text.FExcShowRegister
                0x00000000b0107a94       0xcc /home/lawrence/projects/Phytium2024-Local/slavedevice/FREERTOS-prjfiles/dht11_original/build/libarch.a(fexception.o)
 .text.SynchronousInterrupt
                0x00000000b0107b60       0x7c /home/lawrence/projects/Phytium2024-Local/slavedevice/FREERTOS-prjfiles/dht11_original/build/libarch.a(fexception.o)
                0x00000000b0107b60                SynchronousInterrupt
 .text.SErrorInterrupt
                0x00000000b0107bdc       0x7c /home/lawrence/projects/Phytium2024-Local/slavedevice/FREERTOS-prjfiles/dht11_original/build/libarch.a(fexception.o)
                0x00000000b0107bdc                SErrorInterrupt
 .text.FExceptionInterruptHandler
                0x00000000b0107c58       0x3c /home/lawrence/projects/Phytium2024-Local/slavedevice/FREERTOS-prjfiles/dht11_original/build/libarch.a(fexception.o)
                0x00000000b0107c58                FExceptionInterruptHandler
 .text.FIQInterrupt
                0x00000000b0107c94       0x24 /home/lawrence/projects/Phytium2024-Local/slavedevice/FREERTOS-prjfiles/dht11_original/build/libarch.a(fexception.o)
                0x00000000b0107c94                FIQInterrupt
 .text.GenericTimerSetTimerValue
                0x00000000b0107cb8       0x68 /home/lawrence/projects/Phytium2024-Local/slavedevice/FREERTOS-prjfiles/dht11_original/build/libarch.a(fgeneric_timer.o)
                0x00000000b0107cb8                GenericTimerSetTimerValue
 .text.GenericTimerInterruptEnable
                0x00000000b0107d20       0x6c /home/lawrence/projects/Phytium2024-Local/slavedevice/FREERTOS-prjfiles/dht11_original/build/libarch.a(fgeneric_timer.o)
                0x00000000b0107d20                GenericTimerInterruptEnable
 .text.GenericTimerStart
                0x00000000b0107d8c       0x6c /home/lawrence/projects/Phytium2024-Local/slavedevice/FREERTOS-prjfiles/dht11_original/build/libarch.a(fgeneric_timer.o)
                0x00000000b0107d8c                GenericTimerStart
 .text.GenericTimerStop
                0x00000000b0107df8       0x6c /home/lawrence/projects/Phytium2024-Local/slavedevice/FREERTOS-prjfiles/dht11_original/build/libarch.a(fgeneric_timer.o)
                0x00000000b0107df8                GenericTimerStop
 .text.GenericTimerFrequecy
                0x00000000b0107e64        0x8 /home/lawrence/projects/Phytium2024-Local/slavedevice/FREERTOS-prjfiles/dht11_original/build/libarch.a(fgeneric_timer.o)
                0x00000000b0107e64                GenericTimerFrequecy
 .text.GenericTimerRead
                0x00000000b0107e6c       0x5c /home/lawrence/projects/Phytium2024-Local/slavedevice/FREERTOS-prjfiles/dht11_original/build/libarch.a(fgeneric_timer.o)
                0x00000000b0107e6c                GenericTimerRead
 .text.NewTable
                0x00000000b0107ec8       0x48 /home/lawrence/projects/Phytium2024-Local/slavedevice/FREERTOS-prjfiles/dht11_original/build/libarch.a(fmmu.o)
 .text.TableIndex
                0x00000000b0107f10       0x74 /home/lawrence/projects/Phytium2024-Local/slavedevice/FREERTOS-prjfiles/dht11_original/build/libarch.a(fmmu.o)
 .text.TableUsage
                0x00000000b0107f84       0x74 /home/lawrence/projects/Phytium2024-Local/slavedevice/FREERTOS-prjfiles/dht11_original/build/libarch.a(fmmu.o)
 .text.SetMapping.constprop.0
                0x00000000b0107ff8      0x33c /home/lawrence/projects/Phytium2024-Local/slavedevice/FREERTOS-prjfiles/dht11_original/build/libarch.a(fmmu.o)
 .text.AddMap.constprop.0
                0x00000000b0108334      0x114 /home/lawrence/projects/Phytium2024-Local/slavedevice/FREERTOS-prjfiles/dht11_original/build/libarch.a(fmmu.o)
 .text.MmuInit  0x00000000b0108448      0x228 /home/lawrence/projects/Phytium2024-Local/slavedevice/FREERTOS-prjfiles/dht11_original/build/libarch.a(fmmu.o)
                0x00000000b0108448                MmuInit
 .text.HangPrint
                0x00000000b0108670       0x28 /home/lawrence/projects/Phytium2024-Local/slavedevice/FREERTOS-prjfiles/dht11_original/build/libarch.a(fgcc_debug.o)
                0x00000000b0108670                HangPrint
 .text.FSmcccSmcCall
                0x00000000b0108698       0x14 /home/lawrence/projects/Phytium2024-Local/slavedevice/FREERTOS-prjfiles/dht11_original/build/libarch.a(fsmcc.o)
                0x00000000b0108698                FSmcccSmcCall
 .text.FCacheL3CacheDisable
                0x00000000b01086ac        0x4 /home/lawrence/projects/Phytium2024-Local/slavedevice/FREERTOS-prjfiles/dht11_original/build/libarch.a(fl3cache.o)
                0x00000000b01086ac                FCacheL3CacheDisable
 .text.FCacheL3CacheFlush
                0x00000000b01086b0        0x4 /home/lawrence/projects/Phytium2024-Local/slavedevice/FREERTOS-prjfiles/dht11_original/build/libarch.a(fl3cache.o)
                0x00000000b01086b0                FCacheL3CacheFlush
 .text.FPsciVersion
                0x00000000b01086b4       0x80 /home/lawrence/projects/Phytium2024-Local/slavedevice/FREERTOS-prjfiles/dht11_original/build/libarch.a(fpsci.o)
                0x00000000b01086b4                FPsciVersion
 .text.FPsciFeatures
                0x00000000b0108734       0x98 /home/lawrence/projects/Phytium2024-Local/slavedevice/FREERTOS-prjfiles/dht11_original/build/libarch.a(fpsci.o)
                0x00000000b0108734                FPsciFeatures
 .text.FPsciInit
                0x00000000b01087cc      0x2a4 /home/lawrence/projects/Phytium2024-Local/slavedevice/FREERTOS-prjfiles/dht11_original/build/libarch.a(fpsci.o)
                0x00000000b01087cc                FPsciInit
 .text.AsmInvalidateTlbAll
                0x00000000b0108a70       0x4c /home/lawrence/projects/Phytium2024-Local/slavedevice/FREERTOS-prjfiles/dht11_original/build/libarch.a(ftlb.o)
                0x00000000b0108a70                AsmInvalidateTlbAll
 .text.FAssertCallback
                0x00000000b0108abc       0x14 /home/lawrence/projects/Phytium2024-Local/slavedevice/FREERTOS-prjfiles/dht11_original/build/libcommon.a(fassert.o)
 .text.FAssertSetStatus
                0x00000000b0108ad0        0xc /home/lawrence/projects/Phytium2024-Local/slavedevice/FREERTOS-prjfiles/dht11_original/build/libcommon.a(fassert.o)
                0x00000000b0108ad0                FAssertSetStatus
 .text.FAssert  0x00000000b0108adc       0x1c /home/lawrence/projects/Phytium2024-Local/slavedevice/FREERTOS-prjfiles/dht11_original/build/libcommon.a(fassert.o)
                0x00000000b0108adc                FAssert
 .text.InterruptUmask
                0x00000000b0108af8       0x64 /home/lawrence/projects/Phytium2024-Local/slavedevice/FREERTOS-prjfiles/dht11_original/build/libcommon.a(finterrupt.o)
                0x00000000b0108af8                InterruptUmask
 .text.InterruptSetTargetCpus
                0x00000000b0108b5c       0xf4 /home/lawrence/projects/Phytium2024-Local/slavedevice/FREERTOS-prjfiles/dht11_original/build/libcommon.a(finterrupt.o)
                0x00000000b0108b5c                InterruptSetTargetCpus
 .text.InterruptSetPriority
                0x00000000b0108c50       0x6c /home/lawrence/projects/Phytium2024-Local/slavedevice/FREERTOS-prjfiles/dht11_original/build/libcommon.a(finterrupt.o)
                0x00000000b0108c50                InterruptSetPriority
 .text.InterruptSetPriorityMask
                0x00000000b0108cbc       0x7c /home/lawrence/projects/Phytium2024-Local/slavedevice/FREERTOS-prjfiles/dht11_original/build/libcommon.a(finterrupt.o)
                0x00000000b0108cbc                InterruptSetPriorityMask
 .text.InterruptGetPriorityMask
                0x00000000b0108d38       0x6c /home/lawrence/projects/Phytium2024-Local/slavedevice/FREERTOS-prjfiles/dht11_original/build/libcommon.a(finterrupt.o)
                0x00000000b0108d38                InterruptGetPriorityMask
 .text.InterruptInstall
                0x00000000b0108da4       0x28 /home/lawrence/projects/Phytium2024-Local/slavedevice/FREERTOS-prjfiles/dht11_original/build/libcommon.a(finterrupt.o)
                0x00000000b0108da4                InterruptInstall
 .text.InterruptInit
                0x00000000b0108dcc      0x164 /home/lawrence/projects/Phytium2024-Local/slavedevice/FREERTOS-prjfiles/dht11_original/build/libcommon.a(finterrupt.o)
                0x00000000b0108dcc                InterruptInit
 .text.InterruptEarlyInit
                0x00000000b0108f30       0x14 /home/lawrence/projects/Phytium2024-Local/slavedevice/FREERTOS-prjfiles/dht11_original/build/libcommon.a(finterrupt.o)
                0x00000000b0108f30                InterruptEarlyInit
 .text.InterruptGetPriorityConfig
                0x00000000b0108f44        0xc /home/lawrence/projects/Phytium2024-Local/slavedevice/FREERTOS-prjfiles/dht11_original/build/libcommon.a(finterrupt.o)
                0x00000000b0108f44                InterruptGetPriorityConfig
 .text.char_out
                0x00000000b0108f50       0x20 /home/lawrence/projects/Phytium2024-Local/slavedevice/FREERTOS-prjfiles/dht11_original/build/libcommon.a(fprintk.o)
 .text.cbvprintf
                0x00000000b0108f70      0x724 /home/lawrence/projects/Phytium2024-Local/slavedevice/FREERTOS-prjfiles/dht11_original/build/libcommon.a(fprintk.o)
                0x00000000b0108f70                cbvprintf
 .text.f_printk
                0x00000000b0109694       0x98 /home/lawrence/projects/Phytium2024-Local/slavedevice/FREERTOS-prjfiles/dht11_original/build/libcommon.a(fprintk.o)
                0x00000000b0109694                f_printk
 .text.fsleep_general
                0x00000000b010972c       0x54 /home/lawrence/projects/Phytium2024-Local/slavedevice/FREERTOS-prjfiles/dht11_original/build/libcommon.a(fsleep.o)
 .text.fsleep_millisec
                0x00000000b0109780        0x8 /home/lawrence/projects/Phytium2024-Local/slavedevice/FREERTOS-prjfiles/dht11_original/build/libcommon.a(fsleep.o)
                0x00000000b0109780                fsleep_millisec
 .text.fsleep_microsec
                0x00000000b0109788        0xc /home/lawrence/projects/Phytium2024-Local/slavedevice/FREERTOS-prjfiles/dht11_original/build/libcommon.a(fsleep.o)
                0x00000000b0109788                fsleep_microsec
 .text.GetCpuId
                0x00000000b0109794       0x64 /home/lawrence/projects/Phytium2024-Local/slavedevice/FREERTOS-prjfiles/dht11_original/build/libsoc.a(fcpu_info.o)
                0x00000000b0109794                GetCpuId
 .text.GetCpuAffinity
                0x00000000b01097f8       0x50 /home/lawrence/projects/Phytium2024-Local/slavedevice/FREERTOS-prjfiles/dht11_original/build/libsoc.a(fcpu_info.o)
                0x00000000b01097f8                GetCpuAffinity
 .text.FEarlyUartProbe
                0x00000000b0109848       0x44 /home/lawrence/projects/Phytium2024-Local/slavedevice/FREERTOS-prjfiles/dht11_original/build/libsoc.a(fearly_uart.o)
                0x00000000b0109848                FEarlyUartProbe
 .text.OutByte  0x00000000b010988c       0x24 /home/lawrence/projects/Phytium2024-Local/slavedevice/FREERTOS-prjfiles/dht11_original/build/libsoc.a(fearly_uart.o)
                0x00000000b010988c                OutByte
 .text._exit    0x00000000b01098b0        0xc /home/lawrence/projects/Phytium2024-Local/slavedevice/FREERTOS-prjfiles/dht11_original/build/lib_syscall.a(system_call.o)
                0x00000000b01098b0                _exit
 .text._sbrk    0x00000000b01098bc       0x48 /home/lawrence/projects/Phytium2024-Local/slavedevice/FREERTOS-prjfiles/dht11_original/build/lib_syscall.a(system_call.o)
                0x00000000b01098bc                _sbrk
 .text._close   0x00000000b0109904        0x8 /home/lawrence/projects/Phytium2024-Local/slavedevice/FREERTOS-prjfiles/dht11_original/build/lib_syscall.a(system_call.o)
                0x00000000b0109904                _close
 .text._fstat   0x00000000b010990c       0x10 /home/lawrence/projects/Phytium2024-Local/slavedevice/FREERTOS-prjfiles/dht11_original/build/lib_syscall.a(system_call.o)
                0x00000000b010990c                _fstat
 .text._getpid  0x00000000b010991c        0x8 /home/lawrence/projects/Phytium2024-Local/slavedevice/FREERTOS-prjfiles/dht11_original/build/lib_syscall.a(system_call.o)
                0x00000000b010991c                _getpid
 .text._isatty  0x00000000b0109924        0x8 /home/lawrence/projects/Phytium2024-Local/slavedevice/FREERTOS-prjfiles/dht11_original/build/lib_syscall.a(system_call.o)
                0x00000000b0109924                _isatty
 .text._kill    0x00000000b010992c       0x1c /home/lawrence/projects/Phytium2024-Local/slavedevice/FREERTOS-prjfiles/dht11_original/build/lib_syscall.a(system_call.o)
                0x00000000b010992c                _kill
 .text._lseek   0x00000000b0109948       0x1c /home/lawrence/projects/Phytium2024-Local/slavedevice/FREERTOS-prjfiles/dht11_original/build/lib_syscall.a(system_call.o)
                0x00000000b0109948                _lseek
 .text._read    0x00000000b0109964        0x8 /home/lawrence/projects/Phytium2024-Local/slavedevice/FREERTOS-prjfiles/dht11_original/build/lib_syscall.a(system_call.o)
                0x00000000b0109964                _read
 .text._write   0x00000000b010996c       0x60 /home/lawrence/projects/Phytium2024-Local/slavedevice/FREERTOS-prjfiles/dht11_original/build/lib_syscall.a(system_call.o)
                0x00000000b010996c                _write
 *fill*         0x00000000b01099cc        0x4 
 .text.__errno  0x00000000b01099d0        0xc /home/lawrence/projects/Phytium2024-Local/phytium-dev-linux-x64/cross_tool/gcc-arm-10.3-2021.07-x86_64-aarch64-none-elf/bin/../lib/gcc/aarch64-none-elf/10.3.1/../../../../aarch64-none-elf/lib/libc.a(lib_a-errno.o)
                0x00000000b01099d0                __errno
 *fill*         0x00000000b01099dc        0x4 
 .text.printf   0x00000000b01099e0       0x88 /home/lawrence/projects/Phytium2024-Local/phytium-dev-linux-x64/cross_tool/gcc-arm-10.3-2021.07-x86_64-aarch64-none-elf/bin/../lib/gcc/aarch64-none-elf/10.3.1/../../../../aarch64-none-elf/lib/libc.a(lib_a-printf.o)
                0x00000000b01099e0                printf
 *fill*         0x00000000b0109a68        0x8 
 .text._vfprintf_r
                0x00000000b0109a70     0x2d7c /home/lawrence/projects/Phytium2024-Local/phytium-dev-linux-x64/cross_tool/gcc-arm-10.3-2021.07-x86_64-aarch64-none-elf/bin/../lib/gcc/aarch64-none-elf/10.3.1/../../../../aarch64-none-elf/lib/libc.a(lib_a-vfprintf.o)
                0x00000000b0109a70                _vfprintf_r
 *fill*         0x00000000b010c7ec        0x4 
 .text.__sbprintf
                0x00000000b010c7f0       0xcc /home/lawrence/projects/Phytium2024-Local/phytium-dev-linux-x64/cross_tool/gcc-arm-10.3-2021.07-x86_64-aarch64-none-elf/bin/../lib/gcc/aarch64-none-elf/10.3.1/../../../../aarch64-none-elf/lib/libc.a(lib_a-vfprintf.o)
 *fill*         0x00000000b010c8bc        0x4 
 .text._wcrtomb_r
                0x00000000b010c8c0       0x88 /home/lawrence/projects/Phytium2024-Local/phytium-dev-linux-x64/cross_tool/gcc-arm-10.3-2021.07-x86_64-aarch64-none-elf/bin/../lib/gcc/aarch64-none-elf/10.3.1/../../../../aarch64-none-elf/lib/libc.a(lib_a-wcrtomb.o)
                0x00000000b010c8c0                _wcrtomb_r
 *fill*         0x00000000b010c948        0x8 
 .text._wcsrtombs_r
                0x00000000b010c950       0x10 /home/lawrence/projects/Phytium2024-Local/phytium-dev-linux-x64/cross_tool/gcc-arm-10.3-2021.07-x86_64-aarch64-none-elf/bin/../lib/gcc/aarch64-none-elf/10.3.1/../../../../aarch64-none-elf/lib/libc.a(lib_a-wcsrtombs.o)
                0x00000000b010c950                _wcsrtombs_r
 .text.__swsetup_r
                0x00000000b010c960      0x144 /home/lawrence/projects/Phytium2024-Local/phytium-dev-linux-x64/cross_tool/gcc-arm-10.3-2021.07-x86_64-aarch64-none-elf/bin/../lib/gcc/aarch64-none-elf/10.3.1/../../../../aarch64-none-elf/lib/libc.a(lib_a-wsetup.o)
                0x00000000b010c960                __swsetup_r
 *fill*         0x00000000b010caa4        0xc 
 .text.quorem   0x00000000b010cab0      0x19c /home/lawrence/projects/Phytium2024-Local/phytium-dev-linux-x64/cross_tool/gcc-arm-10.3-2021.07-x86_64-aarch64-none-elf/bin/../lib/gcc/aarch64-none-elf/10.3.1/../../../../aarch64-none-elf/lib/libc.a(lib_a-dtoa.o)
 *fill*         0x00000000b010cc4c        0x4 
 .text._dtoa_r  0x00000000b010cc50     0x1180 /home/lawrence/projects/Phytium2024-Local/phytium-dev-linux-x64/cross_tool/gcc-arm-10.3-2021.07-x86_64-aarch64-none-elf/bin/../lib/gcc/aarch64-none-elf/10.3.1/../../../../aarch64-none-elf/lib/libc.a(lib_a-dtoa.o)
                0x00000000b010cc50                _dtoa_r
 .text.__sflush_r
                0x00000000b010ddd0      0x228 /home/lawrence/projects/Phytium2024-Local/phytium-dev-linux-x64/cross_tool/gcc-arm-10.3-2021.07-x86_64-aarch64-none-elf/bin/../lib/gcc/aarch64-none-elf/10.3.1/../../../../aarch64-none-elf/lib/libc.a(lib_a-fflush.o)
                0x00000000b010ddd0                __sflush_r
 *fill*         0x00000000b010dff8        0x8 
 .text._fflush_r
                0x00000000b010e000       0x58 /home/lawrence/projects/Phytium2024-Local/phytium-dev-linux-x64/cross_tool/gcc-arm-10.3-2021.07-x86_64-aarch64-none-elf/bin/../lib/gcc/aarch64-none-elf/10.3.1/../../../../aarch64-none-elf/lib/libc.a(lib_a-fflush.o)
                0x00000000b010e000                _fflush_r
 *fill*         0x00000000b010e058        0x8 
 .text._cleanup_r
                0x00000000b010e060        0xc /home/lawrence/projects/Phytium2024-Local/phytium-dev-linux-x64/cross_tool/gcc-arm-10.3-2021.07-x86_64-aarch64-none-elf/bin/../lib/gcc/aarch64-none-elf/10.3.1/../../../../aarch64-none-elf/lib/libc.a(lib_a-findfp.o)
                0x00000000b010e060                _cleanup_r
 *fill*         0x00000000b010e06c        0x4 
 .text.__sinit.part.0
                0x00000000b010e070      0x138 /home/lawrence/projects/Phytium2024-Local/phytium-dev-linux-x64/cross_tool/gcc-arm-10.3-2021.07-x86_64-aarch64-none-elf/bin/../lib/gcc/aarch64-none-elf/10.3.1/../../../../aarch64-none-elf/lib/libc.a(lib_a-findfp.o)
 *fill*         0x00000000b010e1a8        0x8 
 .text.__sinit  0x00000000b010e1b0       0x10 /home/lawrence/projects/Phytium2024-Local/phytium-dev-linux-x64/cross_tool/gcc-arm-10.3-2021.07-x86_64-aarch64-none-elf/bin/../lib/gcc/aarch64-none-elf/10.3.1/../../../../aarch64-none-elf/lib/libc.a(lib_a-findfp.o)
                0x00000000b010e1b0                __sinit
 .text.__sfp_lock_acquire
                0x00000000b010e1c0        0x4 /home/lawrence/projects/Phytium2024-Local/phytium-dev-linux-x64/cross_tool/gcc-arm-10.3-2021.07-x86_64-aarch64-none-elf/bin/../lib/gcc/aarch64-none-elf/10.3.1/../../../../aarch64-none-elf/lib/libc.a(lib_a-findfp.o)
                0x00000000b010e1c0                __sfp_lock_acquire
 *fill*         0x00000000b010e1c4        0xc 
 .text.__sfp_lock_release
                0x00000000b010e1d0        0x4 /home/lawrence/projects/Phytium2024-Local/phytium-dev-linux-x64/cross_tool/gcc-arm-10.3-2021.07-x86_64-aarch64-none-elf/bin/../lib/gcc/aarch64-none-elf/10.3.1/../../../../aarch64-none-elf/lib/libc.a(lib_a-findfp.o)
                0x00000000b010e1d0                __sfp_lock_release
 *fill*         0x00000000b010e1d4        0xc 
 .text._malloc_trim_r
                0x00000000b010e1e0      0x10c /home/lawrence/projects/Phytium2024-Local/phytium-dev-linux-x64/cross_tool/gcc-arm-10.3-2021.07-x86_64-aarch64-none-elf/bin/../lib/gcc/aarch64-none-elf/10.3.1/../../../../aarch64-none-elf/lib/libc.a(lib_a-freer.o)
                0x00000000b010e1e0                _malloc_trim_r
 *fill*         0x00000000b010e2ec        0x4 
 .text._free_r  0x00000000b010e2f0      0x2e8 /home/lawrence/projects/Phytium2024-Local/phytium-dev-linux-x64/cross_tool/gcc-arm-10.3-2021.07-x86_64-aarch64-none-elf/bin/../lib/gcc/aarch64-none-elf/10.3.1/../../../../aarch64-none-elf/lib/libc.a(lib_a-freer.o)
                0x00000000b010e2f0                _free_r
 *fill*         0x00000000b010e5d8        0x8 
 .text._fwalk_reent
                0x00000000b010e5e0       0xa4 /home/lawrence/projects/Phytium2024-Local/phytium-dev-linux-x64/cross_tool/gcc-arm-10.3-2021.07-x86_64-aarch64-none-elf/bin/../lib/gcc/aarch64-none-elf/10.3.1/../../../../aarch64-none-elf/lib/libc.a(lib_a-fwalk.o)
                0x00000000b010e5e0                _fwalk_reent
 *fill*         0x00000000b010e684        0xc 
 .text._localeconv_r
                0x00000000b010e690        0xc /home/lawrence/projects/Phytium2024-Local/phytium-dev-linux-x64/cross_tool/gcc-arm-10.3-2021.07-x86_64-aarch64-none-elf/bin/../lib/gcc/aarch64-none-elf/10.3.1/../../../../aarch64-none-elf/lib/libc.a(lib_a-localeconv.o)
                0x00000000b010e690                _localeconv_r
 *fill*         0x00000000b010e69c        0x4 
 .text.__locale_mb_cur_max
                0x00000000b010e6a0        0xc /home/lawrence/projects/Phytium2024-Local/phytium-dev-linux-x64/cross_tool/gcc-arm-10.3-2021.07-x86_64-aarch64-none-elf/bin/../lib/gcc/aarch64-none-elf/10.3.1/../../../../aarch64-none-elf/lib/libc.a(lib_a-locale.o)
                0x00000000b010e6a0                __locale_mb_cur_max
 *fill*         0x00000000b010e6ac        0x4 
 .text.__smakebuf_r
                0x00000000b010e6b0      0x15c /home/lawrence/projects/Phytium2024-Local/phytium-dev-linux-x64/cross_tool/gcc-arm-10.3-2021.07-x86_64-aarch64-none-elf/bin/../lib/gcc/aarch64-none-elf/10.3.1/../../../../aarch64-none-elf/lib/libc.a(lib_a-makebuf.o)
                0x00000000b010e6b0                __smakebuf_r
 *fill*         0x00000000b010e80c        0x4 
 .text._malloc_r
                0x00000000b010e810      0x828 /home/lawrence/projects/Phytium2024-Local/phytium-dev-linux-x64/cross_tool/gcc-arm-10.3-2021.07-x86_64-aarch64-none-elf/bin/../lib/gcc/aarch64-none-elf/10.3.1/../../../../aarch64-none-elf/lib/libc.a(lib_a-mallocr.o)
                0x00000000b010e810                _malloc_r
 *fill*         0x00000000b010f038        0x8 
 .text.__ascii_mbtowc
                0x00000000b010f040       0x48 /home/lawrence/projects/Phytium2024-Local/phytium-dev-linux-x64/cross_tool/gcc-arm-10.3-2021.07-x86_64-aarch64-none-elf/bin/../lib/gcc/aarch64-none-elf/10.3.1/../../../../aarch64-none-elf/lib/libc.a(lib_a-mbtowc_r.o)
                0x00000000b010f040                __ascii_mbtowc
 *fill*         0x00000000b010f088        0x8 
 .text.__malloc_lock
                0x00000000b010f090        0x4 /home/lawrence/projects/Phytium2024-Local/phytium-dev-linux-x64/cross_tool/gcc-arm-10.3-2021.07-x86_64-aarch64-none-elf/bin/../lib/gcc/aarch64-none-elf/10.3.1/../../../../aarch64-none-elf/lib/libc.a(lib_a-mlock.o)
                0x00000000b010f090                __malloc_lock
 *fill*         0x00000000b010f094        0xc 
 .text.__malloc_unlock
                0x00000000b010f0a0        0x4 /home/lawrence/projects/Phytium2024-Local/phytium-dev-linux-x64/cross_tool/gcc-arm-10.3-2021.07-x86_64-aarch64-none-elf/bin/../lib/gcc/aarch64-none-elf/10.3.1/../../../../aarch64-none-elf/lib/libc.a(lib_a-mlock.o)
                0x00000000b010f0a0                __malloc_unlock
 *fill*         0x00000000b010f0a4        0xc 
 .text._Balloc  0x00000000b010f0b0       0x8c /home/lawrence/projects/Phytium2024-Local/phytium-dev-linux-x64/cross_tool/gcc-arm-10.3-2021.07-x86_64-aarch64-none-elf/bin/../lib/gcc/aarch64-none-elf/10.3.1/../../../../aarch64-none-elf/lib/libc.a(lib_a-mprec.o)
                0x00000000b010f0b0                _Balloc
 *fill*         0x00000000b010f13c        0x4 
 .text._Bfree   0x00000000b010f140       0x1c /home/lawrence/projects/Phytium2024-Local/phytium-dev-linux-x64/cross_tool/gcc-arm-10.3-2021.07-x86_64-aarch64-none-elf/bin/../lib/gcc/aarch64-none-elf/10.3.1/../../../../aarch64-none-elf/lib/libc.a(lib_a-mprec.o)
                0x00000000b010f140                _Bfree
 *fill*         0x00000000b010f15c        0x4 
 .text.__multadd
                0x00000000b010f160      0x110 /home/lawrence/projects/Phytium2024-Local/phytium-dev-linux-x64/cross_tool/gcc-arm-10.3-2021.07-x86_64-aarch64-none-elf/bin/../lib/gcc/aarch64-none-elf/10.3.1/../../../../aarch64-none-elf/lib/libc.a(lib_a-mprec.o)
                0x00000000b010f160                __multadd
 .text.__hi0bits
                0x00000000b010f270       0x5c /home/lawrence/projects/Phytium2024-Local/phytium-dev-linux-x64/cross_tool/gcc-arm-10.3-2021.07-x86_64-aarch64-none-elf/bin/../lib/gcc/aarch64-none-elf/10.3.1/../../../../aarch64-none-elf/lib/libc.a(lib_a-mprec.o)
                0x00000000b010f270                __hi0bits
 *fill*         0x00000000b010f2cc        0x4 
 .text.__lo0bits
                0x00000000b010f2d0       0x9c /home/lawrence/projects/Phytium2024-Local/phytium-dev-linux-x64/cross_tool/gcc-arm-10.3-2021.07-x86_64-aarch64-none-elf/bin/../lib/gcc/aarch64-none-elf/10.3.1/../../../../aarch64-none-elf/lib/libc.a(lib_a-mprec.o)
                0x00000000b010f2d0                __lo0bits
 *fill*         0x00000000b010f36c        0x4 
 .text.__i2b    0x00000000b010f370       0xb0 /home/lawrence/projects/Phytium2024-Local/phytium-dev-linux-x64/cross_tool/gcc-arm-10.3-2021.07-x86_64-aarch64-none-elf/bin/../lib/gcc/aarch64-none-elf/10.3.1/../../../../aarch64-none-elf/lib/libc.a(lib_a-mprec.o)
                0x00000000b010f370                __i2b
 .text.__multiply
                0x00000000b010f420      0x1e8 /home/lawrence/projects/Phytium2024-Local/phytium-dev-linux-x64/cross_tool/gcc-arm-10.3-2021.07-x86_64-aarch64-none-elf/bin/../lib/gcc/aarch64-none-elf/10.3.1/../../../../aarch64-none-elf/lib/libc.a(lib_a-mprec.o)
                0x00000000b010f420                __multiply
 *fill*         0x00000000b010f608        0x8 
 .text.__pow5mult
                0x00000000b010f610      0x128 /home/lawrence/projects/Phytium2024-Local/phytium-dev-linux-x64/cross_tool/gcc-arm-10.3-2021.07-x86_64-aarch64-none-elf/bin/../lib/gcc/aarch64-none-elf/10.3.1/../../../../aarch64-none-elf/lib/libc.a(lib_a-mprec.o)
                0x00000000b010f610                __pow5mult
 *fill*         0x00000000b010f738        0x8 
 .text.__lshift
                0x00000000b010f740      0x168 /home/lawrence/projects/Phytium2024-Local/phytium-dev-linux-x64/cross_tool/gcc-arm-10.3-2021.07-x86_64-aarch64-none-elf/bin/../lib/gcc/aarch64-none-elf/10.3.1/../../../../aarch64-none-elf/lib/libc.a(lib_a-mprec.o)
                0x00000000b010f740                __lshift
 *fill*         0x00000000b010f8a8        0x8 
 .text.__mcmp   0x00000000b010f8b0       0x50 /home/lawrence/projects/Phytium2024-Local/phytium-dev-linux-x64/cross_tool/gcc-arm-10.3-2021.07-x86_64-aarch64-none-elf/bin/../lib/gcc/aarch64-none-elf/10.3.1/../../../../aarch64-none-elf/lib/libc.a(lib_a-mprec.o)
                0x00000000b010f8b0                __mcmp
 .text.__mdiff  0x00000000b010f900      0x1e0 /home/lawrence/projects/Phytium2024-Local/phytium-dev-linux-x64/cross_tool/gcc-arm-10.3-2021.07-x86_64-aarch64-none-elf/bin/../lib/gcc/aarch64-none-elf/10.3.1/../../../../aarch64-none-elf/lib/libc.a(lib_a-mprec.o)
                0x00000000b010f900                __mdiff
 .text.__d2b    0x00000000b010fae0      0x13c /home/lawrence/projects/Phytium2024-Local/phytium-dev-linux-x64/cross_tool/gcc-arm-10.3-2021.07-x86_64-aarch64-none-elf/bin/../lib/gcc/aarch64-none-elf/10.3.1/../../../../aarch64-none-elf/lib/libc.a(lib_a-mprec.o)
                0x00000000b010fae0                __d2b
 *fill*         0x00000000b010fc1c        0x4 
 .text._sbrk_r  0x00000000b010fc20       0x4c /home/lawrence/projects/Phytium2024-Local/phytium-dev-linux-x64/cross_tool/gcc-arm-10.3-2021.07-x86_64-aarch64-none-elf/bin/../lib/gcc/aarch64-none-elf/10.3.1/../../../../aarch64-none-elf/lib/libc.a(lib_a-sbrkr.o)
                0x00000000b010fc20                _sbrk_r
 *fill*         0x00000000b010fc6c        0x4 
 .text.frexp    0x00000000b010fc70       0x7c /home/lawrence/projects/Phytium2024-Local/phytium-dev-linux-x64/cross_tool/gcc-arm-10.3-2021.07-x86_64-aarch64-none-elf/bin/../lib/gcc/aarch64-none-elf/10.3.1/../../../../aarch64-none-elf/lib/libc.a(lib_a-s_frexp.o)
                0x00000000b010fc70                frexp
 *fill*         0x00000000b010fcec        0x4 
 .text.__sread  0x00000000b010fcf0       0x50 /home/lawrence/projects/Phytium2024-Local/phytium-dev-linux-x64/cross_tool/gcc-arm-10.3-2021.07-x86_64-aarch64-none-elf/bin/../lib/gcc/aarch64-none-elf/10.3.1/../../../../aarch64-none-elf/lib/libc.a(lib_a-stdio.o)
                0x00000000b010fcf0                __sread
 .text.__swrite
                0x00000000b010fd40       0x6c /home/lawrence/projects/Phytium2024-Local/phytium-dev-linux-x64/cross_tool/gcc-arm-10.3-2021.07-x86_64-aarch64-none-elf/bin/../lib/gcc/aarch64-none-elf/10.3.1/../../../../aarch64-none-elf/lib/libc.a(lib_a-stdio.o)
                0x00000000b010fd40                __swrite
 *fill*         0x00000000b010fdac        0x4 
 .text.__sseek  0x00000000b010fdb0       0x50 /home/lawrence/projects/Phytium2024-Local/phytium-dev-linux-x64/cross_tool/gcc-arm-10.3-2021.07-x86_64-aarch64-none-elf/bin/../lib/gcc/aarch64-none-elf/10.3.1/../../../../aarch64-none-elf/lib/libc.a(lib_a-stdio.o)
                0x00000000b010fdb0                __sseek
 .text.__sclose
                0x00000000b010fe00        0x8 /home/lawrence/projects/Phytium2024-Local/phytium-dev-linux-x64/cross_tool/gcc-arm-10.3-2021.07-x86_64-aarch64-none-elf/bin/../lib/gcc/aarch64-none-elf/10.3.1/../../../../aarch64-none-elf/lib/libc.a(lib_a-stdio.o)
                0x00000000b010fe00                __sclose
 *fill*         0x00000000b010fe08        0x8 
 .text.strncpy  0x00000000b010fe10       0x9c /home/lawrence/projects/Phytium2024-Local/phytium-dev-linux-x64/cross_tool/gcc-arm-10.3-2021.07-x86_64-aarch64-none-elf/bin/../lib/gcc/aarch64-none-elf/10.3.1/../../../../aarch64-none-elf/lib/libc.a(lib_a-strncpy.o)
                0x00000000b010fe10                strncpy
 *fill*         0x00000000b010feac        0x4 
 .text.__sprint_r.part.0
                0x00000000b010feb0       0xd8 /home/lawrence/projects/Phytium2024-Local/phytium-dev-linux-x64/cross_tool/gcc-arm-10.3-2021.07-x86_64-aarch64-none-elf/bin/../lib/gcc/aarch64-none-elf/10.3.1/../../../../aarch64-none-elf/lib/libc.a(lib_a-vfiprintf.o)
 *fill*         0x00000000b010ff88        0x8 
 .text.__sprint_r
                0x00000000b010ff90       0x18 /home/lawrence/projects/Phytium2024-Local/phytium-dev-linux-x64/cross_tool/gcc-arm-10.3-2021.07-x86_64-aarch64-none-elf/bin/../lib/gcc/aarch64-none-elf/10.3.1/../../../../aarch64-none-elf/lib/libc.a(lib_a-vfiprintf.o)
                0x00000000b010ff90                __sprint_r
 *fill*         0x00000000b010ffa8        0x8 
 .text._vfiprintf_r
                0x00000000b010ffb0     0x1b58 /home/lawrence/projects/Phytium2024-Local/phytium-dev-linux-x64/cross_tool/gcc-arm-10.3-2021.07-x86_64-aarch64-none-elf/bin/../lib/gcc/aarch64-none-elf/10.3.1/../../../../aarch64-none-elf/lib/libc.a(lib_a-vfiprintf.o)
                0x00000000b010ffb0                _vfiprintf_r
 *fill*         0x00000000b0111b08        0x8 
 .text.__sbprintf
                0x00000000b0111b10       0xcc /home/lawrence/projects/Phytium2024-Local/phytium-dev-linux-x64/cross_tool/gcc-arm-10.3-2021.07-x86_64-aarch64-none-elf/bin/../lib/gcc/aarch64-none-elf/10.3.1/../../../../aarch64-none-elf/lib/libc.a(lib_a-vfiprintf.o)
 *fill*         0x00000000b0111bdc        0x4 
 .text._wcsnrtombs_l
                0x00000000b0111be0      0x1a4 /home/lawrence/projects/Phytium2024-Local/phytium-dev-linux-x64/cross_tool/gcc-arm-10.3-2021.07-x86_64-aarch64-none-elf/bin/../lib/gcc/aarch64-none-elf/10.3.1/../../../../aarch64-none-elf/lib/libc.a(lib_a-wcsnrtombs.o)
                0x00000000b0111be0                _wcsnrtombs_l
 *fill*         0x00000000b0111d84        0xc 
 .text._wcsnrtombs_r
                0x00000000b0111d90       0x14 /home/lawrence/projects/Phytium2024-Local/phytium-dev-linux-x64/cross_tool/gcc-arm-10.3-2021.07-x86_64-aarch64-none-elf/bin/../lib/gcc/aarch64-none-elf/10.3.1/../../../../aarch64-none-elf/lib/libc.a(lib_a-wcsnrtombs.o)
                0x00000000b0111d90                _wcsnrtombs_r
 *fill*         0x00000000b0111da4        0xc 
 .text.__ascii_wctomb
                0x00000000b0111db0       0x34 /home/lawrence/projects/Phytium2024-Local/phytium-dev-linux-x64/cross_tool/gcc-arm-10.3-2021.07-x86_64-aarch64-none-elf/bin/../lib/gcc/aarch64-none-elf/10.3.1/../../../../aarch64-none-elf/lib/libc.a(lib_a-wctomb_r.o)
                0x00000000b0111db0                __ascii_wctomb
 *fill*         0x00000000b0111de4        0xc 
 .text._write_r
                0x00000000b0111df0       0x60 /home/lawrence/projects/Phytium2024-Local/phytium-dev-linux-x64/cross_tool/gcc-arm-10.3-2021.07-x86_64-aarch64-none-elf/bin/../lib/gcc/aarch64-none-elf/10.3.1/../../../../aarch64-none-elf/lib/libc.a(lib_a-writer.o)
                0x00000000b0111df0                _write_r
 .text.__assert_func
                0x00000000b0111e50       0x54 /home/lawrence/projects/Phytium2024-Local/phytium-dev-linux-x64/cross_tool/gcc-arm-10.3-2021.07-x86_64-aarch64-none-elf/bin/../lib/gcc/aarch64-none-elf/10.3.1/../../../../aarch64-none-elf/lib/libc.a(lib_a-assert.o)
                0x00000000b0111e50                __assert_func
 *fill*         0x00000000b0111ea4        0xc 
 .text._calloc_r
                0x00000000b0111eb0       0xb0 /home/lawrence/projects/Phytium2024-Local/phytium-dev-linux-x64/cross_tool/gcc-arm-10.3-2021.07-x86_64-aarch64-none-elf/bin/../lib/gcc/aarch64-none-elf/10.3.1/../../../../aarch64-none-elf/lib/libc.a(lib_a-callocr.o)
                0x00000000b0111eb0                _calloc_r
 .text._close_r
                0x00000000b0111f60       0x4c /home/lawrence/projects/Phytium2024-Local/phytium-dev-linux-x64/cross_tool/gcc-arm-10.3-2021.07-x86_64-aarch64-none-elf/bin/../lib/gcc/aarch64-none-elf/10.3.1/../../../../aarch64-none-elf/lib/libc.a(lib_a-closer.o)
                0x00000000b0111f60                _close_r
 *fill*         0x00000000b0111fac        0x4 
 .text._fclose_r.part.0
                0x00000000b0111fb0       0xa8 /home/lawrence/projects/Phytium2024-Local/phytium-dev-linux-x64/cross_tool/gcc-arm-10.3-2021.07-x86_64-aarch64-none-elf/bin/../lib/gcc/aarch64-none-elf/10.3.1/../../../../aarch64-none-elf/lib/libc.a(lib_a-fclose.o)
 *fill*         0x00000000b0112058        0x8 
 .text._fclose_r
                0x00000000b0112060       0x68 /home/lawrence/projects/Phytium2024-Local/phytium-dev-linux-x64/cross_tool/gcc-arm-10.3-2021.07-x86_64-aarch64-none-elf/bin/../lib/gcc/aarch64-none-elf/10.3.1/../../../../aarch64-none-elf/lib/libc.a(lib_a-fclose.o)
                0x00000000b0112060                _fclose_r
 *fill*         0x00000000b01120c8        0x8 
 .text.fiprintf
                0x00000000b01120d0       0x88 /home/lawrence/projects/Phytium2024-Local/phytium-dev-linux-x64/cross_tool/gcc-arm-10.3-2021.07-x86_64-aarch64-none-elf/bin/../lib/gcc/aarch64-none-elf/10.3.1/../../../../aarch64-none-elf/lib/libc.a(lib_a-fiprintf.o)
                0x00000000b01120d0                fiprintf
 *fill*         0x00000000b0112158        0x8 
 .text.__fputwc
                0x00000000b0112160      0x10c /home/lawrence/projects/Phytium2024-Local/phytium-dev-linux-x64/cross_tool/gcc-arm-10.3-2021.07-x86_64-aarch64-none-elf/bin/../lib/gcc/aarch64-none-elf/10.3.1/../../../../aarch64-none-elf/lib/libc.a(lib_a-fputwc.o)
                0x00000000b0112160                __fputwc
 *fill*         0x00000000b011226c        0x4 
 .text._fputwc_r
                0x00000000b0112270       0x20 /home/lawrence/projects/Phytium2024-Local/phytium-dev-linux-x64/cross_tool/gcc-arm-10.3-2021.07-x86_64-aarch64-none-elf/bin/../lib/gcc/aarch64-none-elf/10.3.1/../../../../aarch64-none-elf/lib/libc.a(lib_a-fputwc.o)
                0x00000000b0112270                _fputwc_r
 .text._fstat_r
                0x00000000b0112290       0x50 /home/lawrence/projects/Phytium2024-Local/phytium-dev-linux-x64/cross_tool/gcc-arm-10.3-2021.07-x86_64-aarch64-none-elf/bin/../lib/gcc/aarch64-none-elf/10.3.1/../../../../aarch64-none-elf/lib/libc.a(lib_a-fstatr.o)
                0x00000000b0112290                _fstat_r
 .text.__sfvwrite_r
                0x00000000b01122e0      0x4a8 /home/lawrence/projects/Phytium2024-Local/phytium-dev-linux-x64/cross_tool/gcc-arm-10.3-2021.07-x86_64-aarch64-none-elf/bin/../lib/gcc/aarch64-none-elf/10.3.1/../../../../aarch64-none-elf/lib/libc.a(lib_a-fvwrite.o)
                0x00000000b01122e0                __sfvwrite_r
 *fill*         0x00000000b0112788        0x8 
 .text._isatty_r
                0x00000000b0112790       0x4c /home/lawrence/projects/Phytium2024-Local/phytium-dev-linux-x64/cross_tool/gcc-arm-10.3-2021.07-x86_64-aarch64-none-elf/bin/../lib/gcc/aarch64-none-elf/10.3.1/../../../../aarch64-none-elf/lib/libc.a(lib_a-isattyr.o)
                0x00000000b0112790                _isatty_r
 *fill*         0x00000000b01127dc        0x4 
 .text._lseek_r
                0x00000000b01127e0       0x54 /home/lawrence/projects/Phytium2024-Local/phytium-dev-linux-x64/cross_tool/gcc-arm-10.3-2021.07-x86_64-aarch64-none-elf/bin/../lib/gcc/aarch64-none-elf/10.3.1/../../../../aarch64-none-elf/lib/libc.a(lib_a-lseekr.o)
                0x00000000b01127e0                _lseek_r
 *fill*         0x00000000b0112834        0xc 
 .text._read_r  0x00000000b0112840       0x60 /home/lawrence/projects/Phytium2024-Local/phytium-dev-linux-x64/cross_tool/gcc-arm-10.3-2021.07-x86_64-aarch64-none-elf/bin/../lib/gcc/aarch64-none-elf/10.3.1/../../../../aarch64-none-elf/lib/libc.a(lib_a-readr.o)
                0x00000000b0112840                _read_r
 .text._realloc_r
                0x00000000b01128a0      0x534 /home/lawrence/projects/Phytium2024-Local/phytium-dev-linux-x64/cross_tool/gcc-arm-10.3-2021.07-x86_64-aarch64-none-elf/bin/../lib/gcc/aarch64-none-elf/10.3.1/../../../../aarch64-none-elf/lib/libc.a(lib_a-reallocr.o)
                0x00000000b01128a0                _realloc_r
 *fill*         0x00000000b0112dd4        0xc 
 .text.__swbuf_r
                0x00000000b0112de0      0x140 /home/lawrence/projects/Phytium2024-Local/phytium-dev-linux-x64/cross_tool/gcc-arm-10.3-2021.07-x86_64-aarch64-none-elf/bin/../lib/gcc/aarch64-none-elf/10.3.1/../../../../aarch64-none-elf/lib/libc.a(lib_a-wbuf.o)
                0x00000000b0112de0                __swbuf_r
 .text.abort    0x00000000b0112f20       0x18 /home/lawrence/projects/Phytium2024-Local/phytium-dev-linux-x64/cross_tool/gcc-arm-10.3-2021.07-x86_64-aarch64-none-elf/bin/../lib/gcc/aarch64-none-elf/10.3.1/../../../../aarch64-none-elf/lib/libc.a(lib_a-abort.o)
                0x00000000b0112f20                abort
 *fill*         0x00000000b0112f38        0x8 
 .text.raise    0x00000000b0112f40       0xb4 /home/lawrence/projects/Phytium2024-Local/phytium-dev-linux-x64/cross_tool/gcc-arm-10.3-2021.07-x86_64-aarch64-none-elf/bin/../lib/gcc/aarch64-none-elf/10.3.1/../../../../aarch64-none-elf/lib/libc.a(lib_a-signal.o)
                0x00000000b0112f40                raise
 *fill*         0x00000000b0112ff4        0xc 
 .text._kill_r  0x00000000b0113000       0x50 /home/lawrence/projects/Phytium2024-Local/phytium-dev-linux-x64/cross_tool/gcc-arm-10.3-2021.07-x86_64-aarch64-none-elf/bin/../lib/gcc/aarch64-none-elf/10.3.1/../../../../aarch64-none-elf/lib/libc.a(lib_a-signalr.o)
                0x00000000b0113000                _kill_r
 .text._getpid_r
                0x00000000b0113050        0x4 /home/lawrence/projects/Phytium2024-Local/phytium-dev-linux-x64/cross_tool/gcc-arm-10.3-2021.07-x86_64-aarch64-none-elf/bin/../lib/gcc/aarch64-none-elf/10.3.1/../../../../aarch64-none-elf/lib/libc.a(lib_a-signalr.o)
                0x00000000b0113050                _getpid_r
 *fill*         0x00000000b0113054        0xc 
 .text.__trunctfdf2
                0x00000000b0113060      0x310 /home/lawrence/projects/Phytium2024-Local/phytium-dev-linux-x64/cross_tool/gcc-arm-10.3-2021.07-x86_64-aarch64-none-elf/bin/../lib/gcc/aarch64-none-elf/10.3.1/libgcc.a(trunctfdf2.o)
                0x00000000b0113060                __trunctfdf2
 .text.__sfp_handle_exceptions
                0x00000000b0113370       0x70 /home/lawrence/projects/Phytium2024-Local/phytium-dev-linux-x64/cross_tool/gcc-arm-10.3-2021.07-x86_64-aarch64-none-elf/bin/../lib/gcc/aarch64-none-elf/10.3.1/libgcc.a(sfp-exceptions.o)
                0x00000000b0113370                __sfp_handle_exceptions
 *(.gnu.linkonce.t.*)
 *(.plt)
 *(.gnu_warning)
 *(.gcc_execpt_table)
 *(.glue_7)
 *(.glue_7t)
 *(.ARM.extab)
 *(.gnu.linkonce.armextab.*)

.iplt           0x00000000b01133e0        0x0
 .iplt          0x00000000b01133e0        0x0 /home/lawrence/projects/Phytium2024-Local/slavedevice/FREERTOS-prjfiles/dht11_original/build/lib_rtos_driver.a(fgpio_os.o)

.got
 *(.got)

.got1
 *(.got1)

.got2
 *(.got2)

.note.gnu.build-id
 *(.note.gnu.build-id)

.init
 *(.init)

.fini
 *(.fini)

.interp         0x00000000b01133e0        0x0
                0x00000000b01133e0                __interp_start = .
 *(.interp)
                0x00000000b01133e0                __interp_end = .

.note-ABI-tag   0x00000000b01133e0        0x0
                0x00000000b01133e0                __note-ABI-tag_start = .
 *(.note-ABI-tag)
                0x00000000b01133e0                __note-ABI-tag_end = .

.preinit_array  0x00000000b01133e0        0x0
                0x00000000b01133e0                __preinit_array_start = .
 *(SORT_BY_NAME(.preinit_array.*))
 *(.preinit_array)
                0x00000000b01133e0                __preinit_array_end = .

.init_array     0x00000000b01133e0        0x0
                0x00000000b01133e0                __init_array_start = .
 *(SORT_BY_NAME(.init_array.*))
 *(.init_array)
                0x00000000b01133e0                __init_array_end = .

.fini_array     0x00000000b01133e0        0x0
                0x00000000b01133e0                __fini_array_start = .
 *(SORT_BY_NAME(.fini_array.*))
 *(.fini_array)
                0x00000000b01133e0                __fini_array_end = .

.ARM.exidx      0x00000000b01133e0        0x0
                0x00000000b01133e0                __exidx_start = .
 *(.ARM.exidx* .gnu.linkonce.armexidx.*)
                0x00000000b01133e0                __exidx_end = .

.rodata         0x00000000b0113400     0x2371
                0x00000000b0113400                __rodata_start = .
 *(.rodata)
 *(.rodata.*)
 .rodata.FGpioOsTakeSema.str1.1
                0x00000000b0113400       0xa2 /home/lawrence/projects/Phytium2024-Local/slavedevice/FREERTOS-prjfiles/dht11_original/build/lib_rtos_driver.a(fgpio_os.o)
 .rodata.FFreeRTOSGpioInit.str1.1
                0x00000000b01134a2       0x39 /home/lawrence/projects/Phytium2024-Local/slavedevice/FREERTOS-prjfiles/dht11_original/build/lib_rtos_driver.a(fgpio_os.o)
 .rodata.FFreeRTOSSetupPin.str1.1
                0x00000000b01134db       0x54 /home/lawrence/projects/Phytium2024-Local/slavedevice/FREERTOS-prjfiles/dht11_original/build/lib_rtos_driver.a(fgpio_os.o)
 .rodata.prvNotifyQueueSetContainer.str1.1
                0x00000000b011352f       0x53 /home/lawrence/projects/Phytium2024-Local/slavedevice/FREERTOS-prjfiles/dht11_original/build/lib_freertos.a(queue.o)
 .rodata.prvTaskIsTaskSuspended.str1.1
                0x00000000b0113582       0x53 /home/lawrence/projects/Phytium2024-Local/slavedevice/FREERTOS-prjfiles/dht11_original/build/lib_freertos.a(tasks.o)
 .rodata.vTaskStartScheduler.str1.1
                0x00000000b01135d5        0x5 /home/lawrence/projects/Phytium2024-Local/slavedevice/FREERTOS-prjfiles/dht11_original/build/lib_freertos.a(tasks.o)
 .rodata.prvTimerTask.str1.1
                0x00000000b01135da       0x54 /home/lawrence/projects/Phytium2024-Local/slavedevice/FREERTOS-prjfiles/dht11_original/build/lib_freertos.a(timers.o)
 *fill*         0x00000000b011362e        0x2 
 .rodata.prvTimerTask
                0x00000000b0113630        0x9 /home/lawrence/projects/Phytium2024-Local/slavedevice/FREERTOS-prjfiles/dht11_original/build/lib_freertos.a(timers.o)
 .rodata.xTimerCreateTimerTask.str1.1
                0x00000000b0113639        0x8 /home/lawrence/projects/Phytium2024-Local/slavedevice/FREERTOS-prjfiles/dht11_original/build/lib_freertos.a(timers.o)
 .rodata.pvPortMalloc.str1.1
                0x00000000b0113641       0x65 /home/lawrence/projects/Phytium2024-Local/slavedevice/FREERTOS-prjfiles/dht11_original/build/lib_freertos.a(heap_4.o)
 .rodata.vMainAssertCalled.str1.1
                0x00000000b01136a6       0x1c /home/lawrence/projects/Phytium2024-Local/slavedevice/FREERTOS-prjfiles/dht11_original/build/lib_freertos.a(freertos_configs.o)
 .rodata.vApplicationMallocFailedHook.str1.1
                0x00000000b01136c2       0x18 /home/lawrence/projects/Phytium2024-Local/slavedevice/FREERTOS-prjfiles/dht11_original/build/lib_freertos.a(freertos_configs.o)
 .rodata.xPortStartScheduler.str1.1
                0x00000000b01136da       0x73 /home/lawrence/projects/Phytium2024-Local/slavedevice/FREERTOS-prjfiles/dht11_original/build/lib_freertos.a(port.o)
 .rodata.vTaskSwitchSPx.str1.1
                0x00000000b011374d       0x23 /home/lawrence/projects/Phytium2024-Local/slavedevice/FREERTOS-prjfiles/dht11_original/build/lib_freertos.a(port.o)
 .rodata.backtrace.str1.1
                0x00000000b0113770       0xc9 /home/lawrence/projects/Phytium2024-Local/slavedevice/FREERTOS-prjfiles/dht11_original/build/lib_backtrace.a(backtrace.o)
 .rodata.main.str1.1
                0x00000000b0113839       0x2a /home/lawrence/projects/Phytium2024-Local/slavedevice/FREERTOS-prjfiles/dht11_original/build/libuser.a(main.o)
 .rodata.DHT11_IO_Init_OUT.str1.1
                0x00000000b0113863       0x80 /home/lawrence/projects/Phytium2024-Local/slavedevice/FREERTOS-prjfiles/dht11_original/build/libuser.a(dht11.o)
 .rodata.DHT11_IO_Init_IN.str1.1
                0x00000000b01138e3       0x1c /home/lawrence/projects/Phytium2024-Local/slavedevice/FREERTOS-prjfiles/dht11_original/build/libuser.a(dht11.o)
 .rodata.DHT11_Read_Data.str1.1
                0x00000000b01138ff        0xe /home/lawrence/projects/Phytium2024-Local/slavedevice/FREERTOS-prjfiles/dht11_original/build/libuser.a(dht11.o)
 .rodata.AppTask.str1.1
                0x00000000b011390d       0x1f /home/lawrence/projects/Phytium2024-Local/slavedevice/FREERTOS-prjfiles/dht11_original/build/libuser.a(dht11.o)
 .rodata.FIOPadSetSpimMux.str1.1
                0x00000000b011392c       0x8f /home/lawrence/projects/Phytium2024-Local/slavedevice/FREERTOS-prjfiles/dht11_original/build/lib_board.a(fio_mux.o)
 .rodata.FIOPadSetGpioMux.str1.1
                0x00000000b01139bb       0x4f /home/lawrence/projects/Phytium2024-Local/slavedevice/FREERTOS-prjfiles/dht11_original/build/lib_board.a(fio_mux.o)
 *fill*         0x00000000b0113a0a        0x2 
 .rodata.FIOPadSetGpioMux
                0x00000000b0113a0c        0xb /home/lawrence/projects/Phytium2024-Local/slavedevice/FREERTOS-prjfiles/dht11_original/build/lib_board.a(fio_mux.o)
 .rodata.FGicWaitRwp.str1.1
                0x00000000b0113a17       0x8a /home/lawrence/projects/Phytium2024-Local/slavedevice/FREERTOS-prjfiles/dht11_original/build/libdrivers.a(fgic.o)
 .rodata.FGicIntEnable.str1.1
                0x00000000b0113aa1       0x47 /home/lawrence/projects/Phytium2024-Local/slavedevice/FREERTOS-prjfiles/dht11_original/build/libdrivers.a(fgic.o)
 .rodata.FGicSetPriority.str1.1
                0x00000000b0113ae8       0x49 /home/lawrence/projects/Phytium2024-Local/slavedevice/FREERTOS-prjfiles/dht11_original/build/libdrivers.a(fgic.o)
 .rodata.FGicSetSpiAffinityRouting.str1.1
                0x00000000b0113b31       0x34 /home/lawrence/projects/Phytium2024-Local/slavedevice/FREERTOS-prjfiles/dht11_original/build/libdrivers.a(fgic.o)
 .rodata.FIOPadGetFunc.str1.1
                0x00000000b0113b65       0x7b /home/lawrence/projects/Phytium2024-Local/slavedevice/FREERTOS-prjfiles/dht11_original/build/libdrivers.a(fiopad.o)
 .rodata.FIOPadSetFunc.str1.1
                0x00000000b0113be0       0x6d /home/lawrence/projects/Phytium2024-Local/slavedevice/FREERTOS-prjfiles/dht11_original/build/libdrivers.a(fiopad.o)
 .rodata.FIOPadLookupConfig.str1.1
                0x00000000b0113c4d       0x65 /home/lawrence/projects/Phytium2024-Local/slavedevice/FREERTOS-prjfiles/dht11_original/build/libdrivers.a(fiopad_sinit.o)
 .rodata.FGpioWriteRegVal.part.0.str1.1
                0x00000000b0113cb2       0x5b /home/lawrence/projects/Phytium2024-Local/slavedevice/FREERTOS-prjfiles/dht11_original/build/libdrivers.a(fgpio.o)
 .rodata.FGpioCfgInitialize.str1.1
                0x00000000b0113d0d       0x38 /home/lawrence/projects/Phytium2024-Local/slavedevice/FREERTOS-prjfiles/dht11_original/build/libdrivers.a(fgpio.o)
 .rodata.FGpioPinInitialize.str1.1
                0x00000000b0113d45       0x9b /home/lawrence/projects/Phytium2024-Local/slavedevice/FREERTOS-prjfiles/dht11_original/build/libdrivers.a(fgpio.o)
 .rodata.FGpioSetDirection.str1.1
                0x00000000b0113de0       0x24 /home/lawrence/projects/Phytium2024-Local/slavedevice/FREERTOS-prjfiles/dht11_original/build/libdrivers.a(fgpio.o)
 .rodata.FGpioPinDeInitialize.str1.1
                0x00000000b0113e04       0x15 /home/lawrence/projects/Phytium2024-Local/slavedevice/FREERTOS-prjfiles/dht11_original/build/libdrivers.a(fgpio.o)
 .rodata.FGpioSetOutputValue.str1.1
                0x00000000b0113e19       0x6c /home/lawrence/projects/Phytium2024-Local/slavedevice/FREERTOS-prjfiles/dht11_original/build/libdrivers.a(fgpio.o)
 .rodata.FGpioGetInputValue.str1.1
                0x00000000b0113e85       0x47 /home/lawrence/projects/Phytium2024-Local/slavedevice/FREERTOS-prjfiles/dht11_original/build/libdrivers.a(fgpio.o)
 .rodata.FGpioGetInterruptMask.str1.1
                0x00000000b0113ecc       0x60 /home/lawrence/projects/Phytium2024-Local/slavedevice/FREERTOS-prjfiles/dht11_original/build/libdrivers.a(fgpio_intr.o)
 .rodata.FGpioSetInterruptMask.str1.1
                0x00000000b0113f2c       0x4f /home/lawrence/projects/Phytium2024-Local/slavedevice/FREERTOS-prjfiles/dht11_original/build/libdrivers.a(fgpio_intr.o)
 .rodata.FGpioInterruptHandler.str1.1
                0x00000000b0113f7b       0x21 /home/lawrence/projects/Phytium2024-Local/slavedevice/FREERTOS-prjfiles/dht11_original/build/libdrivers.a(fgpio_intr.o)
 .rodata.FPl011StubHandler.str1.1
                0x00000000b0113f9c       0x60 /home/lawrence/projects/Phytium2024-Local/slavedevice/FREERTOS-prjfiles/dht11_original/build/libdrivers.a(fpl011.o)
 *fill*         0x00000000b0113ffc        0x4 
 .rodata.FPl011ConfigTable
                0x00000000b0114000       0x80 /home/lawrence/projects/Phytium2024-Local/slavedevice/FREERTOS-prjfiles/dht11_original/build/libdrivers.a(fpl011_g.o)
                0x00000000b0114000                FPl011ConfigTable
 .rodata.FPl011SetOptions.str1.1
                0x00000000b0114080       0x68 /home/lawrence/projects/Phytium2024-Local/slavedevice/FREERTOS-prjfiles/dht11_original/build/libdrivers.a(fpl011_options.o)
 .rodata.option_table
                0x00000000b01140e8       0x78 /home/lawrence/projects/Phytium2024-Local/slavedevice/FREERTOS-prjfiles/dht11_original/build/libdrivers.a(fpl011_options.o)
 .rodata.FExcPrintEcCause.str1.1
                0x00000000b0114160      0x6b9 /home/lawrence/projects/Phytium2024-Local/slavedevice/FREERTOS-prjfiles/dht11_original/build/libarch.a(fexception.o)
                                        0x6bc (size before relaxing)
 *fill*         0x00000000b0114819        0x3 
 .rodata.FExcPrintEcCause
                0x00000000b011481c       0x3d /home/lawrence/projects/Phytium2024-Local/slavedevice/FREERTOS-prjfiles/dht11_original/build/libarch.a(fexception.o)
 .rodata.FExcShowRegister.str1.1
                0x00000000b0114859      0x145 /home/lawrence/projects/Phytium2024-Local/slavedevice/FREERTOS-prjfiles/dht11_original/build/libarch.a(fexception.o)
 .rodata.SynchronousInterrupt.str1.1
                0x00000000b011499e       0x5b /home/lawrence/projects/Phytium2024-Local/slavedevice/FREERTOS-prjfiles/dht11_original/build/libarch.a(fexception.o)
 .rodata.SErrorInterrupt.str1.1
                0x00000000b01149f9       0x51 /home/lawrence/projects/Phytium2024-Local/slavedevice/FREERTOS-prjfiles/dht11_original/build/libarch.a(fexception.o)
 .rodata.FExceptionInterruptHandler.str1.1
                0x00000000b0114a4a       0x17 /home/lawrence/projects/Phytium2024-Local/slavedevice/FREERTOS-prjfiles/dht11_original/build/libarch.a(fexception.o)
 .rodata.FIQInterrupt.str1.1
                0x00000000b0114a61       0x61 /home/lawrence/projects/Phytium2024-Local/slavedevice/FREERTOS-prjfiles/dht11_original/build/libarch.a(fexception.o)
 .rodata.__func__.0
                0x00000000b0114ac2       0x10 /home/lawrence/projects/Phytium2024-Local/slavedevice/FREERTOS-prjfiles/dht11_original/build/libarch.a(fexception.o)
 .rodata.__func__.1