Archive member included to satisfy reference by file (symbol)

/mnt/e/phytium-dev-windows-nt/slavedevice/FREERTOS-prjfiles/sht20/build/lib_rtos_driver.a(fi2c_os.o)
                              (--whole-archive)
/mnt/e/phytium-dev-windows-nt/slavedevice/FREERTOS-prjfiles/sht20/build/lib_rtos_driver.a(fpl011_os.o)
                              (--whole-archive)
/mnt/e/phytium-dev-windows-nt/slavedevice/FREERTOS-prjfiles/sht20/build/lib_freertos.a(croutine.o)
                              (--whole-archive)
/mnt/e/phytium-dev-windows-nt/slavedevice/FREERTOS-prjfiles/sht20/build/lib_freertos.a(event_groups.o)
                              (--whole-archive)
/mnt/e/phytium-dev-windows-nt/slavedevice/FREERTOS-prjfiles/sht20/build/lib_freertos.a(list.o)
                              (--whole-archive)
/mnt/e/phytium-dev-windows-nt/slavedevice/FREERTOS-prjfiles/sht20/build/lib_freertos.a(queue.o)
                              (--whole-archive)
/mnt/e/phytium-dev-windows-nt/slavedevice/FREERTOS-prjfiles/sht20/build/lib_freertos.a(stream_buffer.o)
                              (--whole-archive)
/mnt/e/phytium-dev-windows-nt/slavedevice/FREERTOS-prjfiles/sht20/build/lib_freertos.a(tasks.o)
                              (--whole-archive)
/mnt/e/phytium-dev-windows-nt/slavedevice/FREERTOS-prjfiles/sht20/build/lib_freertos.a(timers.o)
                              (--whole-archive)
/mnt/e/phytium-dev-windows-nt/slavedevice/FREERTOS-prjfiles/sht20/build/lib_freertos.a(heap_4.o)
                              (--whole-archive)
/mnt/e/phytium-dev-windows-nt/slavedevice/FREERTOS-prjfiles/sht20/build/lib_freertos.a(freertos_configs.o)
                              (--whole-archive)
/mnt/e/phytium-dev-windows-nt/slavedevice/FREERTOS-prjfiles/sht20/build/lib_freertos.a(port.o)
                              (--whole-archive)
/mnt/e/phytium-dev-windows-nt/slavedevice/FREERTOS-prjfiles/sht20/build/lib_freertos.a(freertos_vectors.o)
                              (--whole-archive)
/mnt/e/phytium-dev-windows-nt/slavedevice/FREERTOS-prjfiles/sht20/build/lib_freertos.a(portASM.o)
                              (--whole-archive)
/mnt/e/phytium-dev-windows-nt/slavedevice/FREERTOS-prjfiles/sht20/build/lib_letter_shell.a(shell.o)
                              (--whole-archive)
/mnt/e/phytium-dev-windows-nt/slavedevice/FREERTOS-prjfiles/sht20/build/lib_letter_shell.a(shell_cmd_list.o)
                              (--whole-archive)
/mnt/e/phytium-dev-windows-nt/slavedevice/FREERTOS-prjfiles/sht20/build/lib_letter_shell.a(shell_companion.o)
                              (--whole-archive)
/mnt/e/phytium-dev-windows-nt/slavedevice/FREERTOS-prjfiles/sht20/build/lib_letter_shell.a(shell_ext.o)
                              (--whole-archive)
/mnt/e/phytium-dev-windows-nt/slavedevice/FREERTOS-prjfiles/sht20/build/lib_letter_shell.a(shell_port.o)
                              (--whole-archive)
/mnt/e/phytium-dev-windows-nt/slavedevice/FREERTOS-prjfiles/sht20/build/lib_letter_shell.a(fpl011_os_port.o)
                              (--whole-archive)
/mnt/e/phytium-dev-windows-nt/slavedevice/FREERTOS-prjfiles/sht20/build/lib_letter_shell.a(cmd_bootelf.o)
                              (--whole-archive)
/mnt/e/phytium-dev-windows-nt/slavedevice/FREERTOS-prjfiles/sht20/build/lib_letter_shell.a(cmd_codeloader.o)
                              (--whole-archive)
/mnt/e/phytium-dev-windows-nt/slavedevice/FREERTOS-prjfiles/sht20/build/lib_letter_shell.a(cmd_echo.o)
                              (--whole-archive)
/mnt/e/phytium-dev-windows-nt/slavedevice/FREERTOS-prjfiles/sht20/build/lib_letter_shell.a(cmd_md.o)
                              (--whole-archive)
/mnt/e/phytium-dev-windows-nt/slavedevice/FREERTOS-prjfiles/sht20/build/lib_letter_shell.a(cmd_mw.o)
                              (--whole-archive)
/mnt/e/phytium-dev-windows-nt/slavedevice/FREERTOS-prjfiles/sht20/build/lib_letter_shell.a(cmd_reboot.o)
                              (--whole-archive)
/mnt/e/phytium-dev-windows-nt/slavedevice/FREERTOS-prjfiles/sht20/build/lib_letter_shell.a(cmd_rw.o)
                              (--whole-archive)
/mnt/e/phytium-dev-windows-nt/slavedevice/FREERTOS-prjfiles/sht20/build/lib_letter_shell.a(cmd_sleep.o)
                              (--whole-archive)
/mnt/e/phytium-dev-windows-nt/slavedevice/FREERTOS-prjfiles/sht20/build/lib_letter_shell.a(cmd_version.o)
                              (--whole-archive)
/mnt/e/phytium-dev-windows-nt/slavedevice/FREERTOS-prjfiles/sht20/build/lib_letter_shell.a(cmd_ps.o)
                              (--whole-archive)
/mnt/e/phytium-dev-windows-nt/slavedevice/FREERTOS-prjfiles/sht20/build/lib_backtrace.a(backtrace.o)
                              (--whole-archive)
/mnt/e/phytium-dev-windows-nt/slavedevice/FREERTOS-prjfiles/sht20/build/libuser.a(main.o)
                              (--whole-archive)
/mnt/e/phytium-dev-windows-nt/slavedevice/FREERTOS-prjfiles/sht20/build/libuser.a(cmd_i2c.o)
[...]
Memory Configuration

Name             Origin             Length             Attributes
MEMORY_SPACE     0x0000000080100000 0x0000000001000000 xrw
*default*        0x0000000000000000 0xffffffffffffffff

Linker script and memory map

START GROUP
LOAD /mnt/e/phytium-dev-linux-x64/cross_tool/gcc-arm-10.3-2021.07-x86_64-aarch64-none-elf/bin/../lib/gcc/aarch64-none-elf/10.3.1/libgcc.a
LOAD /mnt/e/phytium-dev-linux-x64/cross_tool/gcc-arm-10.3-2021.07-x86_64-aarch64-none-elf/bin/../lib/gcc/aarch64-none-elf/10.3.1/../../../../aarch64-none-elf/lib/libc.a
LOAD /mnt/e/phytium-dev-linux-x64/cross_tool/gcc-arm-10.3-2021.07-x86_64-aarch64-none-elf/bin/../lib/gcc/aarch64-none-elf/10.3.1/../../../../aarch64-none-elf/lib/libm.a
LOAD /mnt/e/phytium-dev-windows-nt/slavedevice/FREERTOS-prjfiles/sht20/build/lib_rtos_driver.a
LOAD /mnt/e/phytium-dev-windows-nt/slavedevice/FREERTOS-prjfiles/sht20/build/lib_freertos.a
LOAD /mnt/e/phytium-dev-windows-nt/slavedevice/FREERTOS-prjfiles/sht20/build/lib_letter_shell.a
LOAD /mnt/e/phytium-dev-windows-nt/slavedevice/FREERTOS-prjfiles/sht20/build/lib_backtrace.a
LOAD /mnt/e/phytium-dev-windows-nt/slavedevice/FREERTOS-prjfiles/sht20/build/libuser.a
LOAD /mnt/e/phytium-dev-windows-nt/slavedevice/FREERTOS-prjfiles/sht20/build/lib_board.a
LOAD /mnt/e/phytium-dev-windows-nt/slavedevice/FREERTOS-prjfiles/sht20/build/libdrivers.a
LOAD /mnt/e/phytium-dev-windows-nt/slavedevice/FREERTOS-prjfiles/sht20/build/libarch.a
LOAD /mnt/e/phytium-dev-windows-nt/slavedevice/FREERTOS-prjfiles/sht20/build/libcommon.a
LOAD /mnt/e/phytium-dev-windows-nt/slavedevice/FREERTOS-prjfiles/sht20/build/libsoc.a
LOAD /mnt/e/phytium-dev-windows-nt/slavedevice/FREERTOS-prjfiles/sht20/build/lib_syscall.a
END GROUP
LOAD /mnt/e/phytium-dev-linux-x64/cross_tool/gcc-arm-10.3-2021.07-x86_64-aarch64-none-elf/bin/../lib/gcc/aarch64-none-elf/10.3.1/libgcc.a
LOAD /mnt/e/phytium-dev-linux-x64/cross_tool/gcc-arm-10.3-2021.07-x86_64-aarch64-none-elf/bin/../lib/gcc/aarch64-none-elf/10.3.1/../../../../aarch64-none-elf/lib/libc.a
LOAD /mnt/e/phytium-dev-linux-x64/cross_tool/gcc-arm-10.3-2021.07-x86_64-aarch64-none-elf/bin/../lib/gcc/aarch64-none-elf/10.3.1/libgcc.a

.text           0x0000000080100000    0x1bbd0
 *(.vectors)
 .vectors       0x0000000080100000      0x718 /mnt/e/phytium-dev-windows-nt/slavedevice/FREERTOS-prjfiles/sht20/build/libarch.a(fvectors.o)
                0x0000000080100000                _vector_table
                0x0000000080100618                SErrorInterruptHandler
 *(.boot)
 .boot          0x0000000080100718      0x168 /mnt/e/phytium-dev-windows-nt/slavedevice/FREERTOS-prjfiles/sht20/build/libarch.a(fboot.o)
                0x0000000080100718                _boot
 *(.text)
 *fill*         0x0000000080100880       0x80 
 .text          0x0000000080100900      0x948 /mnt/e/phytium-dev-windows-nt/slavedevice/FREERTOS-prjfiles/sht20/build/lib_freertos.a(portASM.o)
                0x0000000080100900                vSynchronousInterruptHandler
                0x0000000080100c00                vSynchronousInterruptHandlerSPx
                0x0000000080100c90                vSErrorInterruptHandler
                0x0000000080100e00                vPortRestoreTaskContext
                0x0000000080100f00                FreeRTOS_IRQ_Handler
 .text          0x0000000080101248      0x1ac /mnt/e/phytium-dev-windows-nt/slavedevice/FREERTOS-prjfiles/sht20/build/libdrivers.a(fgic_cpu_interface.o)
                0x0000000080101248                FGicSetICC_SRE_EL3
                0x0000000080101254                FGicSetICC_SRE_EL2
                0x0000000080101260                FGicSetICC_SRE_EL1
                0x000000008010126c                FGicGetICC_SRE_EL3
                0x0000000080101274                FGicGetICC_SRE_EL2
                0x000000008010127c                FGicGetICC_SRE_EL1
                0x0000000080101284                FGicEnableGroup0
                0x0000000080101294                FGicDisableGroup0
                0x00000000801012a4                FGicEnableGroup1_EL3
                0x00000000801012b4                FGicEnableGroup1_EL1
                0x00000000801012c4                FGicDisableGroup1_EL1
                0x00000000801012d4                FGicDisableGroup1_EL3
                0x00000000801012e4                FGicSetICC_CTLR_EL3
                0x00000000801012f0                FGicSetICC_CTLR_EL1
                0x00000000801012fc                FGicGetICC_CTLR_EL3
                0x0000000080101304                FGicGetICC_CTLR_EL1
                0x000000008010130c                FGicGetICC_APR0
                0x0000000080101314                FGicGetICC_APR1
                0x000000008010131c                FGicSetICC_EOIR0
                0x0000000080101328                FGicSetICC_EOIR1
                0x0000000080101334                FGicSetICC_DIR
                0x0000000080101340                FGicSetICC_PMR
                0x000000008010134c                FGicGetICC_PMR
                0x0000000080101354                FGicGetICC_BPR1
                0x000000008010135c                FGicSetICC_BPR1
                0x0000000080101368                FGicGetICC_BPR0
                0x0000000080101370                FGicSetICC_BPR0
                0x000000008010137c                FGicGetICC_HPPIR1
                0x0000000080101384                FGicSetICC_HPPIR1
                0x0000000080101390                FGicGetICC_HPPIR0
                0x0000000080101398                FGicSetICC_HPPIR0
                0x00000000801013a4                FGicGetICC_RPR
                0x00000000801013ac                FGicSetICC_SGI0R
                0x00000000801013c4                FGicSetICC_SGI1R
                0x00000000801013dc                FGicSetICC_ASGI1R
 *fill*         0x00000000801013f4        0xc 
 .text          0x0000000080101400      0x1c8 /mnt/e/phytium-dev-windows-nt/slavedevice/FREERTOS-prjfiles/sht20/build/libarch.a(fcrt0.o)
                0x0000000080101438                _startup
                0x0000000080101568                InvalidateFlushDcaches
 .text          0x00000000801015c8       0x18 /mnt/e/phytium-dev-windows-nt/slavedevice/FREERTOS-prjfiles/sht20/build/libarch.a(ftrace_uart.o)
                0x00000000801015c8                FTraceUartInit
                0x00000000801015cc                FTraceBootup
                0x00000000801015d0                FTraceEL3
                0x00000000801015d4                FTraceEL2
                0x00000000801015d8                FTraceEL1
                0x00000000801015dc                FTraceCEntry
 .text          0x00000000801015e0       0x30 /mnt/e/phytium-dev-windows-nt/slavedevice/FREERTOS-prjfiles/sht20/build/libsoc.a(fcpu_asm.o)
                0x00000000801015e0                GetAffinity
                0x00000000801015e8                ArchSpinLock
                0x0000000080101608                ArchSpinUnlock
 *fill*         0x0000000080101610       0x30 
 .text          0x0000000080101640      0x16c /mnt/e/phytium-dev-linux-x64/cross_tool/gcc-arm-10.3-2021.07-x86_64-aarch64-none-elf/bin/../lib/gcc/aarch64-none-elf/10.3.1/../../../../aarch64-none-elf/lib/libc.a(lib_a-memcpy.o)
                0x0000000080101640                memcpy
 *fill*         0x00000000801017ac       0x14 
 .text          0x00000000801017c0      0x1dc /mnt/e/phytium-dev-linux-x64/cross_tool/gcc-arm-10.3-2021.07-x86_64-aarch64-none-elf/bin/../lib/gcc/aarch64-none-elf/10.3.1/../../../../aarch64-none-elf/lib/libc.a(lib_a-memset.o)
                0x00000000801017c0                memset
 *fill*         0x000000008010199c       0x24 
 .text          0x00000000801019c0       0xe4 /mnt/e/phytium-dev-linux-x64/cross_tool/gcc-arm-10.3-2021.07-x86_64-aarch64-none-elf/bin/../lib/gcc/aarch64-none-elf/10.3.1/../../../../aarch64-none-elf/lib/libc.a(lib_a-strcmp.o)
                0x00000000801019c0                strcmp
 *fill*         0x0000000080101aa4       0x1c 
 .text          0x0000000080101ac0      0x1b8 /mnt/e/phytium-dev-linux-x64/cross_tool/gcc-arm-10.3-2021.07-x86_64-aarch64-none-elf/bin/../lib/gcc/aarch64-none-elf/10.3.1/../../../../aarch64-none-elf/lib/libc.a(lib_a-strcpy.o)
                0x0000000080101ac0                strcpy
 *fill*         0x0000000080101c78        0x8 
 .text          0x0000000080101c80      0x140 /mnt/e/phytium-dev-linux-x64/cross_tool/gcc-arm-10.3-2021.07-x86_64-aarch64-none-elf/bin/../lib/gcc/aarch64-none-elf/10.3.1/../../../../aarch64-none-elf/lib/libc.a(lib_a-strlen.o)
                0x0000000080101c80                strlen
 .text          0x0000000080101dc0      0x1d4 /mnt/e/phytium-dev-linux-x64/cross_tool/gcc-arm-10.3-2021.07-x86_64-aarch64-none-elf/bin/../lib/gcc/aarch64-none-elf/10.3.1/../../../../aarch64-none-elf/lib/libc.a(lib_a-strncmp.o)
                0x0000000080101ddc                strncmp
 .text          0x0000000080101f94       0xd8 /mnt/e/phytium-dev-linux-x64/cross_tool/gcc-arm-10.3-2021.07-x86_64-aarch64-none-elf/bin/../lib/gcc/aarch64-none-elf/10.3.1/../../../../aarch64-none-elf/lib/libc.a(lib_a-memchr.o)
                0x0000000080101f94                memchr
 *fill*         0x000000008010206c       0x14 
 .text          0x0000000080102080       0xac /mnt/e/phytium-dev-linux-x64/cross_tool/gcc-arm-10.3-2021.07-x86_64-aarch64-none-elf/bin/../lib/gcc/aarch64-none-elf/10.3.1/../../../../aarch64-none-elf/lib/libc.a(lib_a-memmove.o)
                0x0000000080102080                memmove
 *(.text.*)
 .text.FI2cOsSetupInterrupt
                0x000000008010212c       0x4c /mnt/e/phytium-dev-windows-nt/slavedevice/FREERTOS-prjfiles/sht20/build/lib_rtos_driver.a(fi2c_os.o)
 .text.FI2cOsResetInterrupt
                0x0000000080102178       0x1c /mnt/e/phytium-dev-windows-nt/slavedevice/FREERTOS-prjfiles/sht20/build/lib_rtos_driver.a(fi2c_os.o)
 .text.FFreeRTOSI2cInit
                0x0000000080102194      0x240 /mnt/e/phytium-dev-windows-nt/slavedevice/FREERTOS-prjfiles/sht20/build/lib_rtos_driver.a(fi2c_os.o)
                0x0000000080102194                FFreeRTOSI2cInit
 .text.FFreeRTOSI2cDeinit
                0x00000000801023d4      0x118 /mnt/e/phytium-dev-windows-nt/slavedevice/FREERTOS-prjfiles/sht20/build/lib_rtos_driver.a(fi2c_os.o)
                0x00000000801023d4                FFreeRTOSI2cDeinit
 .text.FFreeRTOSI2cTransfer
                0x00000000801024ec      0x2b8 /mnt/e/phytium-dev-windows-nt/slavedevice/FREERTOS-prjfiles/sht20/build/lib_rtos_driver.a(fi2c_os.o)
                0x00000000801024ec                FFreeRTOSI2cTransfer
 .text.FtFreeRtosUartCallback
                0x00000000801027a4       0xac /mnt/e/phytium-dev-windows-nt/slavedevice/FREERTOS-prjfiles/sht20/build/lib_rtos_driver.a(fpl011_os.o)
 .text.FtFreertosUartInit
                0x0000000080102850      0x234 /mnt/e/phytium-dev-windows-nt/slavedevice/FREERTOS-prjfiles/sht20/build/lib_rtos_driver.a(fpl011_os.o)
                0x0000000080102850                FtFreertosUartInit
 .text.FtFreertosUartReceiveBuffer
                0x0000000080102a84      0x188 /mnt/e/phytium-dev-windows-nt/slavedevice/FREERTOS-prjfiles/sht20/build/lib_rtos_driver.a(fpl011_os.o)
                0x0000000080102a84                FtFreertosUartReceiveBuffer
 .text.xEventGroupCreate
                0x0000000080102c0c       0x2c /mnt/e/phytium-dev-windows-nt/slavedevice/FREERTOS-prjfiles/sht20/build/lib_freertos.a(event_groups.o)
                0x0000000080102c0c                xEventGroupCreate
 .text.xEventGroupWaitBits
                0x0000000080102c38      0x13c /mnt/e/phytium-dev-windows-nt/slavedevice/FREERTOS-prjfiles/sht20/build/lib_freertos.a(event_groups.o)
                0x0000000080102c38                xEventGroupWaitBits
 .text.xEventGroupSetBits
                0x0000000080102d74       0xc0 /mnt/e/phytium-dev-windows-nt/slavedevice/FREERTOS-prjfiles/sht20/build/lib_freertos.a(event_groups.o)
                0x0000000080102d74                xEventGroupSetBits
 .text.vEventGroupSetBitsCallback
                0x0000000080102e34        0x8 /mnt/e/phytium-dev-windows-nt/slavedevice/FREERTOS-prjfiles/sht20/build/lib_freertos.a(event_groups.o)
                0x0000000080102e34                vEventGroupSetBitsCallback
 .text.vEventGroupDelete
                0x0000000080102e3c       0x98 /mnt/e/phytium-dev-windows-nt/slavedevice/FREERTOS-prjfiles/sht20/build/lib_freertos.a(event_groups.o)
                0x0000000080102e3c                vEventGroupDelete
 .text.xEventGroupSetBitsFromISR
                0x0000000080102ed4       0x18 /mnt/e/phytium-dev-windows-nt/slavedevice/FREERTOS-prjfiles/sht20/build/lib_freertos.a(event_groups.o)
                0x0000000080102ed4                xEventGroupSetBitsFromISR
 .text.vListInitialise
                0x0000000080102eec       0x18 /mnt/e/phytium-dev-windows-nt/slavedevice/FREERTOS-prjfiles/sht20/build/lib_freertos.a(list.o)
                0x0000000080102eec                vListInitialise
 .text.vListInitialiseItem
                0x0000000080102f04        0x8 /mnt/e/phytium-dev-windows-nt/slavedevice/FREERTOS-prjfiles/sht20/build/lib_freertos.a(list.o)
                0x0000000080102f04                vListInitialiseItem
 .text.vListInsertEnd
                0x0000000080102f0c       0x2c /mnt/e/phytium-dev-windows-nt/slavedevice/FREERTOS-prjfiles/sht20/build/lib_freertos.a(list.o)
                0x0000000080102f0c                vListInsertEnd
 .text.vListInsert
                0x0000000080102f38       0x54 /mnt/e/phytium-dev-windows-nt/slavedevice/FREERTOS-prjfiles/sht20/build/lib_freertos.a(list.o)
                0x0000000080102f38                vListInsert
 .text.uxListRemove
                0x0000000080102f8c       0x40 /mnt/e/phytium-dev-windows-nt/slavedevice/FREERTOS-prjfiles/sht20/build/lib_freertos.a(list.o)
                0x0000000080102f8c                uxListRemove
 .text.prvIsQueueEmpty
                0x0000000080102fcc       0x24 /mnt/e/phytium-dev-windows-nt/slavedevice/FREERTOS-prjfiles/sht20/build/lib_freertos.a(queue.o)
 .text.prvCopyDataToQueue
                0x0000000080102ff0       0xcc /mnt/e/phytium-dev-windows-nt/slavedevice/FREERTOS-prjfiles/sht20/build/lib_freertos.a(queue.o)
 .text.prvCopyDataFromQueue
                0x00000000801030bc       0x38 /mnt/e/phytium-dev-windows-nt/slavedevice/FREERTOS-prjfiles/sht20/build/lib_freertos.a(queue.o)
 .text.prvNotifyQueueSetContainer
                0x00000000801030f4       0xe4 /mnt/e/phytium-dev-windows-nt/slavedevice/FREERTOS-prjfiles/sht20/build/lib_freertos.a(queue.o)
 .text.prvUnlockQueue
                0x00000000801031d8       0xb8 /mnt/e/phytium-dev-windows-nt/slavedevice/FREERTOS-prjfiles/sht20/build/lib_freertos.a(queue.o)
 .text.xQueueGenericReset
                0x0000000080103290       0xc4 /mnt/e/phytium-dev-windows-nt/slavedevice/FREERTOS-prjfiles/sht20/build/lib_freertos.a(queue.o)
                0x0000000080103290                xQueueGenericReset
 .text.xQueueGenericCreateStatic
                0x0000000080103354       0xd0 /mnt/e/phytium-dev-windows-nt/slavedevice/FREERTOS-prjfiles/sht20/build/lib_freertos.a(queue.o)
                0x0000000080103354                xQueueGenericCreateStatic
 .text.xQueueGenericCreate
                0x0000000080103424       0x94 /mnt/e/phytium-dev-windows-nt/slavedevice/FREERTOS-prjfiles/sht20/build/lib_freertos.a(queue.o)
                0x0000000080103424                xQueueGenericCreate
 .text.xQueueGenericSend
                0x00000000801034b8      0x1e8 /mnt/e/phytium-dev-windows-nt/slavedevice/FREERTOS-prjfiles/sht20/build/lib_freertos.a(queue.o)
                0x00000000801034b8                xQueueGenericSend
 .text.xQueueCreateMutex
                0x00000000801036a0       0x40 /mnt/e/phytium-dev-windows-nt/slavedevice/FREERTOS-prjfiles/sht20/build/lib_freertos.a(queue.o)
                0x00000000801036a0                xQueueCreateMutex
 .text.xQueueGenericSendFromISR
                0x00000000801036e0      0x168 /mnt/e/phytium-dev-windows-nt/slavedevice/FREERTOS-prjfiles/sht20/build/lib_freertos.a(queue.o)
                0x00000000801036e0                xQueueGenericSendFromISR
 .text.xQueueReceive
                0x0000000080103848      0x188 /mnt/e/phytium-dev-windows-nt/slavedevice/FREERTOS-prjfiles/sht20/build/lib_freertos.a(queue.o)
                0x0000000080103848                xQueueReceive
 .text.xQueueSemaphoreTake
                0x00000000801039d0      0x1d0 /mnt/e/phytium-dev-windows-nt/slavedevice/FREERTOS-prjfiles/sht20/build/lib_freertos.a(queue.o)
                0x00000000801039d0                xQueueSemaphoreTake
 .text.vQueueDelete
                0x0000000080103ba0       0x38 /mnt/e/phytium-dev-windows-nt/slavedevice/FREERTOS-prjfiles/sht20/build/lib_freertos.a(queue.o)
                0x0000000080103ba0                vQueueDelete
 .text.vQueueWaitForMessageRestricted
                0x0000000080103bd8       0x6c /mnt/e/phytium-dev-windows-nt/slavedevice/FREERTOS-prjfiles/sht20/build/lib_freertos.a(queue.o)
                0x0000000080103bd8                vQueueWaitForMessageRestricted
 .text.prvAddNewTaskToReadyList
                0x0000000080103c44      0x18c /mnt/e/phytium-dev-windows-nt/slavedevice/FREERTOS-prjfiles/sht20/build/lib_freertos.a(tasks.o)
 .text.prvAddCurrentTaskToDelayedList
                0x0000000080103dd0      0x120 /mnt/e/phytium-dev-windows-nt/slavedevice/FREERTOS-prjfiles/sht20/build/lib_freertos.a(tasks.o)
 .text.prvWriteNameToBuffer
                0x0000000080103ef0       0x54 /mnt/e/phytium-dev-windows-nt/slavedevice/FREERTOS-prjfiles/sht20/build/lib_freertos.a(tasks.o)
 .text.prvResetNextTaskUnblockTime
                0x0000000080103f44       0x30 /mnt/e/phytium-dev-windows-nt/slavedevice/FREERTOS-prjfiles/sht20/build/lib_freertos.a(tasks.o)
 .text.prvDeleteTCB
                0x0000000080103f74       0x48 /mnt/e/phytium-dev-windows-nt/slavedevice/FREERTOS-prjfiles/sht20/build/lib_freertos.a(tasks.o)
 .text.prvIdleTask
                0x0000000080103fbc       0x7c /mnt/e/phytium-dev-windows-nt/slavedevice/FREERTOS-prjfiles/sht20/build/lib_freertos.a(tasks.o)
 .text.prvInitialiseNewTask.constprop.0
                0x0000000080104038       0xf4 /mnt/e/phytium-dev-windows-nt/slavedevice/FREERTOS-prjfiles/sht20/build/lib_freertos.a(tasks.o)
 .text.xTaskCreateStatic
                0x000000008010412c       0xec /mnt/e/phytium-dev-windows-nt/slavedevice/FREERTOS-prjfiles/sht20/build/lib_freertos.a(tasks.o)
                0x000000008010412c                xTaskCreateStatic
 .text.xTaskCreate
                0x0000000080104218       0xb4 /mnt/e/phytium-dev-windows-nt/slavedevice/FREERTOS-prjfiles/sht20/build/lib_freertos.a(tasks.o)
                0x0000000080104218                xTaskCreate
 .text.vTaskDelete
                0x00000000801042cc      0x120 /mnt/e/phytium-dev-windows-nt/slavedevice/FREERTOS-prjfiles/sht20/build/lib_freertos.a(tasks.o)
                0x00000000801042cc                vTaskDelete
 .text.eTaskGetState
                0x00000000801043ec       0xd0 /mnt/e/phytium-dev-windows-nt/slavedevice/FREERTOS-prjfiles/sht20/build/lib_freertos.a(tasks.o)
                0x00000000801043ec                eTaskGetState
 .text.vTaskStartScheduler
                0x00000000801044bc       0xb4 /mnt/e/phytium-dev-windows-nt/slavedevice/FREERTOS-prjfiles/sht20/build/lib_freertos.a(tasks.o)
                0x00000000801044bc                vTaskStartScheduler
 .text.vTaskSuspendAll
                0x0000000080104570       0x14 /mnt/e/phytium-dev-windows-nt/slavedevice/FREERTOS-prjfiles/sht20/build/lib_freertos.a(tasks.o)
                0x0000000080104570                vTaskSuspendAll
 .text.xTaskGetTickCount
                0x0000000080104584        0xc /mnt/e/phytium-dev-windows-nt/slavedevice/FREERTOS-prjfiles/sht20/build/lib_freertos.a(tasks.o)
                0x0000000080104584                xTaskGetTickCount
 .text.uxTaskGetNumberOfTasks
                0x0000000080104590        0xc /mnt/e/phytium-dev-windows-nt/slavedevice/FREERTOS-prjfiles/sht20/build/lib_freertos.a(tasks.o)
                0x0000000080104590                uxTaskGetNumberOfTasks
 .text.xTaskIncrementTick
                0x000000008010459c      0x220 /mnt/e/phytium-dev-windows-nt/slavedevice/FREERTOS-prjfiles/sht20/build/lib_freertos.a(tasks.o)
                0x000000008010459c                xTaskIncrementTick
 .text.xTaskResumeAll
                0x00000000801047bc      0x1d0 /mnt/e/phytium-dev-windows-nt/slavedevice/FREERTOS-prjfiles/sht20/build/lib_freertos.a(tasks.o)
                0x00000000801047bc                xTaskResumeAll
 .text.vTaskDelay
                0x000000008010498c       0x54 /mnt/e/phytium-dev-windows-nt/slavedevice/FREERTOS-prjfiles/sht20/build/lib_freertos.a(tasks.o)
                0x000000008010498c                vTaskDelay
 .text.vTaskSwitchContext
                0x00000000801049e0      0x108 /mnt/e/phytium-dev-windows-nt/slavedevice/FREERTOS-prjfiles/sht20/build/lib_freertos.a(tasks.o)
                0x00000000801049e0                vTaskSwitchContext
 .text.vTaskPlaceOnEventList
                0x0000000080104ae8       0x4c /mnt/e/phytium-dev-windows-nt/slavedevice/FREERTOS-prjfiles/sht20/build/lib_freertos.a(tasks.o)
                0x0000000080104ae8                vTaskPlaceOnEventList
 .text.vTaskPlaceOnUnorderedEventList
                0x0000000080104b34       0xac /mnt/e/phytium-dev-windows-nt/slavedevice/FREERTOS-prjfiles/sht20/build/lib_freertos.a(tasks.o)
                0x0000000080104b34                vTaskPlaceOnUnorderedEventList
 .text.vTaskPlaceOnEventListRestricted
                0x0000000080104be0       0x88 /mnt/e/phytium-dev-windows-nt/slavedevice/FREERTOS-prjfiles/sht20/build/lib_freertos.a(tasks.o)
                0x0000000080104be0                vTaskPlaceOnEventListRestricted
 .text.xTaskRemoveFromEventList
                0x0000000080104c68      0x16c /mnt/e/phytium-dev-windows-nt/slavedevice/FREERTOS-prjfiles/sht20/build/lib_freertos.a(tasks.o)
                0x0000000080104c68                xTaskRemoveFromEventList
 .text.vTaskRemoveFromUnorderedEventList
                0x0000000080104dd4      0x14c /mnt/e/phytium-dev-windows-nt/slavedevice/FREERTOS-prjfiles/sht20/build/lib_freertos.a(tasks.o)
                0x0000000080104dd4                vTaskRemoveFromUnorderedEventList
 .text.vTaskInternalSetTimeOutState
                0x0000000080104f20       0x1c /mnt/e/phytium-dev-windows-nt/slavedevice/FREERTOS-prjfiles/sht20/build/lib_freertos.a(tasks.o)
                0x0000000080104f20                vTaskInternalSetTimeOutState
 .text.xTaskCheckForTimeOut
                0x0000000080104f3c       0xcc /mnt/e/phytium-dev-windows-nt/slavedevice/FREERTOS-prjfiles/sht20/build/lib_freertos.a(tasks.o)
                0x0000000080104f3c                xTaskCheckForTimeOut
 .text.vTaskMissedYield
                0x0000000080105008       0x10 /mnt/e/phytium-dev-windows-nt/slavedevice/FREERTOS-prjfiles/sht20/build/lib_freertos.a(tasks.o)
                0x0000000080105008                vTaskMissedYield
 .text.vTaskGetInfo
                0x0000000080105018       0xe8 /mnt/e/phytium-dev-windows-nt/slavedevice/FREERTOS-prjfiles/sht20/build/lib_freertos.a(tasks.o)
                0x0000000080105018                vTaskGetInfo
 .text.prvListTasksWithinSingleList
                0x0000000080105100       0xb8 /mnt/e/phytium-dev-windows-nt/slavedevice/FREERTOS-prjfiles/sht20/build/lib_freertos.a(tasks.o)
 .text.uxTaskGetSystemState
                0x00000000801051b8       0xf8 /mnt/e/phytium-dev-windows-nt/slavedevice/FREERTOS-prjfiles/sht20/build/lib_freertos.a(tasks.o)
                0x00000000801051b8                uxTaskGetSystemState
 .text.xTaskGetSchedulerState
                0x00000000801052b0       0x2c /mnt/e/phytium-dev-windows-nt/slavedevice/FREERTOS-prjfiles/sht20/build/lib_freertos.a(tasks.o)
                0x00000000801052b0                xTaskGetSchedulerState
 .text.xTaskPriorityInherit
                0x00000000801052dc      0x134 /mnt/e/phytium-dev-windows-nt/slavedevice/FREERTOS-prjfiles/sht20/build/lib_freertos.a(tasks.o)
                0x00000000801052dc                xTaskPriorityInherit
 .text.xTaskPriorityDisinherit
                0x0000000080105410      0x118 /mnt/e/phytium-dev-windows-nt/slavedevice/FREERTOS-prjfiles/sht20/build/lib_freertos.a(tasks.o)
                0x0000000080105410                xTaskPriorityDisinherit
 .text.vTaskPriorityDisinheritAfterTimeout
                0x0000000080105528      0x134 /mnt/e/phytium-dev-windows-nt/slavedevice/FREERTOS-prjfiles/sht20/build/lib_freertos.a(tasks.o)
                0x0000000080105528                vTaskPriorityDisinheritAfterTimeout
 .text.vTaskList
                0x000000008010565c       0xf8 /mnt/e/phytium-dev-windows-nt/slavedevice/FREERTOS-prjfiles/sht20/build/lib_freertos.a(tasks.o)
                0x000000008010565c                vTaskList
 .text.vTaskGetRunTimeStats
                0x0000000080105754       0xfc /mnt/e/phytium-dev-windows-nt/slavedevice/FREERTOS-prjfiles/sht20/build/lib_freertos.a(tasks.o)
                0x0000000080105754                vTaskGetRunTimeStats
 .text.uxTaskResetEventItemValue
                0x0000000080105850       0x28 /mnt/e/phytium-dev-windows-nt/slavedevice/FREERTOS-prjfiles/sht20/build/lib_freertos.a(tasks.o)
                0x0000000080105850                uxTaskResetEventItemValue
 .text.pvTaskIncrementMutexHeldCount
                0x0000000080105878       0x24 /mnt/e/phytium-dev-windows-nt/slavedevice/FREERTOS-prjfiles/sht20/build/lib_freertos.a(tasks.o)
                0x0000000080105878                pvTaskIncrementMutexHeldCount
 .text.prvCheckForValidListAndQueue
                0x000000008010589c       0x78 /mnt/e/phytium-dev-windows-nt/slavedevice/FREERTOS-prjfiles/sht20/build/lib_freertos.a(timers.o)
 .text.prvInsertTimerInActiveList
                0x0000000080105914       0x64 /mnt/e/phytium-dev-windows-nt/slavedevice/FREERTOS-prjfiles/sht20/build/lib_freertos.a(timers.o)
 .text.prvReloadTimer
                0x0000000080105978       0x54 /mnt/e/phytium-dev-windows-nt/slavedevice/FREERTOS-prjfiles/sht20/build/lib_freertos.a(timers.o)
 .text.prvProcessExpiredTimer
                0x00000000801059cc       0x64 /mnt/e/phytium-dev-windows-nt/slavedevice/FREERTOS-prjfiles/sht20/build/lib_freertos.a(timers.o)
 .text.prvSampleTimeNow
                0x0000000080105a30       0x8c /mnt/e/phytium-dev-windows-nt/slavedevice/FREERTOS-prjfiles/sht20/build/lib_freertos.a(timers.o)
 .text.prvTimerTask
                0x0000000080105abc      0x20c /mnt/e/phytium-dev-windows-nt/slavedevice/FREERTOS-prjfiles/sht20/build/lib_freertos.a(timers.o)
 .text.xTimerCreateTimerTask
                0x0000000080105cc8       0x7c /mnt/e/phytium-dev-windows-nt/slavedevice/FREERTOS-prjfiles/sht20/build/lib_freertos.a(timers.o)
                0x0000000080105cc8                xTimerCreateTimerTask
 .text.xTimerPendFunctionCallFromISR
                0x0000000080105d44       0x38 /mnt/e/phytium-dev-windows-nt/slavedevice/FREERTOS-prjfiles/sht20/build/lib_freertos.a(timers.o)
                0x0000000080105d44                xTimerPendFunctionCallFromISR
 .text.prvInsertBlockIntoFreeList
                0x0000000080105d7c       0x80 /mnt/e/phytium-dev-windows-nt/slavedevice/FREERTOS-prjfiles/sht20/build/lib_freertos.a(heap_4.o)
 .text.pvPortMalloc
                0x0000000080105dfc      0x1c8 /mnt/e/phytium-dev-windows-nt/slavedevice/FREERTOS-prjfiles/sht20/build/lib_freertos.a(heap_4.o)
                0x0000000080105dfc                pvPortMalloc
 .text.vPortFree
                0x0000000080105fc4       0x98 /mnt/e/phytium-dev-windows-nt/slavedevice/FREERTOS-prjfiles/sht20/build/lib_freertos.a(heap_4.o)
                0x0000000080105fc4                vPortFree
 .text.vMainAssertCalled
                0x000000008010605c       0x1c /mnt/e/phytium-dev-windows-nt/slavedevice/FREERTOS-prjfiles/sht20/build/lib_freertos.a(freertos_configs.o)
                0x000000008010605c                vMainAssertCalled
 .text.vApplicationMallocFailedHook
                0x0000000080106078       0x20 /mnt/e/phytium-dev-windows-nt/slavedevice/FREERTOS-prjfiles/sht20/build/lib_freertos.a(freertos_configs.o)
                0x0000000080106078                vApplicationMallocFailedHook
 .text.vConfigureTickInterrupt
                0x0000000080106098       0x50 /mnt/e/phytium-dev-windows-nt/slavedevice/FREERTOS-prjfiles/sht20/build/lib_freertos.a(freertos_configs.o)
                0x0000000080106098                vConfigureTickInterrupt
 .text.vClearTickInterrupt
                0x00000000801060e8       0x18 /mnt/e/phytium-dev-windows-nt/slavedevice/FREERTOS-prjfiles/sht20/build/lib_freertos.a(freertos_configs.o)
                0x00000000801060e8                vClearTickInterrupt
 .text.vApplicationInterruptHandler
                0x0000000080106100       0x58 /mnt/e/phytium-dev-windows-nt/slavedevice/FREERTOS-prjfiles/sht20/build/lib_freertos.a(freertos_configs.o)
                0x0000000080106100                vApplicationInterruptHandler
 .text.vApplicationGetIdleTaskMemory
                0x0000000080106158       0x24 /mnt/e/phytium-dev-windows-nt/slavedevice/FREERTOS-prjfiles/sht20/build/lib_freertos.a(freertos_configs.o)
                0x0000000080106158                vApplicationGetIdleTaskMemory
 .text.vApplicationGetTimerTaskMemory
                0x000000008010617c       0x24 /mnt/e/phytium-dev-windows-nt/slavedevice/FREERTOS-prjfiles/sht20/build/lib_freertos.a(freertos_configs.o)
                0x000000008010617c                vApplicationGetTimerTaskMemory
 .text.vPrintf  0x00000000801061a0       0x84 /mnt/e/phytium-dev-windows-nt/slavedevice/FREERTOS-prjfiles/sht20/build/lib_freertos.a(freertos_configs.o)
                0x00000000801061a0                vPrintf
 .text.pxPortInitialiseStack
                0x0000000080106224      0x150 /mnt/e/phytium-dev-windows-nt/slavedevice/FREERTOS-prjfiles/sht20/build/lib_freertos.a(port.o)
                0x0000000080106224                pxPortInitialiseStack
 .text.xPortStartScheduler
                0x0000000080106374       0x90 /mnt/e/phytium-dev-windows-nt/slavedevice/FREERTOS-prjfiles/sht20/build/lib_freertos.a(port.o)
                0x0000000080106374                xPortStartScheduler
 .text.vPortExitCritical
                0x0000000080106404       0x58 /mnt/e/phytium-dev-windows-nt/slavedevice/FREERTOS-prjfiles/sht20/build/lib_freertos.a(port.o)
                0x0000000080106404                vPortExitCritical
 .text.FreeRTOS_Tick_Handler
                0x000000008010645c       0x50 /mnt/e/phytium-dev-windows-nt/slavedevice/FREERTOS-prjfiles/sht20/build/lib_freertos.a(port.o)
                0x000000008010645c                FreeRTOS_Tick_Handler
 .text.vPortClearInterruptMask
                0x00000000801064ac       0x3c /mnt/e/phytium-dev-windows-nt/slavedevice/FREERTOS-prjfiles/sht20/build/lib_freertos.a(port.o)
                0x00000000801064ac                vPortClearInterruptMask
 .text.uxPortSetInterruptMask
                0x00000000801064e8       0x50 /mnt/e/phytium-dev-windows-nt/slavedevice/FREERTOS-prjfiles/sht20/build/lib_freertos.a(port.o)
                0x00000000801064e8                uxPortSetInterruptMask
 .text.vPortEnterCritical
                0x0000000080106538       0x4c /mnt/e/phytium-dev-windows-nt/slavedevice/FREERTOS-prjfiles/sht20/build/lib_freertos.a(port.o)
                0x0000000080106538                vPortEnterCritical
 .text.vPortValidateInterruptPriority
                0x0000000080106584       0x28 /mnt/e/phytium-dev-windows-nt/slavedevice/FREERTOS-prjfiles/sht20/build/lib_freertos.a(port.o)
                0x0000000080106584                vPortValidateInterruptPriority
 .text.vApplicationTickHook
                0x00000000801065ac        0x4 /mnt/e/phytium-dev-windows-nt/slavedevice/FREERTOS-prjfiles/sht20/build/lib_freertos.a(port.o)
                0x00000000801065ac                vApplicationTickHook
 .text.vApplicationIdleHook
                0x00000000801065b0        0x4 /mnt/e/phytium-dev-windows-nt/slavedevice/FREERTOS-prjfiles/sht20/build/lib_freertos.a(port.o)
                0x00000000801065b0                vApplicationIdleHook
 .text.vTaskSwitchSPx
                0x00000000801065b4       0x24 /mnt/e/phytium-dev-windows-nt/slavedevice/FREERTOS-prjfiles/sht20/build/lib_freertos.a(port.o)
                0x00000000801065b4                vTaskSwitchSPx
 .text.shellStringCopy
                0x00000000801065d8       0x30 /mnt/e/phytium-dev-windows-nt/slavedevice/FREERTOS-prjfiles/sht20/build/lib_letter_shell.a(shell.o)
 .text.shellWriteByte.isra.0
                0x0000000080106608        0xc /mnt/e/phytium-dev-windows-nt/slavedevice/FREERTOS-prjfiles/sht20/build/lib_letter_shell.a(shell.o)
 .text.shellLeft
                0x0000000080106614       0x30 /mnt/e/phytium-dev-windows-nt/slavedevice/FREERTOS-prjfiles/sht20/build/lib_letter_shell.a(shell.o)
                0x0000000080106614                shellLeft
 .text.shellRight
                0x0000000080106644       0x30 /mnt/e/phytium-dev-windows-nt/slavedevice/FREERTOS-prjfiles/sht20/build/lib_letter_shell.a(shell.o)
                0x0000000080106644                shellRight
 .text.shellGetCurrent
                0x0000000080106674       0x30 /mnt/e/phytium-dev-windows-nt/slavedevice/FREERTOS-prjfiles/sht20/build/lib_letter_shell.a(shell.o)
                0x0000000080106674                shellGetCurrent
 .text.shellWriteString
                0x00000000801066a4       0x50 /mnt/e/phytium-dev-windows-nt/slavedevice/FREERTOS-prjfiles/sht20/build/lib_letter_shell.a(shell.o)
                0x00000000801066a4                shellWriteString
 .text.shellSetUser
                0x00000000801066f4       0x9c /mnt/e/phytium-dev-windows-nt/slavedevice/FREERTOS-prjfiles/sht20/build/lib_letter_shell.a(shell.o)
 .text.shellWriteCommandLine
                0x0000000080106790       0x7c /mnt/e/phytium-dev-windows-nt/slavedevice/FREERTOS-prjfiles/sht20/build/lib_letter_shell.a(shell.o)
 .text.shellClear
                0x000000008010680c       0x24 /mnt/e/phytium-dev-windows-nt/slavedevice/FREERTOS-prjfiles/sht20/build/lib_letter_shell.a(shell.o)
                0x000000008010680c                shellClear
 .text.shellWriteVersion
                0x0000000080106830        0xc /mnt/e/phytium-dev-windows-nt/slavedevice/FREERTOS-prjfiles/sht20/build/lib_letter_shell.a(shell.o)
                0x0000000080106830                shellWriteVersion
 .text.shellCheckPermission
                0x000000008010683c       0x54 /mnt/e/phytium-dev-windows-nt/slavedevice/FREERTOS-prjfiles/sht20/build/lib_letter_shell.a(shell.o)
                0x000000008010683c                shellCheckPermission
 .text.shellToHex
                0x0000000080106890       0x44 /mnt/e/phytium-dev-windows-nt/slavedevice/FREERTOS-prjfiles/sht20/build/lib_letter_shell.a(shell.o)
                0x0000000080106890                shellToHex
 .text.shellGetCommandName
                0x00000000801068d4       0x60 /mnt/e/phytium-dev-windows-nt/slavedevice/FREERTOS-prjfiles/sht20/build/lib_letter_shell.a(shell.o)
 .text.shellToDec
                0x0000000080106934       0x7c /mnt/e/phytium-dev-windows-nt/slavedevice/FREERTOS-prjfiles/sht20/build/lib_letter_shell.a(shell.o)
                0x0000000080106934                shellToDec
 .text.shellWriteReturnValue
                0x00000000801069b0       0xc0 /mnt/e/phytium-dev-windows-nt/slavedevice/FREERTOS-prjfiles/sht20/build/lib_letter_shell.a(shell.o)
 .text.shellListItem
                0x0000000080106a70      0x1b0 /mnt/e/phytium-dev-windows-nt/slavedevice/FREERTOS-prjfiles/sht20/build/lib_letter_shell.a(shell.o)
                0x0000000080106a70                shellListItem
 .text.shellListCommand
                0x0000000080106c20       0x74 /mnt/e/phytium-dev-windows-nt/slavedevice/FREERTOS-prjfiles/sht20/build/lib_letter_shell.a(shell.o)
                0x0000000080106c20                shellListCommand
 .text.shellCmds
                0x0000000080106c94       0x1c /mnt/e/phytium-dev-windows-nt/slavedevice/FREERTOS-prjfiles/sht20/build/lib_letter_shell.a(shell.o)
                0x0000000080106c94                shellCmds
 .text.shellListVar
                0x0000000080106cb0       0x78 /mnt/e/phytium-dev-windows-nt/slavedevice/FREERTOS-prjfiles/sht20/build/lib_letter_shell.a(shell.o)
                0x0000000080106cb0                shellListVar
 .text.shellVars
                0x0000000080106d28       0x1c /mnt/e/phytium-dev-windows-nt/slavedevice/FREERTOS-prjfiles/sht20/build/lib_letter_shell.a(shell.o)
                0x0000000080106d28                shellVars
 .text.shellListUser
                0x0000000080106d44       0x70 /mnt/e/phytium-dev-windows-nt/slavedevice/FREERTOS-prjfiles/sht20/build/lib_letter_shell.a(shell.o)
                0x0000000080106d44                shellListUser
 .text.shellUsers
                0x0000000080106db4       0x1c /mnt/e/phytium-dev-windows-nt/slavedevice/FREERTOS-prjfiles/sht20/build/lib_letter_shell.a(shell.o)
                0x0000000080106db4                shellUsers
 .text.shellListKey
                0x0000000080106dd0       0x70 /mnt/e/phytium-dev-windows-nt/slavedevice/FREERTOS-prjfiles/sht20/build/lib_letter_shell.a(shell.o)
                0x0000000080106dd0                shellListKey
 .text.shellKeys
                0x0000000080106e40       0x1c /mnt/e/phytium-dev-windows-nt/slavedevice/FREERTOS-prjfiles/sht20/build/lib_letter_shell.a(shell.o)
                0x0000000080106e40                shellKeys
 .text.shellDeleteCommandLine
                0x0000000080106e5c       0x40 /mnt/e/phytium-dev-windows-nt/slavedevice/FREERTOS-prjfiles/sht20/build/lib_letter_shell.a(shell.o)
                0x0000000080106e5c                shellDeleteCommandLine
 .text.shellClearCommandLine
                0x0000000080106e9c       0x4c /mnt/e/phytium-dev-windows-nt/slavedevice/FREERTOS-prjfiles/sht20/build/lib_letter_shell.a(shell.o)
                0x0000000080106e9c                shellClearCommandLine
 .text.shellUp  0x0000000080106ee8       0x98 /mnt/e/phytium-dev-windows-nt/slavedevice/FREERTOS-prjfiles/sht20/build/lib_letter_shell.a(shell.o)
                0x0000000080106ee8                shellUp
 .text.shellTab
                0x0000000080106f80      0x208 /mnt/e/phytium-dev-windows-nt/slavedevice/FREERTOS-prjfiles/sht20/build/lib_letter_shell.a(shell.o)
                0x0000000080106f80                shellTab
 .text.shellDown
                0x0000000080107188       0x88 /mnt/e/phytium-dev-windows-nt/slavedevice/FREERTOS-prjfiles/sht20/build/lib_letter_shell.a(shell.o)
                0x0000000080107188                shellDown
 .text.shellInsertByte
                0x0000000080107210      0x174 /mnt/e/phytium-dev-windows-nt/slavedevice/FREERTOS-prjfiles/sht20/build/lib_letter_shell.a(shell.o)
                0x0000000080107210                shellInsertByte
 .text.shellDeleteByte
                0x0000000080107384      0x144 /mnt/e/phytium-dev-windows-nt/slavedevice/FREERTOS-prjfiles/sht20/build/lib_letter_shell.a(shell.o)
                0x0000000080107384                shellDeleteByte
 .text.shellBackspace
                0x00000000801074c8        0x8 /mnt/e/phytium-dev-windows-nt/slavedevice/FREERTOS-prjfiles/sht20/build/lib_letter_shell.a(shell.o)
                0x00000000801074c8                shellBackspace
 .text.shellDelete
                0x00000000801074d0        0x8 /mnt/e/phytium-dev-windows-nt/slavedevice/FREERTOS-prjfiles/sht20/build/lib_letter_shell.a(shell.o)
                0x00000000801074d0                shellDelete
 .text.shellSeekCommand
                0x00000000801074d8       0xc0 /mnt/e/phytium-dev-windows-nt/slavedevice/FREERTOS-prjfiles/sht20/build/lib_letter_shell.a(shell.o)
                0x00000000801074d8                shellSeekCommand
 .text.shellInit
                0x0000000080107598       0xd8 /mnt/e/phytium-dev-windows-nt/slavedevice/FREERTOS-prjfiles/sht20/build/lib_letter_shell.a(shell.o)
                0x0000000080107598                shellInit
 .text.shellHelp
                0x0000000080107670       0xa4 /mnt/e/phytium-dev-windows-nt/slavedevice/FREERTOS-prjfiles/sht20/build/lib_letter_shell.a(shell.o)
                0x0000000080107670                shellHelp
 .text.shellGetVarValue
                0x0000000080107714       0x78 /mnt/e/phytium-dev-windows-nt/slavedevice/FREERTOS-prjfiles/sht20/build/lib_letter_shell.a(shell.o)
                0x0000000080107714                shellGetVarValue
 .text.shellShowVar
                0x000000008010778c      0x10c /mnt/e/phytium-dev-windows-nt/slavedevice/FREERTOS-prjfiles/sht20/build/lib_letter_shell.a(shell.o)
 .text.shellSetVarValue
                0x0000000080107898       0xd0 /mnt/e/phytium-dev-windows-nt/slavedevice/FREERTOS-prjfiles/sht20/build/lib_letter_shell.a(shell.o)
                0x0000000080107898                shellSetVarValue
 .text.shellSetVar
                0x0000000080107968       0x98 /mnt/e/phytium-dev-windows-nt/slavedevice/FREERTOS-prjfiles/sht20/build/lib_letter_shell.a(shell.o)
                0x0000000080107968                shellSetVar
 .text.shellNormalInput
                0x0000000080107a00       0x10 /mnt/e/phytium-dev-windows-nt/slavedevice/FREERTOS-prjfiles/sht20/build/lib_letter_shell.a(shell.o)
                0x0000000080107a00                shellNormalInput
 .text.shellExec
                0x0000000080107a10      0x340 /mnt/e/phytium-dev-windows-nt/slavedevice/FREERTOS-prjfiles/sht20/build/lib_letter_shell.a(shell.o)
                0x0000000080107a10                shellExec
 .text.shellEnter
                0x0000000080107d50       0x1c /mnt/e/phytium-dev-windows-nt/slavedevice/FREERTOS-prjfiles/sht20/build/lib_letter_shell.a(shell.o)
                0x0000000080107d50                shellEnter
 .text.shellHandler
                0x0000000080107d6c      0x124 /mnt/e/phytium-dev-windows-nt/slavedevice/FREERTOS-prjfiles/sht20/build/lib_letter_shell.a(shell.o)
                0x0000000080107d6c                shellHandler
 .text.shellExtParseChar.part.0
                0x0000000080107e90       0x54 /mnt/e/phytium-dev-windows-nt/slavedevice/FREERTOS-prjfiles/sht20/build/lib_letter_shell.a(shell_ext.o)
 .text.shellExtParsePara
                0x0000000080107ee4      0x25c /mnt/e/phytium-dev-windows-nt/slavedevice/FREERTOS-prjfiles/sht20/build/lib_letter_shell.a(shell_ext.o)
                0x0000000080107ee4                shellExtParsePara
 .text.shellExtRun
                0x0000000080108140      0x19c /mnt/e/phytium-dev-windows-nt/slavedevice/FREERTOS-prjfiles/sht20/build/lib_letter_shell.a(shell_ext.o)
                0x0000000080108140                shellExtRun
 .text.LSUserShellTaskCreate
                0x00000000801082dc       0xa4 /mnt/e/phytium-dev-windows-nt/slavedevice/FREERTOS-prjfiles/sht20/build/lib_letter_shell.a(shell_port.o)
                0x00000000801082dc                LSUserShellTaskCreate
 .text.LSUserShellTask
                0x0000000080108380       0x24 /mnt/e/phytium-dev-windows-nt/slavedevice/FREERTOS-prjfiles/sht20/build/lib_letter_shell.a(shell_port.o)
                0x0000000080108380                LSUserShellTask
 .text.LSUserSetResult
                0x00000000801083a4        0xc /mnt/e/phytium-dev-windows-nt/slavedevice/FREERTOS-prjfiles/sht20/build/lib_letter_shell.a(shell_port.o)
                0x00000000801083a4                LSUserSetResult
 .text.LSUserIsSlient
                0x00000000801083b0       0x14 /mnt/e/phytium-dev-windows-nt/slavedevice/FREERTOS-prjfiles/sht20/build/lib_letter_shell.a(shell_port.o)
                0x00000000801083b0                LSUserIsSlient
 .text.LSUShowVersion
                0x00000000801083c4        0xc /mnt/e/phytium-dev-windows-nt/slavedevice/FREERTOS-prjfiles/sht20/build/lib_letter_shell.a(shell_port.o)
                0x00000000801083c4                LSUShowVersion
 .text.LSUserShellWrite
                0x00000000801083d0       0x24 /mnt/e/phytium-dev-windows-nt/slavedevice/FREERTOS-prjfiles/sht20/build/lib_letter_shell.a(fpl011_os_port.o)
                0x00000000801083d0                LSUserShellWrite
 .text.LSUserShellRead
                0x00000000801083f4       0x28 /mnt/e/phytium-dev-windows-nt/slavedevice/FREERTOS-prjfiles/sht20/build/lib_letter_shell.a(fpl011_os_port.o)
                0x00000000801083f4                LSUserShellRead
 .text.LSSerialConfig
                0x000000008010841c       0x38 /mnt/e/phytium-dev-windows-nt/slavedevice/FREERTOS-prjfiles/sht20/build/lib_letter_shell.a(fpl011_os_port.o)
                0x000000008010841c                LSSerialConfig
 .text.LSSerialWaitLoop
                0x0000000080108454       0x60 /mnt/e/phytium-dev-windows-nt/slavedevice/FREERTOS-prjfiles/sht20/build/lib_letter_shell.a(fpl011_os_port.o)
                0x0000000080108454                LSSerialWaitLoop
 .text.BootelfCmdEntry
                0x00000000801084b4      0x184 /mnt/e/phytium-dev-windows-nt/slavedevice/FREERTOS-prjfiles/sht20/build/lib_letter_shell.a(cmd_bootelf.o)
 .text.LoadElfCmdEntry
                0x0000000080108638       0xf0 /mnt/e/phytium-dev-windows-nt/slavedevice/FREERTOS-prjfiles/sht20/build/lib_letter_shell.a(cmd_codeloader.o)
 .text.EchoCmdEntry
                0x0000000080108728       0x8c /mnt/e/phytium-dev-windows-nt/slavedevice/FREERTOS-prjfiles/sht20/build/lib_letter_shell.a(cmd_echo.o)
 .text.MdCmdEntry
                0x00000000801087b4      0x354 /mnt/e/phytium-dev-windows-nt/slavedevice/FREERTOS-prjfiles/sht20/build/lib_letter_shell.a(cmd_md.o)
 .text.MwCmdEntry
                0x0000000080108b08      0x294 /mnt/e/phytium-dev-windows-nt/slavedevice/FREERTOS-prjfiles/sht20/build/lib_letter_shell.a(cmd_mw.o)
 .text.RebootCmdEntry
                0x0000000080108d9c       0x18 /mnt/e/phytium-dev-windows-nt/slavedevice/FREERTOS-prjfiles/sht20/build/lib_letter_shell.a(cmd_reboot.o)
                0x0000000080108d9c                RebootCmdEntry
 .text.RwCmdUsage
                0x0000000080108db4       0x38 /mnt/e/phytium-dev-windows-nt/slavedevice/FREERTOS-prjfiles/sht20/build/lib_letter_shell.a(cmd_rw.o)
 .text.RwCmdEntry
                0x0000000080108dec      0x208 /mnt/e/phytium-dev-windows-nt/slavedevice/FREERTOS-prjfiles/sht20/build/lib_letter_shell.a(cmd_rw.o)
 .text.SleepCmdEntry
                0x0000000080108ff4       0xe4 /mnt/e/phytium-dev-windows-nt/slavedevice/FREERTOS-prjfiles/sht20/build/lib_letter_shell.a(cmd_sleep.o)
 .text.VersionCmdEntry
                0x00000000801090d8       0x14 /mnt/e/phytium-dev-windows-nt/slavedevice/FREERTOS-prjfiles/sht20/build/lib_letter_shell.a(cmd_version.o)
 .text.DisplayTaskStats
                0x00000000801090ec       0xac /mnt/e/phytium-dev-windows-nt/slavedevice/FREERTOS-prjfiles/sht20/build/lib_letter_shell.a(cmd_ps.o)
 .text.backtrace
                0x0000000080109198      0x100 /mnt/e/phytium-dev-windows-nt/slavedevice/FREERTOS-prjfiles/sht20/build/lib_backtrace.a(backtrace.o)
                0x0000000080109198                backtrace
 .text.startup.main
                0x0000000080109298       0x34 /mnt/e/phytium-dev-windows-nt/slavedevice/FREERTOS-prjfiles/sht20/build/libuser.a(main.o)
                0x0000000080109298                main
 .text.I2cCmdEntry
                0x00000000801092cc       0x84 /mnt/e/phytium-dev-windows-nt/slavedevice/FREERTOS-prjfiles/sht20/build/libuser.a(cmd_i2c.o)
 .text.I2cWriteTask
                0x0000000080109350       0xe8 /mnt/e/phytium-dev-windows-nt/slavedevice/FREERTOS-prjfiles/sht20/build/libuser.a(i2c_rtc_example.o)
 .text.I2cReadTask
                0x0000000080109438      0x138 /mnt/e/phytium-dev-windows-nt/slavedevice/FREERTOS-prjfiles/sht20/build/libuser.a(i2c_rtc_example.o)
 .text.FI2cIntrTxDonecallback
                0x0000000080109570       0x4c /mnt/e/phytium-dev-windows-nt/slavedevice/FREERTOS-prjfiles/sht20/build/libuser.a(i2c_rtc_example.o)
 .text.FI2cIntrRxDonecallback
                0x00000000801095bc       0x4c /mnt/e/phytium-dev-windows-nt/slavedevice/FREERTOS-prjfiles/sht20/build/libuser.a(i2c_rtc_example.o)
 .text.FI2cIntrTxAbrtcallback
                0x0000000080109608       0x4c /mnt/e/phytium-dev-windows-nt/slavedevice/FREERTOS-prjfiles/sht20/build/libuser.a(i2c_rtc_example.o)
 .text.I2cInitTask
                0x0000000080109654      0x160 /mnt/e/phytium-dev-windows-nt/slavedevice/FREERTOS-prjfiles/sht20/build/libuser.a(i2c_rtc_example.o)
 .text.FFreeRTOSI2cRtcCreate
                0x00000000801097b4       0x94 /mnt/e/phytium-dev-windows-nt/slavedevice/FREERTOS-prjfiles/sht20/build/libuser.a(i2c_rtc_example.o)
                0x00000000801097b4                FFreeRTOSI2cRtcCreate
 .text.FIOPadSetMioMux
                0x0000000080109848      0x220 /mnt/e/phytium-dev-windows-nt/slavedevice/FREERTOS-prjfiles/sht20/build/lib_board.a(fio_mux.o)
                0x0000000080109848                FIOPadSetMioMux
 .text.FGicDistrubutiorInit
                0x0000000080109a68      0x218 /mnt/e/phytium-dev-windows-nt/slavedevice/FREERTOS-prjfiles/sht20/build/libdrivers.a(fgic.o)
                0x0000000080109a68                FGicDistrubutiorInit
 .text.FGicRedistrubutiorInit
                0x0000000080109c80      0x17c /mnt/e/phytium-dev-windows-nt/slavedevice/FREERTOS-prjfiles/sht20/build/libdrivers.a(fgic.o)
                0x0000000080109c80                FGicRedistrubutiorInit
 .text.FGicCpuInterfaceInit
                0x0000000080109dfc       0x5c /mnt/e/phytium-dev-windows-nt/slavedevice/FREERTOS-prjfiles/sht20/build/libdrivers.a(fgic.o)
                0x0000000080109dfc                FGicCpuInterfaceInit
 .text.FGicCfgInitialize
                0x0000000080109e58       0x80 /mnt/e/phytium-dev-windows-nt/slavedevice/FREERTOS-prjfiles/sht20/build/libdrivers.a(fgic.o)
                0x0000000080109e58                FGicCfgInitialize
 .text.FGicIntEnable
                0x0000000080109ed8      0x100 /mnt/e/phytium-dev-windows-nt/slavedevice/FREERTOS-prjfiles/sht20/build/libdrivers.a(fgic.o)
                0x0000000080109ed8                FGicIntEnable
 .text.FGicIntDisable
                0x0000000080109fd8      0x100 /mnt/e/phytium-dev-windows-nt/slavedevice/FREERTOS-prjfiles/sht20/build/libdrivers.a(fgic.o)
                0x0000000080109fd8                FGicIntDisable
 .text.FGicSetPriority
                0x000000008010a0d8      0x130 /mnt/e/phytium-dev-windows-nt/slavedevice/FREERTOS-prjfiles/sht20/build/libdrivers.a(fgic.o)
                0x000000008010a0d8                FGicSetPriority
 .text.FGicSetSpiAffinityRouting
                0x000000008010a208       0xe8 /mnt/e/phytium-dev-windows-nt/slavedevice/FREERTOS-prjfiles/sht20/build/libdrivers.a(fgic.o)
                0x000000008010a208                FGicSetSpiAffinityRouting
 .text.FGicSetPriorityFilter
                0x000000008010a2f0       0x84 /mnt/e/phytium-dev-windows-nt/slavedevice/FREERTOS-prjfiles/sht20/build/libdrivers.a(fgic.o)
                0x000000008010a2f0                FGicSetPriorityFilter
 .text.FGicGetPriorityFilter
                0x000000008010a374       0x74 /mnt/e/phytium-dev-windows-nt/slavedevice/FREERTOS-prjfiles/sht20/build/libdrivers.a(fgic.o)
                0x000000008010a374                FGicGetPriorityFilter
 .text.FGicLookupConfig
                0x000000008010a3e8       0x18 /mnt/e/phytium-dev-windows-nt/slavedevice/FREERTOS-prjfiles/sht20/build/libdrivers.a(fgic_sinit.o)
                0x000000008010a3e8                FGicLookupConfig
 .text.FI2cDeInitialize
                0x000000008010a400       0x4c /mnt/e/phytium-dev-windows-nt/slavedevice/FREERTOS-prjfiles/sht20/build/libdrivers.a(fi2c.o)
                0x000000008010a400                FI2cDeInitialize
 .text.FI2cCfgInitialize
                0x000000008010a44c      0x148 /mnt/e/phytium-dev-windows-nt/slavedevice/FREERTOS-prjfiles/sht20/build/libdrivers.a(fi2c.o)
                0x000000008010a44c                FI2cCfgInitialize
 .text.FI2cSetEnable
                0x000000008010a594       0x70 /mnt/e/phytium-dev-windows-nt/slavedevice/FREERTOS-prjfiles/sht20/build/libdrivers.a(fi2c_hw.o)
                0x000000008010a594                FI2cSetEnable
 .text.FI2cSetSpeed
                0x000000008010a604      0x1c8 /mnt/e/phytium-dev-windows-nt/slavedevice/FREERTOS-prjfiles/sht20/build/libdrivers.a(fi2c_hw.o)
                0x000000008010a604                FI2cSetSpeed
 .text.FI2cWaitStatus
                0x000000008010a7cc       0x64 /mnt/e/phytium-dev-windows-nt/slavedevice/FREERTOS-prjfiles/sht20/build/libdrivers.a(fi2c_hw.o)
                0x000000008010a7cc                FI2cWaitStatus
 .text.FI2cWaitBusBusy
                0x000000008010a830       0x4c /mnt/e/phytium-dev-windows-nt/slavedevice/FREERTOS-prjfiles/sht20/build/libdrivers.a(fi2c_hw.o)
                0x000000008010a830                FI2cWaitBusBusy
 .text.FI2cSetTar
                0x000000008010a87c       0x60 /mnt/e/phytium-dev-windows-nt/slavedevice/FREERTOS-prjfiles/sht20/build/libdrivers.a(fi2c_hw.o)
                0x000000008010a87c                FI2cSetTar
 .text.FI2cSetSar
                0x000000008010a8dc       0x60 /mnt/e/phytium-dev-windows-nt/slavedevice/FREERTOS-prjfiles/sht20/build/libdrivers.a(fi2c_hw.o)
                0x000000008010a8dc                FI2cSetSar
 .text.FI2cFlushRxFifo
                0x000000008010a93c       0x48 /mnt/e/phytium-dev-windows-nt/slavedevice/FREERTOS-prjfiles/sht20/build/libdrivers.a(fi2c_hw.o)
                0x000000008010a93c                FI2cFlushRxFifo
 .text.FI2cClearIntrBits
                0x000000008010a984       0x9c /mnt/e/phytium-dev-windows-nt/slavedevice/FREERTOS-prjfiles/sht20/build/libdrivers.a(fi2c_hw.o)
                0x000000008010a984                FI2cClearIntrBits
 .text.FI2cMasterCallEvtHandler
                0x000000008010aa20       0x78 /mnt/e/phytium-dev-windows-nt/slavedevice/FREERTOS-prjfiles/sht20/build/libdrivers.a(fi2c_intr.o)
 .text.FI2cStubHandler
                0x000000008010aa98       0x30 /mnt/e/phytium-dev-windows-nt/slavedevice/FREERTOS-prjfiles/sht20/build/libdrivers.a(fi2c_intr.o)
 .text.FI2cMasterIntrHandler
                0x000000008010aac8      0x28c /mnt/e/phytium-dev-windows-nt/slavedevice/FREERTOS-prjfiles/sht20/build/libdrivers.a(fi2c_intr.o)
                0x000000008010aac8                FI2cMasterIntrHandler
 .text.FI2cMasterRegisterIntrHandler
                0x000000008010ad54       0x5c /mnt/e/phytium-dev-windows-nt/slavedevice/FREERTOS-prjfiles/sht20/build/libdrivers.a(fi2c_intr.o)
                0x000000008010ad54                FI2cMasterRegisterIntrHandler
 .text.FI2cMasterSetupIntr
                0x000000008010adb0       0xf0 /mnt/e/phytium-dev-windows-nt/slavedevice/FREERTOS-prjfiles/sht20/build/libdrivers.a(fi2c_intr.o)
                0x000000008010adb0                FI2cMasterSetupIntr
 .text.FI2cMasterStopTrans
                0x000000008010aea0       0x74 /mnt/e/phytium-dev-windows-nt/slavedevice/FREERTOS-prjfiles/sht20/build/libdrivers.a(fi2c_master.o)
 .text.FI2cMasterStartTrans.constprop.0
                0x000000008010af14       0xbc /mnt/e/phytium-dev-windows-nt/slavedevice/FREERTOS-prjfiles/sht20/build/libdrivers.a(fi2c_master.o)
 .text.FI2cMasterReadPoll
                0x000000008010afd0      0x1c4 /mnt/e/phytium-dev-windows-nt/slavedevice/FREERTOS-prjfiles/sht20/build/libdrivers.a(fi2c_master.o)
                0x000000008010afd0                FI2cMasterReadPoll
 .text.FI2cMasterWritePoll
                0x000000008010b194      0x180 /mnt/e/phytium-dev-windows-nt/slavedevice/FREERTOS-prjfiles/sht20/build/libdrivers.a(fi2c_master.o)
                0x000000008010b194                FI2cMasterWritePoll
 .text.FI2cMasterReadIntr
                0x000000008010b314      0x140 /mnt/e/phytium-dev-windows-nt/slavedevice/FREERTOS-prjfiles/sht20/build/libdrivers.a(fi2c_master.o)
                0x000000008010b314                FI2cMasterReadIntr
 .text.FI2cMasterWriteIntr
                0x000000008010b454      0x134 /mnt/e/phytium-dev-windows-nt/slavedevice/FREERTOS-prjfiles/sht20/build/libdrivers.a(fi2c_master.o)
                0x000000008010b454                FI2cMasterWriteIntr
 .text.FI2cLookupConfig
                0x000000008010b588       0x54 /mnt/e/phytium-dev-windows-nt/slavedevice/FREERTOS-prjfiles/sht20/build/libdrivers.a(fi2c_sinit.o)
                0x000000008010b588                FI2cLookupConfig
 .text.FIOPadSetFunc
                0x000000008010b5dc      0x140 /mnt/e/phytium-dev-windows-nt/slavedevice/FREERTOS-prjfiles/sht20/build/libdrivers.a(fiopad.o)
                0x000000008010b5dc                FIOPadSetFunc
 .text.FIOPadDeInitialize
                0x000000008010b71c       0x54 /mnt/e/phytium-dev-windows-nt/slavedevice/FREERTOS-prjfiles/sht20/build/libdrivers.a(fiopad.o)
                0x000000008010b71c                FIOPadDeInitialize
 .text.FIOPadCfgInitialize
                0x000000008010b770       0x90 /mnt/e/phytium-dev-windows-nt/slavedevice/FREERTOS-prjfiles/sht20/build/libdrivers.a(fiopad.o)
                0x000000008010b770                FIOPadCfgInitialize
 .text.FIOPadLookupConfig
                0x000000008010b800       0x4c /mnt/e/phytium-dev-windows-nt/slavedevice/FREERTOS-prjfiles/sht20/build/libdrivers.a(fiopad_sinit.o)
                0x000000008010b800                FIOPadLookupConfig
 .text.FMioFuncInit
                0x000000008010b84c       0x60 /mnt/e/phytium-dev-windows-nt/slavedevice/FREERTOS-prjfiles/sht20/build/libdrivers.a(fmio.o)
                0x000000008010b84c                FMioFuncInit
 .text.FMioFuncDeinit
                0x000000008010b8ac       0x6c /mnt/e/phytium-dev-windows-nt/slavedevice/FREERTOS-prjfiles/sht20/build/libdrivers.a(fmio.o)
                0x000000008010b8ac                FMioFuncDeinit
 .text.FMioSelectFunc
                0x000000008010b918       0x90 /mnt/e/phytium-dev-windows-nt/slavedevice/FREERTOS-prjfiles/sht20/build/libdrivers.a(fmio_hw.o)
                0x000000008010b918                FMioSelectFunc
 .text.FMioLookupConfig
                0x000000008010b9a8       0x70 /mnt/e/phytium-dev-windows-nt/slavedevice/FREERTOS-prjfiles/sht20/build/libdrivers.a(fmio_sinit.o)
                0x000000008010b9a8                FMioLookupConfig
 .text.FPl011StubHandler
                0x000000008010ba18       0x24 /mnt/e/phytium-dev-windows-nt/slavedevice/FREERTOS-prjfiles/sht20/build/libdrivers.a(fpl011.o)
 .text.FPl011CfgInitialize
                0x000000008010ba3c       0xf4 /mnt/e/phytium-dev-windows-nt/slavedevice/FREERTOS-prjfiles/sht20/build/libdrivers.a(fpl011.o)
                0x000000008010ba3c                FPl011CfgInitialize
 .text.FPl011SendBuffer
                0x000000008010bb30       0x54 /mnt/e/phytium-dev-windows-nt/slavedevice/FREERTOS-prjfiles/sht20/build/libdrivers.a(fpl011.o)
                0x000000008010bb30                FPl011SendBuffer
 .text.FPl011Send
                0x000000008010bb84       0xbc /mnt/e/phytium-dev-windows-nt/slavedevice/FREERTOS-prjfiles/sht20/build/libdrivers.a(fpl011.o)
                0x000000008010bb84                FPl011Send
 .text.FPl011ReceiveBuffer
                0x000000008010bc40       0x94 /mnt/e/phytium-dev-windows-nt/slavedevice/FREERTOS-prjfiles/sht20/build/libdrivers.a(fpl011.o)
                0x000000008010bc40                FPl011ReceiveBuffer
 .text.FPl011Receive
                0x000000008010bcd4       0xbc /mnt/e/phytium-dev-windows-nt/slavedevice/FREERTOS-prjfiles/sht20/build/libdrivers.a(fpl011.o)
                0x000000008010bcd4                FPl011Receive
 .text.FPl011BlockSend
                0x000000008010bd90       0xd8 /mnt/e/phytium-dev-windows-nt/slavedevice/FREERTOS-prjfiles/sht20/build/libdrivers.a(fpl011.o)
                0x000000008010bd90                FPl011BlockSend
 .text.FPl011BlockReceive
                0x000000008010be68       0x78 /mnt/e/phytium-dev-windows-nt/slavedevice/FREERTOS-prjfiles/sht20/build/libdrivers.a(fpl011.o)
                0x000000008010be68                FPl011BlockReceive
 .text.FPl011SendByte
                0x000000008010bee0       0x14 /mnt/e/phytium-dev-windows-nt/slavedevice/FREERTOS-prjfiles/sht20/build/libdrivers.a(fpl011_hw.o)
                0x000000008010bee0                FPl011SendByte
 .text.FPl011RecvByte
                0x000000008010bef4       0x10 /mnt/e/phytium-dev-windows-nt/slavedevice/FREERTOS-prjfiles/sht20/build/libdrivers.a(fpl011_hw.o)
                0x000000008010bef4                FPl011RecvByte
 .text.FPl011GetInterruptMask
                0x000000008010bf04       0x44 /mnt/e/phytium-dev-windows-nt/slavedevice/FREERTOS-prjfiles/sht20/build/libdrivers.a(fpl011_intr.o)
                0x000000008010bf04                FPl011GetInterruptMask
 .text.FPl011SetInterruptMask
                0x000000008010bf48       0x54 /mnt/e/phytium-dev-windows-nt/slavedevice/FREERTOS-prjfiles/sht20/build/libdrivers.a(fpl011_intr.o)
                0x000000008010bf48                FPl011SetInterruptMask
 .text.FPl011SetHandler
                0x000000008010bf9c       0xb4 /mnt/e/phytium-dev-windows-nt/slavedevice/FREERTOS-prjfiles/sht20/build/libdrivers.a(fpl011_intr.o)
                0x000000008010bf9c                FPl011SetHandler
 .text.FPl011InterruptHandler
                0x000000008010c050      0x174 /mnt/e/phytium-dev-windows-nt/slavedevice/FREERTOS-prjfiles/sht20/build/libdrivers.a(fpl011_intr.o)
                0x000000008010c050                FPl011InterruptHandler
 .text.FPl011SetOptions
                0x000000008010c1c4       0xbc /mnt/e/phytium-dev-windows-nt/slavedevice/FREERTOS-prjfiles/sht20/build/libdrivers.a(fpl011_options.o)
                0x000000008010c1c4                FPl011SetOptions
 .text.FPl011SetSpecificOptions
                0x000000008010c280       0x80 /mnt/e/phytium-dev-windows-nt/slavedevice/FREERTOS-prjfiles/sht20/build/libdrivers.a(fpl011_options.o)
                0x000000008010c280                FPl011SetSpecificOptions
 .text.FPl011ClearSpecificOptions
                0x000000008010c300       0x80 /mnt/e/phytium-dev-windows-nt/slavedevice/FREERTOS-prjfiles/sht20/build/libdrivers.a(fpl011_options.o)
                0x000000008010c300                FPl011ClearSpecificOptions
 .text.FPl011SetTxFifoThreadHold
                0x000000008010c380       0xc0 /mnt/e/phytium-dev-windows-nt/slavedevice/FREERTOS-prjfiles/sht20/build/libdrivers.a(fpl011_options.o)
                0x000000008010c380                FPl011SetTxFifoThreadHold
 .text.FPl011SetRxFifoThreadhold
                0x000000008010c440       0xc8 /mnt/e/phytium-dev-windows-nt/slavedevice/FREERTOS-prjfiles/sht20/build/libdrivers.a(fpl011_options.o)
                0x000000008010c440                FPl011SetRxFifoThreadhold
 .text.FPl011SetBaudRate
                0x000000008010c508       0xb4 /mnt/e/phytium-dev-windows-nt/slavedevice/FREERTOS-prjfiles/sht20/build/libdrivers.a(fpl011_options.o)
                0x000000008010c508                FPl011SetBaudRate
 .text.FPl011LookupConfig
                0x000000008010c5bc       0x38 /mnt/e/phytium-dev-windows-nt/slavedevice/FREERTOS-prjfiles/sht20/build/libdrivers.a(fpl011_sinit.o)
                0x000000008010c5bc                FPl011LookupConfig
 .text.FCacheDCacheInvalidate
                0x000000008010c5f4      0x108 /mnt/e/phytium-dev-windows-nt/slavedevice/FREERTOS-prjfiles/sht20/build/libarch.a(fcache.o)
                0x000000008010c5f4                FCacheDCacheInvalidate
 .text.FCacheDCacheFlushRange
                0x000000008010c6fc       0x38 /mnt/e/phytium-dev-windows-nt/slavedevice/FREERTOS-prjfiles/sht20/build/libarch.a(fcache.o)
                0x000000008010c6fc                FCacheDCacheFlushRange
 .text.FExcDefaultErrorEndHandler
                0x000000008010c734        0x4 /mnt/e/phytium-dev-windows-nt/slavedevice/FREERTOS-prjfiles/sht20/build/libarch.a(fexception.o)
 .text.FExcPrintEcCause
                0x000000008010c738      0x1b0 /mnt/e/phytium-dev-windows-nt/slavedevice/FREERTOS-prjfiles/sht20/build/libarch.a(fexception.o)
 .text.FExcShowRegister
                0x000000008010c8e8       0xcc /mnt/e/phytium-dev-windows-nt/slavedevice/FREERTOS-prjfiles/sht20/build/libarch.a(fexception.o)
 .text.SynchronousInterrupt
                0x000000008010c9b4       0x7c /mnt/e/phytium-dev-windows-nt/slavedevice/FREERTOS-prjfiles/sht20/build/libarch.a(fexception.o)
                0x000000008010c9b4                SynchronousInterrupt
 .text.SErrorInterrupt
                0x000000008010ca30       0x7c /mnt/e/phytium-dev-windows-nt/slavedevice/FREERTOS-prjfiles/sht20/build/libarch.a(fexception.o)
                0x000000008010ca30                SErrorInterrupt
 .text.FExceptionInterruptHandler
                0x000000008010caac       0x3c /mnt/e/phytium-dev-windows-nt/slavedevice/FREERTOS-prjfiles/sht20/build/libarch.a(fexception.o)
                0x000000008010caac                FExceptionInterruptHandler
 .text.FIQInterrupt
                0x000000008010cae8       0x24 /mnt/e/phytium-dev-windows-nt/slavedevice/FREERTOS-prjfiles/sht20/build/libarch.a(fexception.o)
                0x000000008010cae8                FIQInterrupt
 .text.GenericTimerSetTimerValue
                0x000000008010cb0c       0x68 /mnt/e/phytium-dev-windows-nt/slavedevice/FREERTOS-prjfiles/sht20/build/libarch.a(fgeneric_timer.o)
                0x000000008010cb0c                GenericTimerSetTimerValue
 .text.GenericTimerInterruptEnable
                0x000000008010cb74       0x6c /mnt/e/phytium-dev-windows-nt/slavedevice/FREERTOS-prjfiles/sht20/build/libarch.a(fgeneric_timer.o)
                0x000000008010cb74                GenericTimerInterruptEnable
 .text.GenericTimerStart
                0x000000008010cbe0       0x6c /mnt/e/phytium-dev-windows-nt/slavedevice/FREERTOS-prjfiles/sht20/build/libarch.a(fgeneric_timer.o)
                0x000000008010cbe0                GenericTimerStart
 .text.GenericTimerStop
                0x000000008010cc4c       0x6c /mnt/e/phytium-dev-windows-nt/slavedevice/FREERTOS-prjfiles/sht20/build/libarch.a(fgeneric_timer.o)
                0x000000008010cc4c                GenericTimerStop
 .text.GenericTimerFrequecy
                0x000000008010ccb8        0x8 /mnt/e/phytium-dev-windows-nt/slavedevice/FREERTOS-prjfiles/sht20/build/libarch.a(fgeneric_timer.o)
                0x000000008010ccb8                GenericTimerFrequecy
 .text.GenericTimerRead
                0x000000008010ccc0       0x5c /mnt/e/phytium-dev-windows-nt/slavedevice/FREERTOS-prjfiles/sht20/build/libarch.a(fgeneric_timer.o)
                0x000000008010ccc0                GenericTimerRead
 .text.NewTable
                0x000000008010cd1c       0x48 /mnt/e/phytium-dev-windows-nt/slavedevice/FREERTOS-prjfiles/sht20/build/libarch.a(fmmu.o)
 .text.TableIndex
                0x000000008010cd64       0x74 /mnt/e/phytium-dev-windows-nt/slavedevice/FREERTOS-prjfiles/sht20/build/libarch.a(fmmu.o)
 .text.TableUsage
                0x000000008010cdd8       0x74 /mnt/e/phytium-dev-windows-nt/slavedevice/FREERTOS-prjfiles/sht20/build/libarch.a(fmmu.o)
 .text.SetMapping.constprop.0
                0x000000008010ce4c      0x33c /mnt/e/phytium-dev-windows-nt/slavedevice/FREERTOS-prjfiles/sht20/build/libarch.a(fmmu.o)
 .text.AddMap.constprop.0
                0x000000008010d188      0x114 /mnt/e/phytium-dev-windows-nt/slavedevice/FREERTOS-prjfiles/sht20/build/libarch.a(fmmu.o)
 .text.MmuInit  0x000000008010d29c      0x228 /mnt/e/phytium-dev-windows-nt/slavedevice/FREERTOS-prjfiles/sht20/build/libarch.a(fmmu.o)
                0x000000008010d29c                MmuInit
 .text.HangPrint
                0x000000008010d4c4       0x28 /mnt/e/phytium-dev-windows-nt/slavedevice/FREERTOS-prjfiles/sht20/build/libarch.a(fgcc_debug.o)
                0x000000008010d4c4                HangPrint
 .text.FSmcccSmcCall
                0x000000008010d4ec       0x14 /mnt/e/phytium-dev-windows-nt/slavedevice/FREERTOS-prjfiles/sht20/build/libarch.a(fsmcc.o)
                0x000000008010d4ec                FSmcccSmcCall
 .text.FCacheL3CacheDisable
                0x000000008010d500        0x4 /mnt/e/phytium-dev-windows-nt/slavedevice/FREERTOS-prjfiles/sht20/build/libarch.a(fl3cache.o)
                0x000000008010d500                FCacheL3CacheDisable
 .text.FCacheL3CacheFlush
                0x000000008010d504        0x4 /mnt/e/phytium-dev-windows-nt/slavedevice/FREERTOS-prjfiles/sht20/build/libarch.a(fl3cache.o)
                0x000000008010d504                FCacheL3CacheFlush
 .text.FPsciVersion
                0x000000008010d508       0x80 /mnt/e/phytium-dev-windows-nt/slavedevice/FREERTOS-prjfiles/sht20/build/libarch.a(fpsci.o)
                0x000000008010d508                FPsciVersion
 .text.FPsciFeatures
                0x000000008010d588       0x98 /mnt/e/phytium-dev-windows-nt/slavedevice/FREERTOS-prjfiles/sht20/build/libarch.a(fpsci.o)
                0x000000008010d588                FPsciFeatures
 .text.FPsciSystemReset
                0x000000008010d620       0xc0 /mnt/e/phytium-dev-windows-nt/slavedevice/FREERTOS-prjfiles/sht20/build/libarch.a(fpsci.o)
                0x000000008010d620                FPsciSystemReset
 .text.FPsciInit
                0x000000008010d6e0      0x164 /mnt/e/phytium-dev-windows-nt/slavedevice/FREERTOS-prjfiles/sht20/build/libarch.a(fpsci.o)
                0x000000008010d6e0                FPsciInit
 *fill*         0x000000008010d844        0xc 
 .text.AsmInvalidateTlbAll
                0x000000008010d850       0x4c /mnt/e/phytium-dev-windows-nt/slavedevice/FREERTOS-prjfiles/sht20/build/libarch.a(ftlb.o)
                0x000000008010d850                AsmInvalidateTlbAll
 .text.FAssertCallback
                0x000000008010d89c       0x14 /mnt/e/phytium-dev-windows-nt/slavedevice/FREERTOS-prjfiles/sht20/build/libcommon.a(fassert.o)
 .text.FAssertSetStatus
                0x000000008010d8b0        0xc /mnt/e/phytium-dev-windows-nt/slavedevice/FREERTOS-prjfiles/sht20/build/libcommon.a(fassert.o)
                0x000000008010d8b0                FAssertSetStatus
 .text.FAssert  0x000000008010d8bc       0x1c /mnt/e/phytium-dev-windows-nt/slavedevice/FREERTOS-prjfiles/sht20/build/libcommon.a(fassert.o)
                0x000000008010d8bc                FAssert
 .text.FtDumpHexByte
                0x000000008010d8d8       0xf0 /mnt/e/phytium-dev-windows-nt/slavedevice/FREERTOS-prjfiles/sht20/build/libcommon.a(fdebug.o)
                0x000000008010d8d8                FtDumpHexByte
 .text.ElfLoadElfImagePhdr
                0x000000008010d9c8      0x15c /mnt/e/phytium-dev-windows-nt/slavedevice/FREERTOS-prjfiles/sht20/build/libcommon.a(felf.o)
                0x000000008010d9c8                ElfLoadElfImagePhdr
 .text.ElfLoadElfImageShdr
                0x000000008010db24      0x21c /mnt/e/phytium-dev-windows-nt/slavedevice/FREERTOS-prjfiles/sht20/build/libcommon.a(felf.o)
                0x000000008010db24                ElfLoadElfImageShdr
 .text.ElfIsImageValid
                0x000000008010dd40       0x2c /mnt/e/phytium-dev-windows-nt/slavedevice/FREERTOS-prjfiles/sht20/build/libcommon.a(felf.o)
                0x000000008010dd40                ElfIsImageValid
 .text.ElfExecBootElf
                0x000000008010dd6c       0x10 /mnt/e/phytium-dev-windows-nt/slavedevice/FREERTOS-prjfiles/sht20/build/libcommon.a(felf.o)
                0x000000008010dd6c                ElfExecBootElf
 .text.InterruptMask
                0x000000008010dd7c       0x64 /mnt/e/phytium-dev-windows-nt/slavedevice/FREERTOS-prjfiles/sht20/build/libcommon.a(finterrupt.o)
                0x000000008010dd7c                InterruptMask
 .text.InterruptUmask
                0x000000008010dde0       0x64 /mnt/e/phytium-dev-windows-nt/slavedevice/FREERTOS-prjfiles/sht20/build/libcommon.a(finterrupt.o)
                0x000000008010dde0                InterruptUmask
 .text.InterruptSetTargetCpus
                0x000000008010de44       0xf4 /mnt/e/phytium-dev-windows-nt/slavedevice/FREERTOS-prjfiles/sht20/build/libcommon.a(finterrupt.o)
                0x000000008010de44                InterruptSetTargetCpus
 .text.InterruptSetPriority
                0x000000008010df38       0x6c /mnt/e/phytium-dev-windows-nt/slavedevice/FREERTOS-prjfiles/sht20/build/libcommon.a(finterrupt.o)
                0x000000008010df38                InterruptSetPriority
 .text.InterruptSetPriorityMask
                0x000000008010dfa4       0x7c /mnt/e/phytium-dev-windows-nt/slavedevice/FREERTOS-prjfiles/sht20/build/libcommon.a(finterrupt.o)
                0x000000008010dfa4                InterruptSetPriorityMask
 .text.InterruptGetPriorityMask
                0x000000008010e020       0x6c /mnt/e/phytium-dev-windows-nt/slavedevice/FREERTOS-prjfiles/sht20/build/libcommon.a(finterrupt.o)
                0x000000008010e020                InterruptGetPriorityMask
 .text.InterruptGetCurrentPriority
                0x000000008010e08c       0x24 /mnt/e/phytium-dev-windows-nt/slavedevice/FREERTOS-prjfiles/sht20/build/libcommon.a(finterrupt.o)
                0x000000008010e08c                InterruptGetCurrentPriority
 .text.InterruptInstall
                0x000000008010e0b0       0x28 /mnt/e/phytium-dev-windows-nt/slavedevice/FREERTOS-prjfiles/sht20/build/libcommon.a(finterrupt.o)
                0x000000008010e0b0                InterruptInstall
 .text.InterruptInit
                0x000000008010e0d8      0x164 /mnt/e/phytium-dev-windows-nt/slavedevice/FREERTOS-prjfiles/sht20/build/libcommon.a(finterrupt.o)
                0x000000008010e0d8                InterruptInit
 .text.InterruptEarlyInit
                0x000000008010e23c       0x14 /mnt/e/phytium-dev-windows-nt/slavedevice/FREERTOS-prjfiles/sht20/build/libcommon.a(finterrupt.o)
                0x000000008010e23c                InterruptEarlyInit
 .text.InterruptGetPriorityConfig
                0x000000008010e250        0xc /mnt/e/phytium-dev-windows-nt/slavedevice/FREERTOS-prjfiles/sht20/build/libcommon.a(finterrupt.o)
                0x000000008010e250                InterruptGetPriorityConfig
 .text.char_out
                0x000000008010e25c       0x20 /mnt/e/phytium-dev-windows-nt/slavedevice/FREERTOS-prjfiles/sht20/build/libcommon.a(fprintk.o)
 .text.cbvprintf
                0x000000008010e27c      0x724 /mnt/e/phytium-dev-windows-nt/slavedevice/FREERTOS-prjfiles/sht20/build/libcommon.a(fprintk.o)
                0x000000008010e27c                cbvprintf
 .text.f_printk
                0x000000008010e9a0       0x98 /mnt/e/phytium-dev-windows-nt/slavedevice/FREERTOS-prjfiles/sht20/build/libcommon.a(fprintk.o)
                0x000000008010e9a0                f_printk
 .text.fsleep_general
                0x000000008010ea38       0x54 /mnt/e/phytium-dev-windows-nt/slavedevice/FREERTOS-prjfiles/sht20/build/libcommon.a(fsleep.o)
 .text.fsleep_seconds
                0x000000008010ea8c        0x8 /mnt/e/phytium-dev-windows-nt/slavedevice/FREERTOS-prjfiles/sht20/build/libcommon.a(fsleep.o)
                0x000000008010ea8c                fsleep_seconds
 .text.fsleep_millisec
                0x000000008010ea94        0x8 /mnt/e/phytium-dev-windows-nt/slavedevice/FREERTOS-prjfiles/sht20/build/libcommon.a(fsleep.o)
                0x000000008010ea94                fsleep_millisec
 .text.fsleep_microsec
                0x000000008010ea9c        0xc /mnt/e/phytium-dev-windows-nt/slavedevice/FREERTOS-prjfiles/sht20/build/libcommon.a(fsleep.o)
                0x000000008010ea9c                fsleep_microsec
 .text.GetCpuId
                0x000000008010eaa8       0x40 /mnt/e/phytium-dev-windows-nt/slavedevice/FREERTOS-prjfiles/sht20/build/libsoc.a(fcpu_info.o)
                0x000000008010eaa8                GetCpuId
 .text.GetCpuAffinity
                0x000000008010eae8       0x30 /mnt/e/phytium-dev-windows-nt/slavedevice/FREERTOS-prjfiles/sht20/build/libsoc.a(fcpu_info.o)
                0x000000008010eae8                GetCpuAffinity
 .text.FEarlyUartProbe
                0x000000008010eb18       0x44 /mnt/e/phytium-dev-windows-nt/slavedevice/FREERTOS-prjfiles/sht20/build/libsoc.a(fearly_uart.o)
                0x000000008010eb18                FEarlyUartProbe
 .text.OutByte  0x000000008010eb5c       0x24 /mnt/e/phytium-dev-windows-nt/slavedevice/FREERTOS-prjfiles/sht20/build/libsoc.a(fearly_uart.o)
                0x000000008010eb5c                OutByte
 .text.simple_strtoul
                0x000000008010eb80      0x108 /mnt/e/phytium-dev-windows-nt/slavedevice/FREERTOS-prjfiles/sht20/build/lib_syscall.a(strto.o)
                0x000000008010eb80                simple_strtoul
 .text.strict_strtoul
                0x000000008010ec88       0x7c /mnt/e/phytium-dev-windows-nt/slavedevice/FREERTOS-prjfiles/sht20/build/lib_syscall.a(strto.o)
                0x000000008010ec88                strict_strtoul
 .text._exit    0x000000008010ed04        0xc /mnt/e/phytium-dev-windows-nt/slavedevice/FREERTOS-prjfiles/sht20/build/lib_syscall.a(system_call.o)
                0x000000008010ed04                _exit
 .text._sbrk    0x000000008010ed10       0x48 /mnt/e/phytium-dev-windows-nt/slavedevice/FREERTOS-prjfiles/sht20/build/lib_syscall.a(system_call.o)
                0x000000008010ed10                _sbrk
 .text._close   0x000000008010ed58        0x8 /mnt/e/phytium-dev-windows-nt/slavedevice/FREERTOS-prjfiles/sht20/build/lib_syscall.a(system_call.o)
                0x000000008010ed58                _close
 .text._fstat   0x000000008010ed60       0x10 /mnt/e/phytium-dev-windows-nt/slavedevice/FREERTOS-prjfiles/sht20/build/lib_syscall.a(system_call.o)
                0x000000008010ed60                _fstat
 .text._getpid  0x000000008010ed70        0x8 /mnt/e/phytium-dev-windows-nt/slavedevice/FREERTOS-prjfiles/sht20/build/lib_syscall.a(system_call.o)
                0x000000008010ed70                _getpid
 .text._isatty  0x000000008010ed78        0x8 /mnt/e/phytium-dev-windows-nt/slavedevice/FREERTOS-prjfiles/sht20/build/lib_syscall.a(system_call.o)
                0x000000008010ed78                _isatty
 .text._kill    0x000000008010ed80       0x1c /mnt/e/phytium-dev-windows-nt/slavedevice/FREERTOS-prjfiles/sht20/build/lib_syscall.a(system_call.o)
                0x000000008010ed80                _kill
 .text._lseek   0x000000008010ed9c       0x1c /mnt/e/phytium-dev-windows-nt/slavedevice/FREERTOS-prjfiles/sht20/build/lib_syscall.a(system_call.o)
                0x000000008010ed9c                _lseek
 .text._read    0x000000008010edb8        0x8 /mnt/e/phytium-dev-windows-nt/slavedevice/FREERTOS-prjfiles/sht20/build/lib_syscall.a(system_call.o)
                0x000000008010edb8                _read
 .text._write   0x000000008010edc0       0x60 /mnt/e/phytium-dev-windows-nt/slavedevice/FREERTOS-prjfiles/sht20/build/lib_syscall.a(system_call.o)
                0x000000008010edc0                _write
 .text.__errno  0x000000008010ee20        0xc /mnt/e/phytium-dev-linux-x64/cross_tool/gcc-arm-10.3-2021.07-x86_64-aarch64-none-elf/bin/../lib/gcc/aarch64-none-elf/10.3.1/../../../../aarch64-none-elf/lib/libc.a(lib_a-errno.o)
                0x000000008010ee20                __errno
 *fill*         0x000000008010ee2c        0x4 
 .text.printf   0x000000008010ee30       0x88 /mnt/e/phytium-dev-linux-x64/cross_tool/gcc-arm-10.3-2021.07-x86_64-aarch64-none-elf/bin/../lib/gcc/aarch64-none-elf/10.3.1/../../../../aarch64-none-elf/lib/libc.a(lib_a-printf.o)
                0x000000008010ee30                printf
 *fill*         0x000000008010eeb8        0x8 
 .text.sprintf  0x000000008010eec0       0xac /mnt/e/phytium-dev-linux-x64/cross_tool/gcc-arm-10.3-2021.07-x86_64-aarch64-none-elf/bin/../lib/gcc/aarch64-none-elf/10.3.1/../../../../aarch64-none-elf/lib/libc.a(lib_a-sprintf.o)
                0x000000008010eec0                sprintf
 *fill*         0x000000008010ef6c        0x4 
 .text._strtoull_l.constprop.0
                0x000000008010ef70      0x19c /mnt/e/phytium-dev-linux-x64/cross_tool/gcc-arm-10.3-2021.07-x86_64-aarch64-none-elf/bin/../lib/gcc/aarch64-none-elf/10.3.1/../../../../aarch64-none-elf/lib/libc.a(lib_a-strtoull.o)
 *fill*         0x000000008010f10c        0x4 
 .text.strtoull
                0x000000008010f110       0x20 /mnt/e/phytium-dev-linux-x64/cross_tool/gcc-arm-10.3-2021.07-x86_64-aarch64-none-elf/bin/../lib/gcc/aarch64-none-elf/10.3.1/../../../../aarch64-none-elf/lib/libc.a(lib_a-strtoull.o)
                0x000000008010f110                strtoull
 .text._strtoul_l.constprop.0
                0x000000008010f130      0x19c /mnt/e/phytium-dev-linux-x64/cross_tool/gcc-arm-10.3-2021.07-x86_64-aarch64-none-elf/bin/../lib/gcc/aarch64-none-elf/10.3.1/../../../../aarch64-none-elf/lib/libc.a(lib_a-strtoul.o)
 *fill*         0x000000008010f2cc        0x4 
 .text.strtoul  0x000000008010f2d0       0x20 /mnt/e/phytium-dev-linux-x64/cross_tool/gcc-arm-10.3-2021.07-x86_64-aarch64-none-elf/bin/../lib/gcc/aarch64-none-elf/10.3.1/../../../../aarch64-none-elf/lib/libc.a(lib_a-strtoul.o)
                0x000000008010f2d0                strtoul
 .text._svfprintf_r
                0x000000008010f2f0     0x2d24 /mnt/e/phytium-dev-linux-x64/cross_tool/gcc-arm-10.3-2021.07-x86_64-aarch64-none-elf/bin/../lib/gcc/aarch64-none-elf/10.3.1/../../../../aarch64-none-elf/lib/libc.a(lib_a-svfprintf.o)
                0x000000008010f2f0                _svfprintf_r
 *fill*         0x0000000080112014        0xc 
 .text._vfprintf_r
                0x0000000080112020     0x2d7c /mnt/e/phytium-dev-linux-x64/cross_tool/gcc-arm-10.3-2021.07-x86_64-aarch64-none-elf/bin/../lib/gcc/aarch64-none-elf/10.3.1/../../../../aarch64-none-elf/lib/libc.a(lib_a-vfprintf.o)
                0x0000000080112020                _vfprintf_r
 *fill*         0x0000000080114d9c        0x4 
 .text.__sbprintf
                0x0000000080114da0       0xcc /mnt/e/phytium-dev-linux-x64/cross_tool/gcc-arm-10.3-2021.07-x86_64-aarch64-none-elf/bin/../lib/gcc/aarch64-none-elf/10.3.1/../../../../aarch64-none-elf/lib/libc.a(lib_a-vfprintf.o)
 *fill*         0x0000000080114e6c        0x4 
 .text.vprintf  0x0000000080114e70       0x3c /mnt/e/phytium-dev-linux-x64/cross_tool/gcc-arm-10.3-2021.07-x86_64-aarch64-none-elf/bin/../lib/gcc/aarch64-none-elf/10.3.1/../../../../aarch64-none-elf/lib/libc.a(lib_a-vprintf.o)
                0x0000000080114e70                vprintf
 *fill*         0x0000000080114eac        0x4 
 .text._wcrtomb_r
                0x0000000080114eb0       0x88 /mnt/e/phytium-dev-linux-x64/cross_tool/gcc-arm-10.3-2021.07-x86_64-aarch64-none-elf/bin/../lib/gcc/aarch64-none-elf/10.3.1/../../../../aarch64-none-elf/lib/libc.a(lib_a-wcrtomb.o)
                0x0000000080114eb0                _wcrtomb_r
 *fill*         0x0000000080114f38        0x8 
 .text._wcsrtombs_r
                0x0000000080114f40       0x10 /mnt/e/phytium-dev-linux-x64/cross_tool/gcc-arm-10.3-2021.07-x86_64-aarch64-none-elf/bin/../lib/gcc/aarch64-none-elf/10.3.1/../../../../aarch64-none-elf/lib/libc.a(lib_a-wcsrtombs.o)
                0x0000000080114f40                _wcsrtombs_r
 .text.__swsetup_r
                0x0000000080114f50      0x144 /mnt/e/phytium-dev-linux-x64/cross_tool/gcc-arm-10.3-2021.07-x86_64-aarch64-none-elf/bin/../lib/gcc/aarch64-none-elf/10.3.1/../../../../aarch64-none-elf/lib/libc.a(lib_a-wsetup.o)
                0x0000000080114f50                __swsetup_r
 *fill*         0x0000000080115094        0xc 
 .text.quorem   0x00000000801150a0      0x19c /mnt/e/phytium-dev-linux-x64/cross_tool/gcc-arm-10.3-2021.07-x86_64-aarch64-none-elf/bin/../lib/gcc/aarch64-none-elf/10.3.1/../../../../aarch64-none-elf/lib/libc.a(lib_a-dtoa.o)
 *fill*         0x000000008011523c        0x4 
 .text._dtoa_r  0x0000000080115240     0x1180 /mnt/e/phytium-dev-linux-x64/cross_tool/gcc-arm-10.3-2021.07-x86_64-aarch64-none-elf/bin/../lib/gcc/aarch64-none-elf/10.3.1/../../../../aarch64-none-elf/lib/libc.a(lib_a-dtoa.o)
                0x0000000080115240                _dtoa_r
 .text.__sflush_r
                0x00000000801163c0      0x228 /mnt/e/phytium-dev-linux-x64/cross_tool/gcc-arm-10.3-2021.07-x86_64-aarch64-none-elf/bin/../lib/gcc/aarch64-none-elf/10.3.1/../../../../aarch64-none-elf/lib/libc.a(lib_a-fflush.o)
                0x00000000801163c0                __sflush_r
 *fill*         0x00000000801165e8        0x8 
 .text._fflush_r
                0x00000000801165f0       0x58 /mnt/e/phytium-dev-linux-x64/cross_tool/gcc-arm-10.3-2021.07-x86_64-aarch64-none-elf/bin/../lib/gcc/aarch64-none-elf/10.3.1/../../../../aarch64-none-elf/lib/libc.a(lib_a-fflush.o)
                0x00000000801165f0                _fflush_r
 *fill*         0x0000000080116648        0x8 
 .text._cleanup_r
                0x0000000080116650        0xc /mnt/e/phytium-dev-linux-x64/cross_tool/gcc-arm-10.3-2021.07-x86_64-aarch64-none-elf/bin/../lib/gcc/aarch64-none-elf/10.3.1/../../../../aarch64-none-elf/lib/libc.a(lib_a-findfp.o)
                0x0000000080116650                _cleanup_r
 *fill*         0x000000008011665c        0x4 
 .text.__sinit.part.0
                0x0000000080116660      0x138 /mnt/e/phytium-dev-linux-x64/cross_tool/gcc-arm-10.3-2021.07-x86_64-aarch64-none-elf/bin/../lib/gcc/aarch64-none-elf/10.3.1/../../../../aarch64-none-elf/lib/libc.a(lib_a-findfp.o)
 *fill*         0x0000000080116798        0x8 
 .text.__sinit  0x00000000801167a0       0x10 /mnt/e/phytium-dev-linux-x64/cross_tool/gcc-arm-10.3-2021.07-x86_64-aarch64-none-elf/bin/../lib/gcc/aarch64-none-elf/10.3.1/../../../../aarch64-none-elf/lib/libc.a(lib_a-findfp.o)
                0x00000000801167a0                __sinit
 .text.__sfp_lock_acquire
                0x00000000801167b0        0x4 /mnt/e/phytium-dev-linux-x64/cross_tool/gcc-arm-10.3-2021.07-x86_64-aarch64-none-elf/bin/../lib/gcc/aarch64-none-elf/10.3.1/../../../../aarch64-none-elf/lib/libc.a(lib_a-findfp.o)
                0x00000000801167b0                __sfp_lock_acquire
 *fill*         0x00000000801167b4        0xc 
 .text.__sfp_lock_release
                0x00000000801167c0        0x4 /mnt/e/phytium-dev-linux-x64/cross_tool/gcc-arm-10.3-2021.07-x86_64-aarch64-none-elf/bin/../lib/gcc/aarch64-none-elf/10.3.1/../../../../aarch64-none-elf/lib/libc.a(lib_a-findfp.o)
                0x00000000801167c0                __sfp_lock_release
 *fill*         0x00000000801167c4        0xc 
 .text._malloc_trim_r
                0x00000000801167d0      0x10c /mnt/e/phytium-dev-linux-x64/cross_tool/gcc-arm-10.3-2021.07-x86_64-aarch64-none-elf/bin/../lib/gcc/aarch64-none-elf/10.3.1/../../../../aarch64-none-elf/lib/libc.a(lib_a-freer.o)
                0x00000000801167d0                _malloc_trim_r
 *fill*         0x00000000801168dc        0x4 
 .text._free_r  0x00000000801168e0      0x2e8 /mnt/e/phytium-dev-linux-x64/cross_tool/gcc-arm-10.3-2021.07-x86_64-aarch64-none-elf/bin/../lib/gcc/aarch64-none-elf/10.3.1/../../../../aarch64-none-elf/lib/libc.a(lib_a-freer.o)
                0x00000000801168e0                _free_r
 *fill*         0x0000000080116bc8        0x8 
 .text._fwalk_reent
                0x0000000080116bd0       0xa4 /mnt/e/phytium-dev-linux-x64/cross_tool/gcc-arm-10.3-2021.07-x86_64-aarch64-none-elf/bin/../lib/gcc/aarch64-none-elf/10.3.1/../../../../aarch64-none-elf/lib/libc.a(lib_a-fwalk.o)
                0x0000000080116bd0                _fwalk_reent
 *fill*         0x0000000080116c74        0xc 
 .text._localeconv_r
                0x0000000080116c80        0xc /mnt/e/phytium-dev-linux-x64/cross_tool/gcc-arm-10.3-2021.07-x86_64-aarch64-none-elf/bin/../lib/gcc/aarch64-none-elf/10.3.1/../../../../aarch64-none-elf/lib/libc.a(lib_a-localeconv.o)
                0x0000000080116c80                _localeconv_r
 *fill*         0x0000000080116c8c        0x4 
 .text.__locale_mb_cur_max
                0x0000000080116c90        0xc /mnt/e/phytium-dev-linux-x64/cross_tool/gcc-arm-10.3-2021.07-x86_64-aarch64-none-elf/bin/../lib/gcc/aarch64-none-elf/10.3.1/../../../../aarch64-none-elf/lib/libc.a(lib_a-locale.o)
                0x0000000080116c90                __locale_mb_cur_max
 *fill*         0x0000000080116c9c        0x4 
 .text.__smakebuf_r
                0x0000000080116ca0      0x15c /mnt/e/phytium-dev-linux-x64/cross_tool/gcc-arm-10.3-2021.07-x86_64-aarch64-none-elf/bin/../lib/gcc/aarch64-none-elf/10.3.1/../../../../aarch64-none-elf/lib/libc.a(lib_a-makebuf.o)
                0x0000000080116ca0                __smakebuf_r
 *fill*         0x0000000080116dfc        0x4 
 .text._malloc_r
                0x0000000080116e00      0x828 /mnt/e/phytium-dev-linux-x64/cross_tool/gcc-arm-10.3-2021.07-x86_64-aarch64-none-elf/bin/../lib/gcc/aarch64-none-elf/10.3.1/../../../../aarch64-none-elf/lib/libc.a(lib_a-mallocr.o)
                0x0000000080116e00                _malloc_r
 *fill*         0x0000000080117628        0x8 
 .text.__ascii_mbtowc
                0x0000000080117630       0x48 /mnt/e/phytium-dev-linux-x64/cross_tool/gcc-arm-10.3-2021.07-x86_64-aarch64-none-elf/bin/../lib/gcc/aarch64-none-elf/10.3.1/../../../../aarch64-none-elf/lib/libc.a(lib_a-mbtowc_r.o)
                0x0000000080117630                __ascii_mbtowc
 *fill*         0x0000000080117678        0x8 
 .text.__malloc_lock
                0x0000000080117680        0x4 /mnt/e/phytium-dev-linux-x64/cross_tool/gcc-arm-10.3-2021.07-x86_64-aarch64-none-elf/bin/../lib/gcc/aarch64-none-elf/10.3.1/../../../../aarch64-none-elf/lib/libc.a(lib_a-mlock.o)
                0x0000000080117680                __malloc_lock
 *fill*         0x0000000080117684        0xc 
 .text.__malloc_unlock
                0x0000000080117690        0x4 /mnt/e/phytium-dev-linux-x64/cross_tool/gcc-arm-10.3-2021.07-x86_64-aarch64-none-elf/bin/../lib/gcc/aarch64-none-elf/10.3.1/../../../../aarch64-none-elf/lib/libc.a(lib_a-mlock.o)
                0x0000000080117690                __malloc_unlock
 *fill*         0x0000000080117694        0xc 
 .text._Balloc  0x00000000801176a0       0x8c /mnt/e/phytium-dev-linux-x64/cross_tool/gcc-arm-10.3-2021.07-x86_64-aarch64-none-elf/bin/../lib/gcc/aarch64-none-elf/10.3.1/../../../../aarch64-none-elf/lib/libc.a(lib_a-mprec.o)
                0x00000000801176a0                _Balloc
 *fill*         0x000000008011772c        0x4 
 .text._Bfree   0x0000000080117730       0x1c /mnt/e/phytium-dev-linux-x64/cross_tool/gcc-arm-10.3-2021.07-x86_64-aarch64-none-elf/bin/../lib/gcc/aarch64-none-elf/10.3.1/../../../../aarch64-none-elf/lib/libc.a(lib_a-mprec.o)
                0x0000000080117730                _Bfree
 *fill*         0x000000008011774c        0x4 
 .text.__multadd
                0x0000000080117750      0x110 /mnt/e/phytium-dev-linux-x64/cross_tool/gcc-arm-10.3-2021.07-x86_64-aarch64-none-elf/bin/../lib/gcc/aarch64-none-elf/10.3.1/../../../../aarch64-none-elf/lib/libc.a(lib_a-mprec.o)
                0x0000000080117750                __multadd
 .text.__hi0bits
                0x0000000080117860       0x5c /mnt/e/phytium-dev-linux-x64/cross_tool/gcc-arm-10.3-2021.07-x86_64-aarch64-none-elf/bin/../lib/gcc/aarch64-none-elf/10.3.1/../../../../aarch64-none-elf/lib/libc.a(lib_a-mprec.o)
                0x0000000080117860                __hi0bits
 *fill*         0x00000000801178bc        0x4 
 .text.__lo0bits
                0x00000000801178c0       0x9c /mnt/e/phytium-dev-linux-x64/cross_tool/gcc-arm-10.3-2021.07-x86_64-aarch64-none-elf/bin/../lib/gcc/aarch64-none-elf/10.3.1/../../../../aarch64-none-elf/lib/libc.a(lib_a-mprec.o)
                0x00000000801178c0                __lo0bits
 *fill*         0x000000008011795c        0x4 
 .text.__i2b    0x0000000080117960       0xb0 /mnt/e/phytium-dev-linux-x64/cross_tool/gcc-arm-10.3-2021.07-x86_64-aarch64-none-elf/bin/../lib/gcc/aarch64-none-elf/10.3.1/../../../../aarch64-none-elf/lib/libc.a(lib_a-mprec.o)
                0x0000000080117960                __i2b
 .text.__multiply
                0x0000000080117a10      0x1e8 /mnt/e/phytium-dev-linux-x64/cross_tool/gcc-arm-10.3-2021.07-x86_64-aarch64-none-elf/bin/../lib/gcc/aarch64-none-elf/10.3.1/../../../../aarch64-none-elf/lib/libc.a(lib_a-mprec.o)
                0x0000000080117a10                __multiply
 *fill*         0x0000000080117bf8        0x8 
 .text.__pow5mult
                0x0000000080117c00      0x128 /mnt/e/phytium-dev-linux-x64/cross_tool/gcc-arm-10.3-2021.07-x86_64-aarch64-none-elf/bin/../lib/gcc/aarch64-none-elf/10.3.1/../../../../aarch64-none-elf/lib/libc.a(lib_a-mprec.o)
                0x0000000080117c00                __pow5mult
 *fill*         0x0000000080117d28        0x8 
 .text.__lshift
                0x0000000080117d30      0x168 /mnt/e/phytium-dev-linux-x64/cross_tool/gcc-arm-10.3-2021.07-x86_64-aarch64-none-elf/bin/../lib/gcc/aarch64-none-elf/10.3.1/../../../../aarch64-none-elf/lib/libc.a(lib_a-mprec.o)
                0x0000000080117d30                __lshift
 *fill*         0x0000000080117e98        0x8 
 .text.__mcmp   0x0000000080117ea0       0x50 /mnt/e/phytium-dev-linux-x64/cross_tool/gcc-arm-10.3-2021.07-x86_64-aarch64-none-elf/bin/../lib/gcc/aarch64-none-elf/10.3.1/../../../../aarch64-none-elf/lib/libc.a(lib_a-mprec.o)
                0x0000000080117ea0                __mcmp
 .text.__mdiff  0x0000000080117ef0      0x1e0 /mnt/e/phytium-dev-linux-x64/cross_tool/gcc-arm-10.3-2021.07-x86_64-aarch64-none-elf/bin/../lib/gcc/aarch64-none-elf/10.3.1/../../../../aarch64-none-elf/lib/libc.a(lib_a-mprec.o)
                0x0000000080117ef0                __mdiff
 .text.__d2b    0x00000000801180d0      0x13c /mnt/e/phytium-dev-linux-x64/cross_tool/gcc-arm-10.3-2021.07-x86_64-aarch64-none-elf/bin/../lib/gcc/aarch64-none-elf/10.3.1/../../../../aarch64-none-elf/lib/libc.a(lib_a-mprec.o)
                0x00000000801180d0                __d2b
 *fill*         0x000000008011820c        0x4 
 .text._sbrk_r  0x0000000080118210       0x4c /mnt/e/phytium-dev-linux-x64/cross_tool/gcc-arm-10.3-2021.07-x86_64-aarch64-none-elf/bin/../lib/gcc/aarch64-none-elf/10.3.1/../../../../aarch64-none-elf/lib/libc.a(lib_a-sbrkr.o)
                0x0000000080118210                _sbrk_r
 *fill*         0x000000008011825c        0x4 
 .text.frexp    0x0000000080118260       0x7c /mnt/e/phytium-dev-linux-x64/cross_tool/gcc-arm-10.3-2021.07-x86_64-aarch64-none-elf/bin/../lib/gcc/aarch64-none-elf/10.3.1/../../../../aarch64-none-elf/lib/libc.a(lib_a-s_frexp.o)
                0x0000000080118260                frexp
 *fill*         0x00000000801182dc        0x4 