Archive member included to satisfy reference by file (symbol)

/mnt/e/phytium-dev-windows-nt/slavedevice2/FREERTOS-prjfiles/dht11_finished/build/lib_rtos_driver.a(fgpio_os.o)
                              (--whole-archive)
/mnt/e/phytium-dev-windows-nt/slavedevice2/FREERTOS-prjfiles/dht11_finished/build/lib_rtos_driver.a(fpl011_os.o)
                              (--whole-archive)
/mnt/e/phytium-dev-windows-nt/slavedevice2/FREERTOS-prjfiles/dht11_finished/build/lib_freertos.a(croutine.o)
                              (--whole-archive)
/mnt/e/phytium-dev-windows-nt/slavedevice2/FREERTOS-prjfiles/dht11_finished/build/lib_freertos.a(event_groups.o)
                              (--whole-archive)
/mnt/e/phytium-dev-windows-nt/slavedevice2/FREERTOS-prjfiles/dht11_finished/build/lib_freertos.a(list.o)
                              (--whole-archive)
/mnt/e/phytium-dev-windows-nt/slavedevice2/FREERTOS-prjfiles/dht11_finished/build/lib_freertos.a(queue.o)
                              (--whole-archive)
/mnt/e/phytium-dev-windows-nt/slavedevice2/FREERTOS-prjfiles/dht11_finished/build/lib_freertos.a(stream_buffer.o)
                              (--whole-archive)
/mnt/e/phytium-dev-windows-nt/slavedevice2/FREERTOS-prjfiles/dht11_finished/build/lib_freertos.a(tasks.o)
                              (--whole-archive)
/mnt/e/phytium-dev-windows-nt/slavedevice2/FREERTOS-prjfiles/dht11_finished/build/lib_freertos.a(timers.o)
                              (--whole-archive)
/mnt/e/phytium-dev-windows-nt/slavedevice2/FREERTOS-prjfiles/dht11_finished/build/lib_freertos.a(heap_4.o)
                              (--whole-archive)
/mnt/e/phytium-dev-windows-nt/slavedevice2/FREERTOS-prjfiles/dht11_finished/build/lib_freertos.a(freertos_configs.o)
                              (--whole-archive)
/mnt/e/phytium-dev-windows-nt/slavedevice2/FREERTOS-prjfiles/dht11_finished/build/lib_freertos.a(port.o)
                              (--whole-archive)
/mnt/e/phytium-dev-windows-nt/slavedevice2/FREERTOS-prjfiles/dht11_finished/build/lib_freertos.a(freertos_vectors.o)
                              (--whole-archive)
/mnt/e/phytium-dev-windows-nt/slavedevice2/FREERTOS-prjfiles/dht11_finished/build/lib_freertos.a(portASM.o)
                              (--whole-archive)
/mnt/e/phytium-dev-windows-nt/slavedevice2/FREERTOS-prjfiles/dht11_finished/build/lib_backtrace.a(backtrace.o)
                              (--whole-archive)
/mnt/e/phytium-dev-windows-nt/slavedevice2/FREERTOS-prjfiles/dht11_finished/build/lib_tlsf.a(fmemory_pool.o)
                              (--whole-archive)
/mnt/e/phytium-dev-windows-nt/slavedevice2/FREERTOS-prjfiles/dht11_finished/build/lib_tlsf.a(tlsf.o)
                              (--whole-archive)
/mnt/e/phytium-dev-windows-nt/slavedevice2/FREERTOS-prjfiles/dht11_finished/build/lib_openamp.a(version.o)
                              (--whole-archive)
/mnt/e/phytium-dev-windows-nt/slavedevice2/FREERTOS-prjfiles/dht11_finished/build/lib_openamp.a(elf_loader.o)
                              (--whole-archive)
/mnt/e/phytium-dev-windows-nt/slavedevice2/FREERTOS-prjfiles/dht11_finished/build/lib_openamp.a(remoteproc.o)
                              (--whole-archive)
/mnt/e/phytium-dev-windows-nt/slavedevice2/FREERTOS-prjfiles/dht11_finished/build/lib_openamp.a(remoteproc_virtio.o)
                              (--whole-archive)
/mnt/e/phytium-dev-windows-nt/slavedevice2/FREERTOS-prjfiles/dht11_finished/build/lib_openamp.a(rsc_table_parser.o)
                              (--whole-archive)
/mnt/e/phytium-dev-windows-nt/slavedevice2/FREERTOS-prjfiles/dht11_finished/build/lib_openamp.a(rpmsg.o)
                              (--whole-archive)
/mnt/e/phytium-dev-windows-nt/slavedevice2/FREERTOS-prjfiles/dht11_finished/build/lib_openamp.a(rpmsg_virtio.o)
                              (--whole-archive)
/mnt/e/phytium-dev-windows-nt/slavedevice2/FREERTOS-prjfiles/dht11_finished/build/lib_openamp.a(rpmsg_rpc_client.o)
                              (--whole-archive)
/mnt/e/phytium-dev-windows-nt/slavedevice2/FREERTOS-prjfiles/dht11_finished/build/lib_openamp.a(rpmsg_rpc_server.o)
                              (--whole-archive)
/mnt/e/phytium-dev-windows-nt/slavedevice2/FREERTOS-prjfiles/dht11_finished/build/lib_openamp.a(virtio.o)
                              (--whole-archive)
/mnt/e/phytium-dev-windows-nt/slavedevice2/FREERTOS-prjfiles/dht11_finished/build/lib_openamp.a(virtqueue.o)
                              (--whole-archive)
/mnt/e/phytium-dev-windows-nt/slavedevice2/FREERTOS-prjfiles/dht11_finished/build/lib_openamp.a(helper.o)
                              (--whole-archive)
/mnt/e/phytium-dev-windows-nt/slavedevice2/FREERTOS-prjfiles/dht11_finished/build/lib_openamp.a(phytium_os_rproc.o)
                              (--whole-archive)
/mnt/e/phytium-dev-windows-nt/slavedevice2/FREERTOS-prjfiles/dht11_finished/build/lib_openamp.a(platform_info.o)
                              (--whole-archive)
[...]
Memory Configuration

Name             Origin             Length             Attributes
MEMORY_SPACE     0x00000000b0100000 0x0000000001000000 xrw
*default*        0x0000000000000000 0xffffffffffffffff

Linker script and memory map

START GROUP
LOAD /mnt/e/phytium-dev-linux-x64/cross_tool/gcc-arm-10.3-2021.07-x86_64-aarch64-none-elf/bin/../lib/gcc/aarch64-none-elf/10.3.1/libgcc.a
LOAD /mnt/e/phytium-dev-linux-x64/cross_tool/gcc-arm-10.3-2021.07-x86_64-aarch64-none-elf/bin/../lib/gcc/aarch64-none-elf/10.3.1/../../../../aarch64-none-elf/lib/libc.a
LOAD /mnt/e/phytium-dev-linux-x64/cross_tool/gcc-arm-10.3-2021.07-x86_64-aarch64-none-elf/bin/../lib/gcc/aarch64-none-elf/10.3.1/../../../../aarch64-none-elf/lib/libm.a
LOAD /mnt/e/phytium-dev-windows-nt/slavedevice2/FREERTOS-prjfiles/dht11_finished/build/lib_rtos_driver.a
LOAD /mnt/e/phytium-dev-windows-nt/slavedevice2/FREERTOS-prjfiles/dht11_finished/build/lib_freertos.a
LOAD /mnt/e/phytium-dev-windows-nt/slavedevice2/FREERTOS-prjfiles/dht11_finished/build/lib_backtrace.a
LOAD /mnt/e/phytium-dev-windows-nt/slavedevice2/FREERTOS-prjfiles/dht11_finished/build/lib_tlsf.a
LOAD /mnt/e/phytium-dev-windows-nt/slavedevice2/FREERTOS-prjfiles/dht11_finished/build/lib_openamp.a
LOAD /mnt/e/phytium-dev-windows-nt/slavedevice2/FREERTOS-prjfiles/dht11_finished/build/lib_libmetal.a
LOAD /mnt/e/phytium-dev-windows-nt/slavedevice2/FREERTOS-prjfiles/dht11_finished/build/libuser.a
LOAD /mnt/e/phytium-dev-windows-nt/slavedevice2/FREERTOS-prjfiles/dht11_finished/build/lib_board.a
LOAD /mnt/e/phytium-dev-windows-nt/slavedevice2/FREERTOS-prjfiles/dht11_finished/build/libdrivers.a
LOAD /mnt/e/phytium-dev-windows-nt/slavedevice2/FREERTOS-prjfiles/dht11_finished/build/libarch.a
LOAD /mnt/e/phytium-dev-windows-nt/slavedevice2/FREERTOS-prjfiles/dht11_finished/build/libcommon.a
LOAD /mnt/e/phytium-dev-windows-nt/slavedevice2/FREERTOS-prjfiles/dht11_finished/build/libsoc.a
LOAD /mnt/e/phytium-dev-windows-nt/slavedevice2/FREERTOS-prjfiles/dht11_finished/build/lib_syscall.a
END GROUP
LOAD /mnt/e/phytium-dev-linux-x64/cross_tool/gcc-arm-10.3-2021.07-x86_64-aarch64-none-elf/bin/../lib/gcc/aarch64-none-elf/10.3.1/libgcc.a
LOAD /mnt/e/phytium-dev-linux-x64/cross_tool/gcc-arm-10.3-2021.07-x86_64-aarch64-none-elf/bin/../lib/gcc/aarch64-none-elf/10.3.1/../../../../aarch64-none-elf/lib/libc.a
LOAD /mnt/e/phytium-dev-linux-x64/cross_tool/gcc-arm-10.3-2021.07-x86_64-aarch64-none-elf/bin/../lib/gcc/aarch64-none-elf/10.3.1/libgcc.a

.text           0x00000000b0100000    0x19f20
 *(.vectors)
 .vectors       0x00000000b0100000      0x718 /mnt/e/phytium-dev-windows-nt/slavedevice2/FREERTOS-prjfiles/dht11_finished/build/libarch.a(fvectors.o)
                0x00000000b0100000                _vector_table
                0x00000000b0100618                SErrorInterruptHandler
 *(.boot)
 .boot          0x00000000b0100718      0x168 /mnt/e/phytium-dev-windows-nt/slavedevice2/FREERTOS-prjfiles/dht11_finished/build/libarch.a(fboot.o)
                0x00000000b0100718                _boot
 *(.text)
 *fill*         0x00000000b0100880       0x80 
 .text          0x00000000b0100900      0x948 /mnt/e/phytium-dev-windows-nt/slavedevice2/FREERTOS-prjfiles/dht11_finished/build/lib_freertos.a(portASM.o)
                0x00000000b0100900                vSynchronousInterruptHandler
                0x00000000b0100c00                vSynchronousInterruptHandlerSPx
                0x00000000b0100c90                vSErrorInterruptHandler
                0x00000000b0100e00                vPortRestoreTaskContext
                0x00000000b0100f00                FreeRTOS_IRQ_Handler
 .text          0x00000000b0101248      0x1ac /mnt/e/phytium-dev-windows-nt/slavedevice2/FREERTOS-prjfiles/dht11_finished/build/libdrivers.a(fgic_cpu_interface.o)
                0x00000000b0101248                FGicSetICC_SRE_EL3
                0x00000000b0101254                FGicSetICC_SRE_EL2
                0x00000000b0101260                FGicSetICC_SRE_EL1
                0x00000000b010126c                FGicGetICC_SRE_EL3
                0x00000000b0101274                FGicGetICC_SRE_EL2
                0x00000000b010127c                FGicGetICC_SRE_EL1
                0x00000000b0101284                FGicEnableGroup0
                0x00000000b0101294                FGicDisableGroup0
                0x00000000b01012a4                FGicEnableGroup1_EL3
                0x00000000b01012b4                FGicEnableGroup1_EL1
                0x00000000b01012c4                FGicDisableGroup1_EL1
                0x00000000b01012d4                FGicDisableGroup1_EL3
                0x00000000b01012e4                FGicSetICC_CTLR_EL3
                0x00000000b01012f0                FGicSetICC_CTLR_EL1
                0x00000000b01012fc                FGicGetICC_CTLR_EL3
                0x00000000b0101304                FGicGetICC_CTLR_EL1
                0x00000000b010130c                FGicGetICC_APR0
                0x00000000b0101314                FGicGetICC_APR1
                0x00000000b010131c                FGicSetICC_EOIR0
                0x00000000b0101328                FGicSetICC_EOIR1
                0x00000000b0101334                FGicSetICC_DIR
                0x00000000b0101340                FGicSetICC_PMR
                0x00000000b010134c                FGicGetICC_PMR
                0x00000000b0101354                FGicGetICC_BPR1
                0x00000000b010135c                FGicSetICC_BPR1
                0x00000000b0101368                FGicGetICC_BPR0
                0x00000000b0101370                FGicSetICC_BPR0
                0x00000000b010137c                FGicGetICC_HPPIR1
                0x00000000b0101384                FGicSetICC_HPPIR1
                0x00000000b0101390                FGicGetICC_HPPIR0
                0x00000000b0101398                FGicSetICC_HPPIR0
                0x00000000b01013a4                FGicGetICC_RPR
                0x00000000b01013ac                FGicSetICC_SGI0R
                0x00000000b01013c4                FGicSetICC_SGI1R
                0x00000000b01013dc                FGicSetICC_ASGI1R
 *fill*         0x00000000b01013f4        0xc 
 .text          0x00000000b0101400      0x1cc /mnt/e/phytium-dev-windows-nt/slavedevice2/FREERTOS-prjfiles/dht11_finished/build/libarch.a(fcrt0.o)
                0x00000000b0101438                _startup
                0x00000000b010156c                InvalidateFlushDcaches
 .text          0x00000000b01015cc       0x18 /mnt/e/phytium-dev-windows-nt/slavedevice2/FREERTOS-prjfiles/dht11_finished/build/libarch.a(ftrace_uart.o)
                0x00000000b01015cc                FTraceUartInit
                0x00000000b01015d0                FTraceBootup
                0x00000000b01015d4                FTraceEL3
                0x00000000b01015d8                FTraceEL2
                0x00000000b01015dc                FTraceEL1
                0x00000000b01015e0                FTraceCEntry
 .text          0x00000000b01015e4       0x30 /mnt/e/phytium-dev-windows-nt/slavedevice2/FREERTOS-prjfiles/dht11_finished/build/libsoc.a(fcpu_asm.o)
                0x00000000b01015e4                GetAffinity
                0x00000000b01015ec                ArchSpinLock
                0x00000000b010160c                ArchSpinUnlock
 *fill*         0x00000000b0101614        0xc 
 .text          0x00000000b0101620       0x2c /mnt/e/phytium-dev-linux-x64/cross_tool/gcc-arm-10.3-2021.07-x86_64-aarch64-none-elf/bin/../lib/gcc/aarch64-none-elf/10.3.1/libgcc.a(swp_4_2.o)
                0x00000000b0101620                __aarch64_swp4_acq
 *fill*         0x00000000b010164c       0x34 
 .text          0x00000000b0101680      0x16c /mnt/e/phytium-dev-linux-x64/cross_tool/gcc-arm-10.3-2021.07-x86_64-aarch64-none-elf/bin/../lib/gcc/aarch64-none-elf/10.3.1/../../../../aarch64-none-elf/lib/libc.a(lib_a-memcpy.o)
                0x00000000b0101680                memcpy
 *fill*         0x00000000b01017ec       0x14 
 .text          0x00000000b0101800      0x1dc /mnt/e/phytium-dev-linux-x64/cross_tool/gcc-arm-10.3-2021.07-x86_64-aarch64-none-elf/bin/../lib/gcc/aarch64-none-elf/10.3.1/../../../../aarch64-none-elf/lib/libc.a(lib_a-memset.o)
                0x00000000b0101800                memset
 *fill*         0x00000000b01019dc       0x24 
 .text          0x00000000b0101a00       0xe4 /mnt/e/phytium-dev-linux-x64/cross_tool/gcc-arm-10.3-2021.07-x86_64-aarch64-none-elf/bin/../lib/gcc/aarch64-none-elf/10.3.1/../../../../aarch64-none-elf/lib/libc.a(lib_a-strcmp.o)
                0x00000000b0101a00                strcmp
 *fill*         0x00000000b0101ae4       0x1c 
 .text          0x00000000b0101b00      0x140 /mnt/e/phytium-dev-linux-x64/cross_tool/gcc-arm-10.3-2021.07-x86_64-aarch64-none-elf/bin/../lib/gcc/aarch64-none-elf/10.3.1/../../../../aarch64-none-elf/lib/libc.a(lib_a-strlen.o)
                0x00000000b0101b00                strlen
 .text          0x00000000b0101c40      0x1d4 /mnt/e/phytium-dev-linux-x64/cross_tool/gcc-arm-10.3-2021.07-x86_64-aarch64-none-elf/bin/../lib/gcc/aarch64-none-elf/10.3.1/../../../../aarch64-none-elf/lib/libc.a(lib_a-strncmp.o)
                0x00000000b0101c5c                strncmp
 .text          0x00000000b0101e14       0xd8 /mnt/e/phytium-dev-linux-x64/cross_tool/gcc-arm-10.3-2021.07-x86_64-aarch64-none-elf/bin/../lib/gcc/aarch64-none-elf/10.3.1/../../../../aarch64-none-elf/lib/libc.a(lib_a-memchr.o)
                0x00000000b0101e14                memchr
 *fill*         0x00000000b0101eec       0x14 
 .text          0x00000000b0101f00       0xac /mnt/e/phytium-dev-linux-x64/cross_tool/gcc-arm-10.3-2021.07-x86_64-aarch64-none-elf/bin/../lib/gcc/aarch64-none-elf/10.3.1/../../../../aarch64-none-elf/lib/libc.a(lib_a-memmove.o)
                0x00000000b0101f00                memmove
 *(.text.*)
 .text.FGpioOsGetId
                0x00000000b0101fac       0x38 /mnt/e/phytium-dev-windows-nt/slavedevice2/FREERTOS-prjfiles/dht11_finished/build/lib_rtos_driver.a(fgpio_os.o)
 .text.FGpioOsTakeSema
                0x00000000b0101fe4       0x64 /mnt/e/phytium-dev-windows-nt/slavedevice2/FREERTOS-prjfiles/dht11_finished/build/lib_rtos_driver.a(fgpio_os.o)
 .text.FGpioOsGiveSema
                0x00000000b0102048       0x58 /mnt/e/phytium-dev-windows-nt/slavedevice2/FREERTOS-prjfiles/dht11_finished/build/lib_rtos_driver.a(fgpio_os.o)
 .text.FFreeRTOSGpioInit
                0x00000000b01020a0      0x1c4 /mnt/e/phytium-dev-windows-nt/slavedevice2/FREERTOS-prjfiles/dht11_finished/build/lib_rtos_driver.a(fgpio_os.o)
                0x00000000b01020a0                FFreeRTOSGpioInit
 .text.FFreeRTOSSetupPin
                0x00000000b0102264      0x1ac /mnt/e/phytium-dev-windows-nt/slavedevice2/FREERTOS-prjfiles/dht11_finished/build/lib_rtos_driver.a(fgpio_os.o)
                0x00000000b0102264                FFreeRTOSSetupPin
 .text.FFreeRTOSPinWrite
                0x00000000b0102410       0xf0 /mnt/e/phytium-dev-windows-nt/slavedevice2/FREERTOS-prjfiles/dht11_finished/build/lib_rtos_driver.a(fgpio_os.o)
                0x00000000b0102410                FFreeRTOSPinWrite
 .text.FFreeRTOSPinRead
                0x00000000b0102500       0xe4 /mnt/e/phytium-dev-windows-nt/slavedevice2/FREERTOS-prjfiles/dht11_finished/build/lib_rtos_driver.a(fgpio_os.o)
                0x00000000b0102500                FFreeRTOSPinRead
 .text.vListInitialise
                0x00000000b01025e4       0x18 /mnt/e/phytium-dev-windows-nt/slavedevice2/FREERTOS-prjfiles/dht11_finished/build/lib_freertos.a(list.o)
                0x00000000b01025e4                vListInitialise
 .text.vListInitialiseItem
                0x00000000b01025fc        0x8 /mnt/e/phytium-dev-windows-nt/slavedevice2/FREERTOS-prjfiles/dht11_finished/build/lib_freertos.a(list.o)
                0x00000000b01025fc                vListInitialiseItem
 .text.vListInsert
                0x00000000b0102604       0x54 /mnt/e/phytium-dev-windows-nt/slavedevice2/FREERTOS-prjfiles/dht11_finished/build/lib_freertos.a(list.o)
                0x00000000b0102604                vListInsert
 .text.uxListRemove
                0x00000000b0102658       0x40 /mnt/e/phytium-dev-windows-nt/slavedevice2/FREERTOS-prjfiles/dht11_finished/build/lib_freertos.a(list.o)
                0x00000000b0102658                uxListRemove
 .text.prvIsQueueEmpty
                0x00000000b0102698       0x24 /mnt/e/phytium-dev-windows-nt/slavedevice2/FREERTOS-prjfiles/dht11_finished/build/lib_freertos.a(queue.o)
 .text.prvCopyDataToQueue
                0x00000000b01026bc       0xcc /mnt/e/phytium-dev-windows-nt/slavedevice2/FREERTOS-prjfiles/dht11_finished/build/lib_freertos.a(queue.o)
 .text.prvCopyDataFromQueue
                0x00000000b0102788       0x38 /mnt/e/phytium-dev-windows-nt/slavedevice2/FREERTOS-prjfiles/dht11_finished/build/lib_freertos.a(queue.o)
 .text.prvNotifyQueueSetContainer
                0x00000000b01027c0       0xe4 /mnt/e/phytium-dev-windows-nt/slavedevice2/FREERTOS-prjfiles/dht11_finished/build/lib_freertos.a(queue.o)
 .text.prvUnlockQueue
                0x00000000b01028a4       0xb8 /mnt/e/phytium-dev-windows-nt/slavedevice2/FREERTOS-prjfiles/dht11_finished/build/lib_freertos.a(queue.o)
 .text.xQueueGenericReset
                0x00000000b010295c       0xc4 /mnt/e/phytium-dev-windows-nt/slavedevice2/FREERTOS-prjfiles/dht11_finished/build/lib_freertos.a(queue.o)
                0x00000000b010295c                xQueueGenericReset
 .text.xQueueGenericCreateStatic
                0x00000000b0102a20       0xd0 /mnt/e/phytium-dev-windows-nt/slavedevice2/FREERTOS-prjfiles/dht11_finished/build/lib_freertos.a(queue.o)
                0x00000000b0102a20                xQueueGenericCreateStatic
 .text.xQueueGenericCreate
                0x00000000b0102af0       0x94 /mnt/e/phytium-dev-windows-nt/slavedevice2/FREERTOS-prjfiles/dht11_finished/build/lib_freertos.a(queue.o)
                0x00000000b0102af0                xQueueGenericCreate
 .text.xQueueGenericSend
                0x00000000b0102b84      0x1e8 /mnt/e/phytium-dev-windows-nt/slavedevice2/FREERTOS-prjfiles/dht11_finished/build/lib_freertos.a(queue.o)
                0x00000000b0102b84                xQueueGenericSend
 .text.xQueueCreateMutex
                0x00000000b0102d6c       0x40 /mnt/e/phytium-dev-windows-nt/slavedevice2/FREERTOS-prjfiles/dht11_finished/build/lib_freertos.a(queue.o)
                0x00000000b0102d6c                xQueueCreateMutex
 .text.xQueueReceive
                0x00000000b0102dac      0x188 /mnt/e/phytium-dev-windows-nt/slavedevice2/FREERTOS-prjfiles/dht11_finished/build/lib_freertos.a(queue.o)
                0x00000000b0102dac                xQueueReceive
 .text.xQueueSemaphoreTake
                0x00000000b0102f34      0x1d0 /mnt/e/phytium-dev-windows-nt/slavedevice2/FREERTOS-prjfiles/dht11_finished/build/lib_freertos.a(queue.o)
                0x00000000b0102f34                xQueueSemaphoreTake
 .text.vQueueWaitForMessageRestricted
                0x00000000b0103104       0x6c /mnt/e/phytium-dev-windows-nt/slavedevice2/FREERTOS-prjfiles/dht11_finished/build/lib_freertos.a(queue.o)
                0x00000000b0103104                vQueueWaitForMessageRestricted
 .text.prvAddNewTaskToReadyList
                0x00000000b0103170      0x18c /mnt/e/phytium-dev-windows-nt/slavedevice2/FREERTOS-prjfiles/dht11_finished/build/lib_freertos.a(tasks.o)
 .text.prvAddCurrentTaskToDelayedList
                0x00000000b01032fc      0x120 /mnt/e/phytium-dev-windows-nt/slavedevice2/FREERTOS-prjfiles/dht11_finished/build/lib_freertos.a(tasks.o)
 .text.prvResetNextTaskUnblockTime
                0x00000000b010341c       0x30 /mnt/e/phytium-dev-windows-nt/slavedevice2/FREERTOS-prjfiles/dht11_finished/build/lib_freertos.a(tasks.o)
 .text.prvDeleteTCB
                0x00000000b010344c       0x48 /mnt/e/phytium-dev-windows-nt/slavedevice2/FREERTOS-prjfiles/dht11_finished/build/lib_freertos.a(tasks.o)
 .text.prvIdleTask
                0x00000000b0103494       0x7c /mnt/e/phytium-dev-windows-nt/slavedevice2/FREERTOS-prjfiles/dht11_finished/build/lib_freertos.a(tasks.o)
 .text.prvInitialiseNewTask.constprop.0
                0x00000000b0103510       0xf4 /mnt/e/phytium-dev-windows-nt/slavedevice2/FREERTOS-prjfiles/dht11_finished/build/lib_freertos.a(tasks.o)
 .text.xTaskCreateStatic
                0x00000000b0103604       0xec /mnt/e/phytium-dev-windows-nt/slavedevice2/FREERTOS-prjfiles/dht11_finished/build/lib_freertos.a(tasks.o)
                0x00000000b0103604                xTaskCreateStatic
 .text.xTaskCreate
                0x00000000b01036f0       0xb4 /mnt/e/phytium-dev-windows-nt/slavedevice2/FREERTOS-prjfiles/dht11_finished/build/lib_freertos.a(tasks.o)
                0x00000000b01036f0                xTaskCreate
 .text.vTaskStartScheduler
                0x00000000b01037a4       0xb4 /mnt/e/phytium-dev-windows-nt/slavedevice2/FREERTOS-prjfiles/dht11_finished/build/lib_freertos.a(tasks.o)
                0x00000000b01037a4                vTaskStartScheduler
 .text.vTaskSuspendAll
                0x00000000b0103858       0x14 /mnt/e/phytium-dev-windows-nt/slavedevice2/FREERTOS-prjfiles/dht11_finished/build/lib_freertos.a(tasks.o)
                0x00000000b0103858                vTaskSuspendAll
 .text.xTaskGetTickCount
                0x00000000b010386c        0xc /mnt/e/phytium-dev-windows-nt/slavedevice2/FREERTOS-prjfiles/dht11_finished/build/lib_freertos.a(tasks.o)
                0x00000000b010386c                xTaskGetTickCount
 .text.uxTaskGetNumberOfTasks
                0x00000000b0103878        0xc /mnt/e/phytium-dev-windows-nt/slavedevice2/FREERTOS-prjfiles/dht11_finished/build/lib_freertos.a(tasks.o)
                0x00000000b0103878                uxTaskGetNumberOfTasks
 .text.xTaskIncrementTick
                0x00000000b0103884      0x220 /mnt/e/phytium-dev-windows-nt/slavedevice2/FREERTOS-prjfiles/dht11_finished/build/lib_freertos.a(tasks.o)
                0x00000000b0103884                xTaskIncrementTick
 .text.xTaskResumeAll
                0x00000000b0103aa4      0x1d0 /mnt/e/phytium-dev-windows-nt/slavedevice2/FREERTOS-prjfiles/dht11_finished/build/lib_freertos.a(tasks.o)
                0x00000000b0103aa4                xTaskResumeAll
 .text.vTaskDelay
                0x00000000b0103c74       0x54 /mnt/e/phytium-dev-windows-nt/slavedevice2/FREERTOS-prjfiles/dht11_finished/build/lib_freertos.a(tasks.o)
                0x00000000b0103c74                vTaskDelay
 .text.vTaskSwitchContext
                0x00000000b0103cc8      0x108 /mnt/e/phytium-dev-windows-nt/slavedevice2/FREERTOS-prjfiles/dht11_finished/build/lib_freertos.a(tasks.o)
                0x00000000b0103cc8                vTaskSwitchContext
 .text.vTaskPlaceOnEventList
                0x00000000b0103dd0       0x4c /mnt/e/phytium-dev-windows-nt/slavedevice2/FREERTOS-prjfiles/dht11_finished/build/lib_freertos.a(tasks.o)
                0x00000000b0103dd0                vTaskPlaceOnEventList
 .text.vTaskPlaceOnEventListRestricted
                0x00000000b0103e1c       0x88 /mnt/e/phytium-dev-windows-nt/slavedevice2/FREERTOS-prjfiles/dht11_finished/build/lib_freertos.a(tasks.o)
                0x00000000b0103e1c                vTaskPlaceOnEventListRestricted
 .text.xTaskRemoveFromEventList
                0x00000000b0103ea4      0x16c /mnt/e/phytium-dev-windows-nt/slavedevice2/FREERTOS-prjfiles/dht11_finished/build/lib_freertos.a(tasks.o)
                0x00000000b0103ea4                xTaskRemoveFromEventList
 .text.vTaskInternalSetTimeOutState
                0x00000000b0104010       0x1c /mnt/e/phytium-dev-windows-nt/slavedevice2/FREERTOS-prjfiles/dht11_finished/build/lib_freertos.a(tasks.o)
                0x00000000b0104010                vTaskInternalSetTimeOutState
 .text.xTaskCheckForTimeOut
                0x00000000b010402c       0xcc /mnt/e/phytium-dev-windows-nt/slavedevice2/FREERTOS-prjfiles/dht11_finished/build/lib_freertos.a(tasks.o)
                0x00000000b010402c                xTaskCheckForTimeOut
 .text.vTaskMissedYield
                0x00000000b01040f8       0x10 /mnt/e/phytium-dev-windows-nt/slavedevice2/FREERTOS-prjfiles/dht11_finished/build/lib_freertos.a(tasks.o)
                0x00000000b01040f8                vTaskMissedYield
 .text.xTaskGetSchedulerState
                0x00000000b0104108       0x2c /mnt/e/phytium-dev-windows-nt/slavedevice2/FREERTOS-prjfiles/dht11_finished/build/lib_freertos.a(tasks.o)
                0x00000000b0104108                xTaskGetSchedulerState
 .text.xTaskPriorityInherit
                0x00000000b0104134      0x134 /mnt/e/phytium-dev-windows-nt/slavedevice2/FREERTOS-prjfiles/dht11_finished/build/lib_freertos.a(tasks.o)
                0x00000000b0104134                xTaskPriorityInherit
 .text.xTaskPriorityDisinherit
                0x00000000b0104268      0x118 /mnt/e/phytium-dev-windows-nt/slavedevice2/FREERTOS-prjfiles/dht11_finished/build/lib_freertos.a(tasks.o)
                0x00000000b0104268                xTaskPriorityDisinherit
 .text.vTaskPriorityDisinheritAfterTimeout
                0x00000000b0104380      0x134 /mnt/e/phytium-dev-windows-nt/slavedevice2/FREERTOS-prjfiles/dht11_finished/build/lib_freertos.a(tasks.o)
                0x00000000b0104380                vTaskPriorityDisinheritAfterTimeout
 .text.pvTaskIncrementMutexHeldCount
                0x00000000b01044b4       0x24 /mnt/e/phytium-dev-windows-nt/slavedevice2/FREERTOS-prjfiles/dht11_finished/build/lib_freertos.a(tasks.o)
                0x00000000b01044b4                pvTaskIncrementMutexHeldCount
 .text.prvCheckForValidListAndQueue
                0x00000000b01044d8       0x78 /mnt/e/phytium-dev-windows-nt/slavedevice2/FREERTOS-prjfiles/dht11_finished/build/lib_freertos.a(timers.o)
 .text.prvInsertTimerInActiveList
                0x00000000b0104550       0x64 /mnt/e/phytium-dev-windows-nt/slavedevice2/FREERTOS-prjfiles/dht11_finished/build/lib_freertos.a(timers.o)
 .text.prvReloadTimer
                0x00000000b01045b4       0x54 /mnt/e/phytium-dev-windows-nt/slavedevice2/FREERTOS-prjfiles/dht11_finished/build/lib_freertos.a(timers.o)
 .text.prvProcessExpiredTimer
                0x00000000b0104608       0x64 /mnt/e/phytium-dev-windows-nt/slavedevice2/FREERTOS-prjfiles/dht11_finished/build/lib_freertos.a(timers.o)
 .text.prvSampleTimeNow
                0x00000000b010466c       0x8c /mnt/e/phytium-dev-windows-nt/slavedevice2/FREERTOS-prjfiles/dht11_finished/build/lib_freertos.a(timers.o)
 .text.prvTimerTask
                0x00000000b01046f8      0x20c /mnt/e/phytium-dev-windows-nt/slavedevice2/FREERTOS-prjfiles/dht11_finished/build/lib_freertos.a(timers.o)
 .text.xTimerCreateTimerTask
                0x00000000b0104904       0x7c /mnt/e/phytium-dev-windows-nt/slavedevice2/FREERTOS-prjfiles/dht11_finished/build/lib_freertos.a(timers.o)
                0x00000000b0104904                xTimerCreateTimerTask
 .text.prvInsertBlockIntoFreeList
                0x00000000b0104980       0x80 /mnt/e/phytium-dev-windows-nt/slavedevice2/FREERTOS-prjfiles/dht11_finished/build/lib_freertos.a(heap_4.o)
 .text.pvPortMalloc
                0x00000000b0104a00      0x1c8 /mnt/e/phytium-dev-windows-nt/slavedevice2/FREERTOS-prjfiles/dht11_finished/build/lib_freertos.a(heap_4.o)
                0x00000000b0104a00                pvPortMalloc
 .text.vPortFree
                0x00000000b0104bc8       0x98 /mnt/e/phytium-dev-windows-nt/slavedevice2/FREERTOS-prjfiles/dht11_finished/build/lib_freertos.a(heap_4.o)
                0x00000000b0104bc8                vPortFree
 .text.vMainAssertCalled
                0x00000000b0104c60       0x1c /mnt/e/phytium-dev-windows-nt/slavedevice2/FREERTOS-prjfiles/dht11_finished/build/lib_freertos.a(freertos_configs.o)
                0x00000000b0104c60                vMainAssertCalled
 .text.vApplicationMallocFailedHook
                0x00000000b0104c7c       0x20 /mnt/e/phytium-dev-windows-nt/slavedevice2/FREERTOS-prjfiles/dht11_finished/build/lib_freertos.a(freertos_configs.o)
                0x00000000b0104c7c                vApplicationMallocFailedHook
 .text.vConfigureTickInterrupt
                0x00000000b0104c9c       0x50 /mnt/e/phytium-dev-windows-nt/slavedevice2/FREERTOS-prjfiles/dht11_finished/build/lib_freertos.a(freertos_configs.o)
                0x00000000b0104c9c                vConfigureTickInterrupt
 .text.vClearTickInterrupt
                0x00000000b0104cec       0x18 /mnt/e/phytium-dev-windows-nt/slavedevice2/FREERTOS-prjfiles/dht11_finished/build/lib_freertos.a(freertos_configs.o)
                0x00000000b0104cec                vClearTickInterrupt
 .text.vApplicationInterruptHandler
                0x00000000b0104d04       0x58 /mnt/e/phytium-dev-windows-nt/slavedevice2/FREERTOS-prjfiles/dht11_finished/build/lib_freertos.a(freertos_configs.o)
                0x00000000b0104d04                vApplicationInterruptHandler
 .text.vApplicationGetIdleTaskMemory
                0x00000000b0104d5c       0x24 /mnt/e/phytium-dev-windows-nt/slavedevice2/FREERTOS-prjfiles/dht11_finished/build/lib_freertos.a(freertos_configs.o)
                0x00000000b0104d5c                vApplicationGetIdleTaskMemory
 .text.vApplicationGetTimerTaskMemory
                0x00000000b0104d80       0x24 /mnt/e/phytium-dev-windows-nt/slavedevice2/FREERTOS-prjfiles/dht11_finished/build/lib_freertos.a(freertos_configs.o)
                0x00000000b0104d80                vApplicationGetTimerTaskMemory
 .text.pxPortInitialiseStack
                0x00000000b0104da4      0x150 /mnt/e/phytium-dev-windows-nt/slavedevice2/FREERTOS-prjfiles/dht11_finished/build/lib_freertos.a(port.o)
                0x00000000b0104da4                pxPortInitialiseStack
 .text.xPortStartScheduler
                0x00000000b0104ef4       0x90 /mnt/e/phytium-dev-windows-nt/slavedevice2/FREERTOS-prjfiles/dht11_finished/build/lib_freertos.a(port.o)
                0x00000000b0104ef4                xPortStartScheduler
 .text.vPortExitCritical
                0x00000000b0104f84       0x58 /mnt/e/phytium-dev-windows-nt/slavedevice2/FREERTOS-prjfiles/dht11_finished/build/lib_freertos.a(port.o)
                0x00000000b0104f84                vPortExitCritical
 .text.FreeRTOS_Tick_Handler
                0x00000000b0104fdc       0x50 /mnt/e/phytium-dev-windows-nt/slavedevice2/FREERTOS-prjfiles/dht11_finished/build/lib_freertos.a(port.o)
                0x00000000b0104fdc                FreeRTOS_Tick_Handler
 .text.uxPortSetInterruptMask
                0x00000000b010502c       0x50 /mnt/e/phytium-dev-windows-nt/slavedevice2/FREERTOS-prjfiles/dht11_finished/build/lib_freertos.a(port.o)
                0x00000000b010502c                uxPortSetInterruptMask
 .text.vPortEnterCritical
                0x00000000b010507c       0x4c /mnt/e/phytium-dev-windows-nt/slavedevice2/FREERTOS-prjfiles/dht11_finished/build/lib_freertos.a(port.o)
                0x00000000b010507c                vPortEnterCritical
 .text.vApplicationTickHook
                0x00000000b01050c8        0x4 /mnt/e/phytium-dev-windows-nt/slavedevice2/FREERTOS-prjfiles/dht11_finished/build/lib_freertos.a(port.o)
                0x00000000b01050c8                vApplicationTickHook
 .text.vApplicationIdleHook
                0x00000000b01050cc        0x4 /mnt/e/phytium-dev-windows-nt/slavedevice2/FREERTOS-prjfiles/dht11_finished/build/lib_freertos.a(port.o)
                0x00000000b01050cc                vApplicationIdleHook
 .text.vTaskSwitchSPx
                0x00000000b01050d0       0x24 /mnt/e/phytium-dev-windows-nt/slavedevice2/FREERTOS-prjfiles/dht11_finished/build/lib_freertos.a(port.o)
                0x00000000b01050d0                vTaskSwitchSPx
 .text.backtrace
                0x00000000b01050f4      0x100 /mnt/e/phytium-dev-windows-nt/slavedevice2/FREERTOS-prjfiles/dht11_finished/build/lib_backtrace.a(backtrace.o)
                0x00000000b01050f4                backtrace
 .text.remoteproc_virtio_notify
                0x00000000b01051f4       0x10 /mnt/e/phytium-dev-windows-nt/slavedevice2/FREERTOS-prjfiles/dht11_finished/build/lib_openamp.a(remoteproc.o)
 .text.__metal_mutex_acquire
                0x00000000b0105204       0x34 /mnt/e/phytium-dev-windows-nt/slavedevice2/FREERTOS-prjfiles/dht11_finished/build/lib_openamp.a(remoteproc.o)
 .text.__metal_mutex_release
                0x00000000b0105238       0x3c /mnt/e/phytium-dev-windows-nt/slavedevice2/FREERTOS-prjfiles/dht11_finished/build/lib_openamp.a(remoteproc.o)
 .text.remoteproc_get_mem
                0x00000000b0105274      0x16c /mnt/e/phytium-dev-windows-nt/slavedevice2/FREERTOS-prjfiles/dht11_finished/build/lib_openamp.a(remoteproc.o)
 .text.metal_io_phys_to_offset
                0x00000000b01053e0       0xc8 /mnt/e/phytium-dev-windows-nt/slavedevice2/FREERTOS-prjfiles/dht11_finished/build/lib_openamp.a(remoteproc.o)
 .text.remoteproc_init
                0x00000000b01054a8       0x88 /mnt/e/phytium-dev-windows-nt/slavedevice2/FREERTOS-prjfiles/dht11_finished/build/lib_openamp.a(remoteproc.o)
                0x00000000b01054a8                remoteproc_init
 .text.remoteproc_remove
                0x00000000b0105530       0x58 /mnt/e/phytium-dev-windows-nt/slavedevice2/FREERTOS-prjfiles/dht11_finished/build/lib_openamp.a(remoteproc.o)
                0x00000000b0105530                remoteproc_remove
 .text.remoteproc_get_io_with_pa
                0x00000000b0105588       0x30 /mnt/e/phytium-dev-windows-nt/slavedevice2/FREERTOS-prjfiles/dht11_finished/build/lib_openamp.a(remoteproc.o)
                0x00000000b0105588                remoteproc_get_io_with_pa
 .text.remoteproc_get_io_with_va
                0x00000000b01055b8       0x30 /mnt/e/phytium-dev-windows-nt/slavedevice2/FREERTOS-prjfiles/dht11_finished/build/lib_openamp.a(remoteproc.o)
                0x00000000b01055b8                remoteproc_get_io_with_va
 .text.remoteproc_set_rsc_table
                0x00000000b01055e8       0x68 /mnt/e/phytium-dev-windows-nt/slavedevice2/FREERTOS-prjfiles/dht11_finished/build/lib_openamp.a(remoteproc.o)
                0x00000000b01055e8                remoteproc_set_rsc_table
 .text.remoteproc_mmap
                0x00000000b0105650      0x15c /mnt/e/phytium-dev-windows-nt/slavedevice2/FREERTOS-prjfiles/dht11_finished/build/lib_openamp.a(remoteproc.o)
                0x00000000b0105650                remoteproc_mmap
 .text.remoteproc_allocate_id
                0x00000000b01057ac       0x74 /mnt/e/phytium-dev-windows-nt/slavedevice2/FREERTOS-prjfiles/dht11_finished/build/lib_openamp.a(remoteproc.o)
                0x00000000b01057ac                remoteproc_allocate_id
 .text.remoteproc_remove_virtio
                0x00000000b0105820       0x48 /mnt/e/phytium-dev-windows-nt/slavedevice2/FREERTOS-prjfiles/dht11_finished/build/lib_openamp.a(remoteproc.o)
                0x00000000b0105820                remoteproc_remove_virtio
 .text.remoteproc_create_virtio
                0x00000000b0105868      0x1c4 /mnt/e/phytium-dev-windows-nt/slavedevice2/FREERTOS-prjfiles/dht11_finished/build/lib_openamp.a(remoteproc.o)
                0x00000000b0105868                remoteproc_create_virtio
 .text.remoteproc_get_notification
                0x00000000b0105a2c       0x44 /mnt/e/phytium-dev-windows-nt/slavedevice2/FREERTOS-prjfiles/dht11_finished/build/lib_openamp.a(remoteproc.o)
                0x00000000b0105a2c                remoteproc_get_notification
 .text.rproc_virtio_write_config
                0x00000000b0105a70       0x7c /mnt/e/phytium-dev-windows-nt/slavedevice2/FREERTOS-prjfiles/dht11_finished/build/lib_openamp.a(remoteproc_virtio.o)
 .text.rproc_virtio_read_config
                0x00000000b0105aec       0x50 /mnt/e/phytium-dev-windows-nt/slavedevice2/FREERTOS-prjfiles/dht11_finished/build/lib_openamp.a(remoteproc_virtio.o)
 .text.rproc_virtio_virtqueue_notify
                0x00000000b0105b3c       0x5c /mnt/e/phytium-dev-windows-nt/slavedevice2/FREERTOS-prjfiles/dht11_finished/build/lib_openamp.a(remoteproc_virtio.o)
 .text.metal_io_write.constprop.0
                0x00000000b0105b98       0x94 /mnt/e/phytium-dev-windows-nt/slavedevice2/FREERTOS-prjfiles/dht11_finished/build/lib_openamp.a(remoteproc_virtio.o)
 .text.rproc_virtio_set_status
                0x00000000b0105c2c       0x50 /mnt/e/phytium-dev-windows-nt/slavedevice2/FREERTOS-prjfiles/dht11_finished/build/lib_openamp.a(remoteproc_virtio.o)
 .text.rproc_virtio_reset_device
                0x00000000b0105c7c       0x14 /mnt/e/phytium-dev-windows-nt/slavedevice2/FREERTOS-prjfiles/dht11_finished/build/lib_openamp.a(remoteproc_virtio.o)
 .text.rproc_virtio_set_features
                0x00000000b0105c90       0x50 /mnt/e/phytium-dev-windows-nt/slavedevice2/FREERTOS-prjfiles/dht11_finished/build/lib_openamp.a(remoteproc_virtio.o)
 .text.metal_io_read.constprop.0
                0x00000000b0105ce0       0x98 /mnt/e/phytium-dev-windows-nt/slavedevice2/FREERTOS-prjfiles/dht11_finished/build/lib_openamp.a(remoteproc_virtio.o)
 .text.rproc_virtio_get_dfeatures
                0x00000000b0105d78       0x38 /mnt/e/phytium-dev-windows-nt/slavedevice2/FREERTOS-prjfiles/dht11_finished/build/lib_openamp.a(remoteproc_virtio.o)
 .text.rproc_virtio_negotiate_features
                0x00000000b0105db0       0x30 /mnt/e/phytium-dev-windows-nt/slavedevice2/FREERTOS-prjfiles/dht11_finished/build/lib_openamp.a(remoteproc_virtio.o)
 .text.rproc_virtio_get_features
                0x00000000b0105de0       0x4c /mnt/e/phytium-dev-windows-nt/slavedevice2/FREERTOS-prjfiles/dht11_finished/build/lib_openamp.a(remoteproc_virtio.o)
 .text.rproc_virtio_get_status
                0x00000000b0105e2c       0x38 /mnt/e/phytium-dev-windows-nt/slavedevice2/FREERTOS-prjfiles/dht11_finished/build/lib_openamp.a(remoteproc_virtio.o)
 .text.rproc_virtio_create_vdev
                0x00000000b0105e64      0x194 /mnt/e/phytium-dev-windows-nt/slavedevice2/FREERTOS-prjfiles/dht11_finished/build/lib_openamp.a(remoteproc_virtio.o)
                0x00000000b0105e64                rproc_virtio_create_vdev
 .text.rproc_virtio_remove_vdev
                0x00000000b0105ff8       0x64 /mnt/e/phytium-dev-windows-nt/slavedevice2/FREERTOS-prjfiles/dht11_finished/build/lib_openamp.a(remoteproc_virtio.o)
                0x00000000b0105ff8                rproc_virtio_remove_vdev
 .text.rproc_virtio_init_vring
                0x00000000b010605c       0x3c /mnt/e/phytium-dev-windows-nt/slavedevice2/FREERTOS-prjfiles/dht11_finished/build/lib_openamp.a(remoteproc_virtio.o)
                0x00000000b010605c                rproc_virtio_init_vring
 .text.rproc_virtio_notified
                0x00000000b0106098       0x84 /mnt/e/phytium-dev-windows-nt/slavedevice2/FREERTOS-prjfiles/dht11_finished/build/lib_openamp.a(remoteproc_virtio.o)
                0x00000000b0106098                rproc_virtio_notified
 .text.rproc_virtio_wait_remote_ready
                0x00000000b010611c       0x2c /mnt/e/phytium-dev-windows-nt/slavedevice2/FREERTOS-prjfiles/dht11_finished/build/lib_openamp.a(remoteproc_virtio.o)
                0x00000000b010611c                rproc_virtio_wait_remote_ready
 .text.handle_trace_rsc
                0x00000000b0106148       0x28 /mnt/e/phytium-dev-windows-nt/slavedevice2/FREERTOS-prjfiles/dht11_finished/build/lib_openamp.a(rsc_table_parser.o)
                0x00000000b0106148                handle_trace_rsc
 .text.handle_dummy_rsc
                0x00000000b0106170        0x8 /mnt/e/phytium-dev-windows-nt/slavedevice2/FREERTOS-prjfiles/dht11_finished/build/lib_openamp.a(rsc_table_parser.o)
 .text.handle_carve_out_rsc
                0x00000000b0106178       0x58 /mnt/e/phytium-dev-windows-nt/slavedevice2/FREERTOS-prjfiles/dht11_finished/build/lib_openamp.a(rsc_table_parser.o)
                0x00000000b0106178                handle_carve_out_rsc
 .text.handle_vdev_rsc
                0x00000000b01061d0       0x88 /mnt/e/phytium-dev-windows-nt/slavedevice2/FREERTOS-prjfiles/dht11_finished/build/lib_openamp.a(rsc_table_parser.o)
                0x00000000b01061d0                handle_vdev_rsc
 .text.handle_vendor_rsc
                0x00000000b0106258       0x24 /mnt/e/phytium-dev-windows-nt/slavedevice2/FREERTOS-prjfiles/dht11_finished/build/lib_openamp.a(rsc_table_parser.o)
                0x00000000b0106258                handle_vendor_rsc
 .text.handle_rsc_table
                0x00000000b010627c      0x104 /mnt/e/phytium-dev-windows-nt/slavedevice2/FREERTOS-prjfiles/dht11_finished/build/lib_openamp.a(rsc_table_parser.o)
                0x00000000b010627c                handle_rsc_table
 .text.find_rsc
                0x00000000b0106380       0x74 /mnt/e/phytium-dev-windows-nt/slavedevice2/FREERTOS-prjfiles/dht11_finished/build/lib_openamp.a(rsc_table_parser.o)
                0x00000000b0106380                find_rsc
 .text.__metal_mutex_acquire
                0x00000000b01063f4       0x34 /mnt/e/phytium-dev-windows-nt/slavedevice2/FREERTOS-prjfiles/dht11_finished/build/lib_openamp.a(rpmsg.o)
 .text.__metal_mutex_release
                0x00000000b0106428       0x3c /mnt/e/phytium-dev-windows-nt/slavedevice2/FREERTOS-prjfiles/dht11_finished/build/lib_openamp.a(rpmsg.o)
 .text.rpmsg_unregister_endpoint
                0x00000000b0106464       0x78 /mnt/e/phytium-dev-windows-nt/slavedevice2/FREERTOS-prjfiles/dht11_finished/build/lib_openamp.a(rpmsg.o)
 .text.rpmsg_send_offchannel_raw
                0x00000000b01064dc       0x30 /mnt/e/phytium-dev-windows-nt/slavedevice2/FREERTOS-prjfiles/dht11_finished/build/lib_openamp.a(rpmsg.o)
                0x00000000b01064dc                rpmsg_send_offchannel_raw
 .text.rpmsg_send_ns_message
                0x00000000b010650c       0x4c /mnt/e/phytium-dev-windows-nt/slavedevice2/FREERTOS-prjfiles/dht11_finished/build/lib_openamp.a(rpmsg.o)
                0x00000000b010650c                rpmsg_send_ns_message
 .text.rpmsg_get_endpoint
                0x00000000b0106558       0xc0 /mnt/e/phytium-dev-windows-nt/slavedevice2/FREERTOS-prjfiles/dht11_finished/build/lib_openamp.a(rpmsg.o)
                0x00000000b0106558                rpmsg_get_endpoint
 .text.rpmsg_register_endpoint
                0x00000000b0106618       0x20 /mnt/e/phytium-dev-windows-nt/slavedevice2/FREERTOS-prjfiles/dht11_finished/build/lib_openamp.a(rpmsg.o)
                0x00000000b0106618                rpmsg_register_endpoint
 .text.rpmsg_create_ept
                0x00000000b0106638      0x180 /mnt/e/phytium-dev-windows-nt/slavedevice2/FREERTOS-prjfiles/dht11_finished/build/lib_openamp.a(rpmsg.o)
                0x00000000b0106638                rpmsg_create_ept
 .text.rpmsg_destroy_ept
                0x00000000b01067b8       0x50 /mnt/e/phytium-dev-windows-nt/slavedevice2/FREERTOS-prjfiles/dht11_finished/build/lib_openamp.a(rpmsg.o)
                0x00000000b01067b8                rpmsg_destroy_ept
 .text.rpmsg_virtio_hold_rx_buffer
                0x00000000b0106808       0x10 /mnt/e/phytium-dev-windows-nt/slavedevice2/FREERTOS-prjfiles/dht11_finished/build/lib_openamp.a(rpmsg_virtio.o)
 .text.rpmsg_virtio_tx_callback
                0x00000000b0106818        0x4 /mnt/e/phytium-dev-windows-nt/slavedevice2/FREERTOS-prjfiles/dht11_finished/build/lib_openamp.a(rpmsg_virtio.o)
 .text.__metal_mutex_acquire
                0x00000000b010681c       0x34 /mnt/e/phytium-dev-windows-nt/slavedevice2/FREERTOS-prjfiles/dht11_finished/build/lib_openamp.a(rpmsg_virtio.o)
 .text.__metal_mutex_release
                0x00000000b0106850       0x3c /mnt/e/phytium-dev-windows-nt/slavedevice2/FREERTOS-prjfiles/dht11_finished/build/lib_openamp.a(rpmsg_virtio.o)
 .text.rpmsg_virtio_ns_callback
                0x00000000b010688c       0xf4 /mnt/e/phytium-dev-windows-nt/slavedevice2/FREERTOS-prjfiles/dht11_finished/build/lib_openamp.a(rpmsg_virtio.o)
 .text.rpmsg_virtio_return_buffer
                0x00000000b0106980       0x54 /mnt/e/phytium-dev-windows-nt/slavedevice2/FREERTOS-prjfiles/dht11_finished/build/lib_openamp.a(rpmsg_virtio.o)
 .text.rpmsg_virtio_get_rx_buffer
                0x00000000b01069d4       0x68 /mnt/e/phytium-dev-windows-nt/slavedevice2/FREERTOS-prjfiles/dht11_finished/build/lib_openamp.a(rpmsg_virtio.o)
 .text.rpmsg_virtio_rx_callback
                0x00000000b0106a3c      0x120 /mnt/e/phytium-dev-windows-nt/slavedevice2/FREERTOS-prjfiles/dht11_finished/build/lib_openamp.a(rpmsg_virtio.o)
 .text.rpmsg_virtio_release_rx_buffer
                0x00000000b0106b5c       0x58 /mnt/e/phytium-dev-windows-nt/slavedevice2/FREERTOS-prjfiles/dht11_finished/build/lib_openamp.a(rpmsg_virtio.o)
 .text.rpmsg_virtio_send_offchannel_nocopy
                0x00000000b0106bb4      0x110 /mnt/e/phytium-dev-windows-nt/slavedevice2/FREERTOS-prjfiles/dht11_finished/build/lib_openamp.a(rpmsg_virtio.o)
 .text.rpmsg_virtio_shm_pool_get_buffer
                0x00000000b0106cc4       0x34 /mnt/e/phytium-dev-windows-nt/slavedevice2/FREERTOS-prjfiles/dht11_finished/build/lib_openamp.a(rpmsg_virtio.o)
                0x00000000b0106cc4                rpmsg_virtio_shm_pool_get_buffer
 .text.rpmsg_virtio_get_tx_payload_buffer
                0x00000000b0106cf8      0x118 /mnt/e/phytium-dev-windows-nt/slavedevice2/FREERTOS-prjfiles/dht11_finished/build/lib_openamp.a(rpmsg_virtio.o)
 .text.rpmsg_virtio_send_offchannel_raw
                0x00000000b0106e10       0x84 /mnt/e/phytium-dev-windows-nt/slavedevice2/FREERTOS-prjfiles/dht11_finished/build/lib_openamp.a(rpmsg_virtio.o)
 .text.rpmsg_virtio_init_shm_pool
                0x00000000b0106e94       0x10 /mnt/e/phytium-dev-windows-nt/slavedevice2/FREERTOS-prjfiles/dht11_finished/build/lib_openamp.a(rpmsg_virtio.o)
                0x00000000b0106e94                rpmsg_virtio_init_shm_pool
 .text.rpmsg_init_vdev
                0x00000000b0106ea4      0x320 /mnt/e/phytium-dev-windows-nt/slavedevice2/FREERTOS-prjfiles/dht11_finished/build/lib_openamp.a(rpmsg_virtio.o)
                0x00000000b0106ea4                rpmsg_init_vdev
 .text.virtio_create_virtqueues
                0x00000000b01071c4      0x108 /mnt/e/phytium-dev-windows-nt/slavedevice2/FREERTOS-prjfiles/dht11_finished/build/lib_openamp.a(virtio.o)
                0x00000000b01071c4                virtio_create_virtqueues
 .text.virtqueue_create
                0x00000000b01072cc       0x98 /mnt/e/phytium-dev-windows-nt/slavedevice2/FREERTOS-prjfiles/dht11_finished/build/lib_openamp.a(virtqueue.o)
                0x00000000b01072cc                virtqueue_create
 .text.virtqueue_add_buffer
                0x00000000b0107364      0x1a4 /mnt/e/phytium-dev-windows-nt/slavedevice2/FREERTOS-prjfiles/dht11_finished/build/lib_openamp.a(virtqueue.o)
                0x00000000b0107364                virtqueue_add_buffer
 .text.virtqueue_get_buffer
                0x00000000b0107508      0x114 /mnt/e/phytium-dev-windows-nt/slavedevice2/FREERTOS-prjfiles/dht11_finished/build/lib_openamp.a(virtqueue.o)
                0x00000000b0107508                virtqueue_get_buffer
 .text.virtqueue_get_buffer_length
                0x00000000b010761c       0x3c /mnt/e/phytium-dev-windows-nt/slavedevice2/FREERTOS-prjfiles/dht11_finished/build/lib_openamp.a(virtqueue.o)
                0x00000000b010761c                virtqueue_get_buffer_length
 .text.virtqueue_get_available_buffer
                0x00000000b0107658       0xbc /mnt/e/phytium-dev-windows-nt/slavedevice2/FREERTOS-prjfiles/dht11_finished/build/lib_openamp.a(virtqueue.o)
                0x00000000b0107658                virtqueue_get_available_buffer
 .text.virtqueue_add_consumed_buffer
                0x00000000b0107714       0x8c /mnt/e/phytium-dev-windows-nt/slavedevice2/FREERTOS-prjfiles/dht11_finished/build/lib_openamp.a(virtqueue.o)
                0x00000000b0107714                virtqueue_add_consumed_buffer
 .text.virtqueue_disable_cb
                0x00000000b01077a0       0xf8 /mnt/e/phytium-dev-windows-nt/slavedevice2/FREERTOS-prjfiles/dht11_finished/build/lib_openamp.a(virtqueue.o)
                0x00000000b01077a0                virtqueue_disable_cb
 .text.virtqueue_kick
                0x00000000b0107898      0x10c /mnt/e/phytium-dev-windows-nt/slavedevice2/FREERTOS-prjfiles/dht11_finished/build/lib_openamp.a(virtqueue.o)
                0x00000000b0107898                virtqueue_kick
 .text.virtqueue_notification
                0x00000000b01079a4       0x18 /mnt/e/phytium-dev-windows-nt/slavedevice2/FREERTOS-prjfiles/dht11_finished/build/lib_openamp.a(virtqueue.o)
                0x00000000b01079a4                virtqueue_notification
 .text.system_metal_logger
                0x00000000b01079bc       0xbc /mnt/e/phytium-dev-windows-nt/slavedevice2/FREERTOS-prjfiles/dht11_finished/build/lib_openamp.a(helper.o)
 .text.init_system
                0x00000000b0107a78       0x28 /mnt/e/phytium-dev-windows-nt/slavedevice2/FREERTOS-prjfiles/dht11_finished/build/lib_openamp.a(helper.o)
                0x00000000b0107a78                init_system
 .text.cleanup_system
                0x00000000b0107aa0       0x14 /mnt/e/phytium-dev-windows-nt/slavedevice2/FREERTOS-prjfiles/dht11_finished/build/lib_openamp.a(helper.o)
                0x00000000b0107aa0                cleanup_system
 .text.PhytiumProcNotify
                0x00000000b0107ab4       0x38 /mnt/e/phytium-dev-windows-nt/slavedevice2/FREERTOS-prjfiles/dht11_finished/build/lib_openamp.a(phytium_os_rproc.o)
 .text.PhytiumProcMmap
                0x00000000b0107aec      0x1e4 /mnt/e/phytium-dev-windows-nt/slavedevice2/FREERTOS-prjfiles/dht11_finished/build/lib_openamp.a(phytium_os_rproc.o)
 .text.PhytiumProcRemove
                0x00000000b0107cd0       0x2c /mnt/e/phytium-dev-windows-nt/slavedevice2/FREERTOS-prjfiles/dht11_finished/build/lib_openamp.a(phytium_os_rproc.o)
 .text.PhytiumIrqhandler
                0x00000000b0107cfc       0x14 /mnt/e/phytium-dev-windows-nt/slavedevice2/FREERTOS-prjfiles/dht11_finished/build/lib_openamp.a(phytium_os_rproc.o)
 .text.PhytiumProcInit
                0x00000000b0107d10       0xcc /mnt/e/phytium-dev-windows-nt/slavedevice2/FREERTOS-prjfiles/dht11_finished/build/lib_openamp.a(phytium_os_rproc.o)
 .text.platform_init
                0x00000000b0107ddc      0x13c /mnt/e/phytium-dev-windows-nt/slavedevice2/FREERTOS-prjfiles/dht11_finished/build/lib_openamp.a(platform_info.o)
                0x00000000b0107ddc                platform_init
 .text.platform_create_rpmsg_vdev
                0x00000000b0107f18      0x1b0 /mnt/e/phytium-dev-windows-nt/slavedevice2/FREERTOS-prjfiles/dht11_finished/build/lib_openamp.a(platform_info.o)
                0x00000000b0107f18                platform_create_rpmsg_vdev
 .text.platform_poll
                0x00000000b01080c8       0x58 /mnt/e/phytium-dev-windows-nt/slavedevice2/FREERTOS-prjfiles/dht11_finished/build/lib_openamp.a(platform_info.o)
                0x00000000b01080c8                platform_poll
 .text.platform_cleanup
                0x00000000b0108120       0x14 /mnt/e/phytium-dev-windows-nt/slavedevice2/FREERTOS-prjfiles/dht11_finished/build/lib_openamp.a(platform_info.o)
                0x00000000b0108120                platform_cleanup
 .text.metal_generic_dev_open
                0x00000000b0108134       0x70 /mnt/e/phytium-dev-windows-nt/slavedevice2/FREERTOS-prjfiles/dht11_finished/build/lib_libmetal.a(device.o)
                0x00000000b0108134                metal_generic_dev_open
 .text.metal_generic_dev_dma_map
                0x00000000b01081a4       0x7c /mnt/e/phytium-dev-windows-nt/slavedevice2/FREERTOS-prjfiles/dht11_finished/build/lib_libmetal.a(device.o)
                0x00000000b01081a4                metal_generic_dev_dma_map
 .text.metal_generic_dev_dma_unmap
                0x00000000b0108220       0x3c /mnt/e/phytium-dev-windows-nt/slavedevice2/FREERTOS-prjfiles/dht11_finished/build/lib_libmetal.a(device.o)
                0x00000000b0108220                metal_generic_dev_dma_unmap
 .text.metal_bus_unregister
                0x00000000b010825c       0x68 /mnt/e/phytium-dev-windows-nt/slavedevice2/FREERTOS-prjfiles/dht11_finished/build/lib_libmetal.a(device.o)
                0x00000000b010825c                metal_bus_unregister
 .text.metal_bus_find
                0x00000000b01082c4       0x64 /mnt/e/phytium-dev-windows-nt/slavedevice2/FREERTOS-prjfiles/dht11_finished/build/lib_libmetal.a(device.o)
                0x00000000b01082c4                metal_bus_find
 .text.metal_bus_register
                0x00000000b0108328       0xa4 /mnt/e/phytium-dev-windows-nt/slavedevice2/FREERTOS-prjfiles/dht11_finished/build/lib_libmetal.a(device.o)
                0x00000000b0108328                metal_bus_register
 .text.metal_device_open
                0x00000000b01083cc       0x80 /mnt/e/phytium-dev-windows-nt/slavedevice2/FREERTOS-prjfiles/dht11_finished/build/lib_libmetal.a(device.o)
                0x00000000b01083cc                metal_device_open
 .text.metal_device_close
                0x00000000b010844c       0x48 /mnt/e/phytium-dev-windows-nt/slavedevice2/FREERTOS-prjfiles/dht11_finished/build/lib_libmetal.a(device.o)
                0x00000000b010844c                metal_device_close
 .text.metal_register_generic_device
                0x00000000b0108494       0x6c /mnt/e/phytium-dev-windows-nt/slavedevice2/FREERTOS-prjfiles/dht11_finished/build/lib_libmetal.a(device.o)
                0x00000000b0108494                metal_register_generic_device
 .text.metal_init
                0x00000000b0108500       0x68 /mnt/e/phytium-dev-windows-nt/slavedevice2/FREERTOS-prjfiles/dht11_finished/build/lib_libmetal.a(init.o)
                0x00000000b0108500                metal_init
 .text.metal_finish
                0x00000000b0108568       0x20 /mnt/e/phytium-dev-windows-nt/slavedevice2/FREERTOS-prjfiles/dht11_finished/build/lib_libmetal.a(init.o)
                0x00000000b0108568                metal_finish
 .text.metal_io_init
                0x00000000b0108588       0x68 /mnt/e/phytium-dev-windows-nt/slavedevice2/FREERTOS-prjfiles/dht11_finished/build/lib_libmetal.a(io.o)
                0x00000000b0108588                metal_io_init
 .text.metal_io_block_read
                0x00000000b01085f0       0xb4 /mnt/e/phytium-dev-windows-nt/slavedevice2/FREERTOS-prjfiles/dht11_finished/build/lib_libmetal.a(io.o)
                0x00000000b01085f0                metal_io_block_read
 .text.metal_io_block_write
                0x00000000b01086a4       0xb4 /mnt/e/phytium-dev-windows-nt/slavedevice2/FREERTOS-prjfiles/dht11_finished/build/lib_libmetal.a(io.o)
                0x00000000b01086a4                metal_io_block_write
 .text.metal_io_block_set
                0x00000000b0108758       0xc4 /mnt/e/phytium-dev-windows-nt/slavedevice2/FREERTOS-prjfiles/dht11_finished/build/lib_libmetal.a(io.o)
                0x00000000b0108758                metal_io_block_set
 .text.sys_irq_restore_enable
                0x00000000b010881c       0x10 /mnt/e/phytium-dev-windows-nt/slavedevice2/FREERTOS-prjfiles/dht11_finished/build/lib_libmetal.a(sys.o)
                0x00000000b010881c                sys_irq_restore_enable
 .text.sys_irq_save_disable
                0x00000000b010882c       0x14 /mnt/e/phytium-dev-windows-nt/slavedevice2/FREERTOS-prjfiles/dht11_finished/build/lib_libmetal.a(sys.o)
                0x00000000b010882c                sys_irq_save_disable
 .text.metal_machine_cache_flush
                0x00000000b0108840       0x18 /mnt/e/phytium-dev-windows-nt/slavedevice2/FREERTOS-prjfiles/dht11_finished/build/lib_libmetal.a(sys.o)
                0x00000000b0108840                metal_machine_cache_flush
 .text.metal_machine_cache_invalidate
                0x00000000b0108858       0x18 /mnt/e/phytium-dev-windows-nt/slavedevice2/FREERTOS-prjfiles/dht11_finished/build/lib_libmetal.a(sys.o)
                0x00000000b0108858                metal_machine_cache_invalidate
 .text.metal_machine_io_mem_map
                0x00000000b0108870       0x28 /mnt/e/phytium-dev-windows-nt/slavedevice2/FREERTOS-prjfiles/dht11_finished/build/lib_libmetal.a(sys.o)
                0x00000000b0108870                metal_machine_io_mem_map
 .text.metal_generic_dev_sys_open
                0x00000000b0108898       0x34 /mnt/e/phytium-dev-windows-nt/slavedevice2/FREERTOS-prjfiles/dht11_finished/build/lib_libmetal.a(device.o)
                0x00000000b0108898                metal_generic_dev_sys_open
 .text.metal_sys_init
                0x00000000b01088cc       0x1c /mnt/e/phytium-dev-windows-nt/slavedevice2/FREERTOS-prjfiles/dht11_finished/build/lib_libmetal.a(init.o)
                0x00000000b01088cc                metal_sys_init
 .text.metal_sys_finish
                0x00000000b01088e8        0xc /mnt/e/phytium-dev-windows-nt/slavedevice2/FREERTOS-prjfiles/dht11_finished/build/lib_libmetal.a(init.o)
                0x00000000b01088e8                metal_sys_finish
 .text.metal_sys_io_mem_map
                0x00000000b01088f4       0x74 /mnt/e/phytium-dev-windows-nt/slavedevice2/FREERTOS-prjfiles/dht11_finished/build/lib_libmetal.a(io.o)
                0x00000000b01088f4                metal_sys_io_mem_map
 .text.metal_irq_save_disable
                0x00000000b0108968        0x4 /mnt/e/phytium-dev-windows-nt/slavedevice2/FREERTOS-prjfiles/dht11_finished/build/lib_libmetal.a(irq.o)
                0x00000000b0108968                metal_irq_save_disable
 .text.metal_irq_restore_enable
                0x00000000b010896c        0x4 /mnt/e/phytium-dev-windows-nt/slavedevice2/FREERTOS-prjfiles/dht11_finished/build/lib_libmetal.a(irq.o)
                0x00000000b010896c                metal_irq_restore_enable
 .text.startup.main
                0x00000000b0108970       0x64 /mnt/e/phytium-dev-windows-nt/slavedevice2/FREERTOS-prjfiles/dht11_finished/build/libuser.a(main.o)
                0x00000000b0108970                main
 .text.DHT11IoInit
                0x00000000b01089d4       0x50 /mnt/e/phytium-dev-windows-nt/slavedevice2/FREERTOS-prjfiles/dht11_finished/build/libuser.a(dht11.o)
                0x00000000b01089d4                DHT11IoInit
 .text.DHT11IoInitOut
                0x00000000b0108a24       0x50 /mnt/e/phytium-dev-windows-nt/slavedevice2/FREERTOS-prjfiles/dht11_finished/build/libuser.a(dht11.o)
                0x00000000b0108a24                DHT11IoInitOut
 .text.DHT11IoInitIn
                0x00000000b0108a74       0x50 /mnt/e/phytium-dev-windows-nt/slavedevice2/FREERTOS-prjfiles/dht11_finished/build/libuser.a(dht11.o)
                0x00000000b0108a74                DHT11IoInitIn
 .text.DHT11Rst
                0x00000000b0108ac4       0x64 /mnt/e/phytium-dev-windows-nt/slavedevice2/FREERTOS-prjfiles/dht11_finished/build/libuser.a(dht11.o)
                0x00000000b0108ac4                DHT11Rst
 .text.DHT11Check
                0x00000000b0108b28       0xa0 /mnt/e/phytium-dev-windows-nt/slavedevice2/FREERTOS-prjfiles/dht11_finished/build/libuser.a(dht11.o)
                0x00000000b0108b28                DHT11Check
 .text.DHT11ReadBit
                0x00000000b0108bc8       0xb0 /mnt/e/phytium-dev-windows-nt/slavedevice2/FREERTOS-prjfiles/dht11_finished/build/libuser.a(dht11.o)
                0x00000000b0108bc8                DHT11ReadBit
 .text.DHT11ReadByte
                0x00000000b0108c78       0x38 /mnt/e/phytium-dev-windows-nt/slavedevice2/FREERTOS-prjfiles/dht11_finished/build/libuser.a(dht11.o)
                0x00000000b0108c78                DHT11ReadByte
 .text.DHT11ReadData
                0x00000000b0108cb0       0x98 /mnt/e/phytium-dev-windows-nt/slavedevice2/FREERTOS-prjfiles/dht11_finished/build/libuser.a(dht11.o)
                0x00000000b0108cb0                DHT11ReadData
 .text.DHT11PackData
                0x00000000b0108d48       0xa4 /mnt/e/phytium-dev-windows-nt/slavedevice2/FREERTOS-prjfiles/dht11_finished/build/libuser.a(dht11.o)
                0x00000000b0108d48                DHT11PackData
 .text.rpmsg_service_unbind
                0x00000000b0108dec       0x10 /mnt/e/phytium-dev-windows-nt/slavedevice2/FREERTOS-prjfiles/dht11_finished/build/libuser.a(rpmsg-echo.o)
 .text.FRpmsgCommunication
                0x00000000b0108dfc       0xb4 /mnt/e/phytium-dev-windows-nt/slavedevice2/FREERTOS-prjfiles/dht11_finished/build/libuser.a(rpmsg-echo.o)
                0x00000000b0108dfc                FRpmsgCommunication
 .text.rpmsgDHT11Response
                0x00000000b0108eb0       0xc8 /mnt/e/phytium-dev-windows-nt/slavedevice2/FREERTOS-prjfiles/dht11_finished/build/libuser.a(rpmsg-echo.o)
 .text.FOpenampInit
                0x00000000b0108f78       0xa0 /mnt/e/phytium-dev-windows-nt/slavedevice2/FREERTOS-prjfiles/dht11_finished/build/libuser.a(rpmsg-echo.o)
                0x00000000b0108f78                FOpenampInit
 .text.OpenAmpTask
                0x00000000b0109018       0x58 /mnt/e/phytium-dev-windows-nt/slavedevice2/FREERTOS-prjfiles/dht11_finished/build/libuser.a(rpmsg-echo.o)
                0x00000000b0109018                OpenAmpTask
 .text.OpenAmpVersionInfo
                0x00000000b0109070        0x4 /mnt/e/phytium-dev-windows-nt/slavedevice2/FREERTOS-prjfiles/dht11_finished/build/libuser.a(rpmsg-echo.o)
                0x00000000b0109070                OpenAmpVersionInfo
 .text.FIOPadSetGpioMux
                0x00000000b0109074      0x154 /mnt/e/phytium-dev-windows-nt/slavedevice2/FREERTOS-prjfiles/dht11_finished/build/lib_board.a(fio_mux.o)
                0x00000000b0109074                FIOPadSetGpioMux
 .text.FGicDistrubutiorInit
                0x00000000b01091c8      0x1f0 /mnt/e/phytium-dev-windows-nt/slavedevice2/FREERTOS-prjfiles/dht11_finished/build/libdrivers.a(fgic.o)
                0x00000000b01091c8                FGicDistrubutiorInit
 .text.FGicRedistrubutiorInit
                0x00000000b01093b8      0x168 /mnt/e/phytium-dev-windows-nt/slavedevice2/FREERTOS-prjfiles/dht11_finished/build/libdrivers.a(fgic.o)
                0x00000000b01093b8                FGicRedistrubutiorInit
 .text.FGicCpuInterfaceInit
                0x00000000b0109520       0x5c /mnt/e/phytium-dev-windows-nt/slavedevice2/FREERTOS-prjfiles/dht11_finished/build/libdrivers.a(fgic.o)
                0x00000000b0109520                FGicCpuInterfaceInit
 .text.FGicCfgInitialize
                0x00000000b010957c       0x80 /mnt/e/phytium-dev-windows-nt/slavedevice2/FREERTOS-prjfiles/dht11_finished/build/libdrivers.a(fgic.o)
                0x00000000b010957c                FGicCfgInitialize
 .text.FGicIntEnable
                0x00000000b01095fc       0xec /mnt/e/phytium-dev-windows-nt/slavedevice2/FREERTOS-prjfiles/dht11_finished/build/libdrivers.a(fgic.o)
                0x00000000b01095fc                FGicIntEnable
 .text.FGicIntDisable
                0x00000000b01096e8       0xec /mnt/e/phytium-dev-windows-nt/slavedevice2/FREERTOS-prjfiles/dht11_finished/build/libdrivers.a(fgic.o)
                0x00000000b01096e8                FGicIntDisable
 .text.FGicSetPriority
                0x00000000b01097d4      0x11c /mnt/e/phytium-dev-windows-nt/slavedevice2/FREERTOS-prjfiles/dht11_finished/build/libdrivers.a(fgic.o)
                0x00000000b01097d4                FGicSetPriority
 .text.FGicSetSpiAffinityRouting
                0x00000000b01098f0       0xd0 /mnt/e/phytium-dev-windows-nt/slavedevice2/FREERTOS-prjfiles/dht11_finished/build/libdrivers.a(fgic.o)
                0x00000000b01098f0                FGicSetSpiAffinityRouting
 .text.FGicGenerateSgi
                0x00000000b01099c0       0xc0 /mnt/e/phytium-dev-windows-nt/slavedevice2/FREERTOS-prjfiles/dht11_finished/build/libdrivers.a(fgic.o)
                0x00000000b01099c0                FGicGenerateSgi
 .text.FGicSetPriorityFilter
                0x00000000b0109a80       0x84 /mnt/e/phytium-dev-windows-nt/slavedevice2/FREERTOS-prjfiles/dht11_finished/build/libdrivers.a(fgic.o)
                0x00000000b0109a80                FGicSetPriorityFilter
 .text.FGicGetPriorityFilter
                0x00000000b0109b04       0x74 /mnt/e/phytium-dev-windows-nt/slavedevice2/FREERTOS-prjfiles/dht11_finished/build/libdrivers.a(fgic.o)
                0x00000000b0109b04                FGicGetPriorityFilter
 .text.FGicLookupConfig
                0x00000000b0109b78       0x18 /mnt/e/phytium-dev-windows-nt/slavedevice2/FREERTOS-prjfiles/dht11_finished/build/libdrivers.a(fgic_sinit.o)
                0x00000000b0109b78                FGicLookupConfig
 .text.FIOPadSetFunc
                0x00000000b0109b90      0x11c /mnt/e/phytium-dev-windows-nt/slavedevice2/FREERTOS-prjfiles/dht11_finished/build/libdrivers.a(fiopad.o)
                0x00000000b0109b90                FIOPadSetFunc
 .text.FIOPadDeInitialize
                0x00000000b0109cac       0x54 /mnt/e/phytium-dev-windows-nt/slavedevice2/FREERTOS-prjfiles/dht11_finished/build/libdrivers.a(fiopad.o)
                0x00000000b0109cac                FIOPadDeInitialize
 .text.FIOPadCfgInitialize
                0x00000000b0109d00       0x90 /mnt/e/phytium-dev-windows-nt/slavedevice2/FREERTOS-prjfiles/dht11_finished/build/libdrivers.a(fiopad.o)
                0x00000000b0109d00                FIOPadCfgInitialize
 .text.FIOPadLookupConfig
                0x00000000b0109d90       0x4c /mnt/e/phytium-dev-windows-nt/slavedevice2/FREERTOS-prjfiles/dht11_finished/build/libdrivers.a(fiopad_sinit.o)
                0x00000000b0109d90                FIOPadLookupConfig
 .text.FGpioWriteRegVal.part.0
                0x00000000b0109ddc       0x24 /mnt/e/phytium-dev-windows-nt/slavedevice2/FREERTOS-prjfiles/dht11_finished/build/libdrivers.a(fgpio.o)
 .text.FGpioCfgInitialize
                0x00000000b0109e00       0x90 /mnt/e/phytium-dev-windows-nt/slavedevice2/FREERTOS-prjfiles/dht11_finished/build/libdrivers.a(fgpio.o)
                0x00000000b0109e00                FGpioCfgInitialize
 .text.FGpioPinInitialize
                0x00000000b0109e90      0x150 /mnt/e/phytium-dev-windows-nt/slavedevice2/FREERTOS-prjfiles/dht11_finished/build/libdrivers.a(fgpio.o)
                0x00000000b0109e90                FGpioPinInitialize
 .text.FGpioGetPinIrqSourceType
                0x00000000b0109fe0       0x30 /mnt/e/phytium-dev-windows-nt/slavedevice2/FREERTOS-prjfiles/dht11_finished/build/libdrivers.a(fgpio.o)
                0x00000000b0109fe0                FGpioGetPinIrqSourceType
 .text.FGpioSetDirection
                0x00000000b010a010      0x170 /mnt/e/phytium-dev-windows-nt/slavedevice2/FREERTOS-prjfiles/dht11_finished/build/libdrivers.a(fgpio.o)
                0x00000000b010a010                FGpioSetDirection
 .text.FGpioGetDirection
                0x00000000b010a180       0xec /mnt/e/phytium-dev-windows-nt/slavedevice2/FREERTOS-prjfiles/dht11_finished/build/libdrivers.a(fgpio.o)
                0x00000000b010a180                FGpioGetDirection
 .text.FGpioPinDeInitialize
                0x00000000b010a26c       0xd8 /mnt/e/phytium-dev-windows-nt/slavedevice2/FREERTOS-prjfiles/dht11_finished/build/libdrivers.a(fgpio.o)
                0x00000000b010a26c                FGpioPinDeInitialize
 .text.FGpioSetOutputValue
                0x00000000b010a344      0x170 /mnt/e/phytium-dev-windows-nt/slavedevice2/FREERTOS-prjfiles/dht11_finished/build/libdrivers.a(fgpio.o)
                0x00000000b010a344                FGpioSetOutputValue
 .text.FGpioGetInputValue
                0x00000000b010a4b4      0x104 /mnt/e/phytium-dev-windows-nt/slavedevice2/FREERTOS-prjfiles/dht11_finished/build/libdrivers.a(fgpio.o)
                0x00000000b010a4b4                FGpioGetInputValue
 .text.FGpioGetInterruptMask
                0x00000000b010a5b8       0xa0 /mnt/e/phytium-dev-windows-nt/slavedevice2/FREERTOS-prjfiles/dht11_finished/build/libdrivers.a(fgpio_intr.o)
                0x00000000b010a5b8                FGpioGetInterruptMask
 .text.FGpioSetInterruptMask
                0x00000000b010a658      0x12c /mnt/e/phytium-dev-windows-nt/slavedevice2/FREERTOS-prjfiles/dht11_finished/build/libdrivers.a(fgpio_intr.o)
                0x00000000b010a658                FGpioSetInterruptMask
 .text.FGpioInterruptHandler
                0x00000000b010a784       0xf8 /mnt/e/phytium-dev-windows-nt/slavedevice2/FREERTOS-prjfiles/dht11_finished/build/libdrivers.a(fgpio_intr.o)
                0x00000000b010a784                FGpioInterruptHandler
 .text.FGpioRegisterInterruptCB
                0x00000000b010a87c       0x60 /mnt/e/phytium-dev-windows-nt/slavedevice2/FREERTOS-prjfiles/dht11_finished/build/libdrivers.a(fgpio_intr.o)
                0x00000000b010a87c                FGpioRegisterInterruptCB
 .text.FGpioLookupConfig
                0x00000000b010a8dc       0xd4 /mnt/e/phytium-dev-windows-nt/slavedevice2/FREERTOS-prjfiles/dht11_finished/build/libdrivers.a(fgpio_sinit.o)
                0x00000000b010a8dc                FGpioLookupConfig
 .text.FPl011StubHandler
                0x00000000b010a9b0       0x24 /mnt/e/phytium-dev-windows-nt/slavedevice2/FREERTOS-prjfiles/dht11_finished/build/libdrivers.a(fpl011.o)
 .text.FPl011CfgInitialize
                0x00000000b010a9d4       0xf4 /mnt/e/phytium-dev-windows-nt/slavedevice2/FREERTOS-prjfiles/dht11_finished/build/libdrivers.a(fpl011.o)
                0x00000000b010a9d4                FPl011CfgInitialize
 .text.FPl011BlockSend
                0x00000000b010aac8       0xd8 /mnt/e/phytium-dev-windows-nt/slavedevice2/FREERTOS-prjfiles/dht11_finished/build/libdrivers.a(fpl011.o)
                0x00000000b010aac8                FPl011BlockSend
 .text.FPl011SendByte
                0x00000000b010aba0       0x14 /mnt/e/phytium-dev-windows-nt/slavedevice2/FREERTOS-prjfiles/dht11_finished/build/libdrivers.a(fpl011_hw.o)
                0x00000000b010aba0                FPl011SendByte
 .text.FPl011SetOptions
                0x00000000b010abb4       0xbc /mnt/e/phytium-dev-windows-nt/slavedevice2/FREERTOS-prjfiles/dht11_finished/build/libdrivers.a(fpl011_options.o)
                0x00000000b010abb4                FPl011SetOptions
 .text.FPl011SetSpecificOptions
                0x00000000b010ac70       0x80 /mnt/e/phytium-dev-windows-nt/slavedevice2/FREERTOS-prjfiles/dht11_finished/build/libdrivers.a(fpl011_options.o)
                0x00000000b010ac70                FPl011SetSpecificOptions
 .text.FPl011ClearSpecificOptions
                0x00000000b010acf0       0x80 /mnt/e/phytium-dev-windows-nt/slavedevice2/FREERTOS-prjfiles/dht11_finished/build/libdrivers.a(fpl011_options.o)
                0x00000000b010acf0                FPl011ClearSpecificOptions
 .text.FPl011SetBaudRate
                0x00000000b010ad70       0xb4 /mnt/e/phytium-dev-windows-nt/slavedevice2/FREERTOS-prjfiles/dht11_finished/build/libdrivers.a(fpl011_options.o)
                0x00000000b010ad70                FPl011SetBaudRate
 .text.FPl011LookupConfig
                0x00000000b010ae24       0x38 /mnt/e/phytium-dev-windows-nt/slavedevice2/FREERTOS-prjfiles/dht11_finished/build/libdrivers.a(fpl011_sinit.o)
                0x00000000b010ae24                FPl011LookupConfig
 .text.FCacheDCacheInvalidate
                0x00000000b010ae5c      0x108 /mnt/e/phytium-dev-windows-nt/slavedevice2/FREERTOS-prjfiles/dht11_finished/build/libarch.a(fcache.o)
                0x00000000b010ae5c                FCacheDCacheInvalidate
 .text.FCacheDCacheInvalidateRange
                0x00000000b010af64       0x38 /mnt/e/phytium-dev-windows-nt/slavedevice2/FREERTOS-prjfiles/dht11_finished/build/libarch.a(fcache.o)
                0x00000000b010af64                FCacheDCacheInvalidateRange
 .text.FCacheDCacheFlush
                0x00000000b010af9c      0x108 /mnt/e/phytium-dev-windows-nt/slavedevice2/FREERTOS-prjfiles/dht11_finished/build/libarch.a(fcache.o)
                0x00000000b010af9c                FCacheDCacheFlush
 .text.FCacheDCacheFlushRange
                0x00000000b010b0a4       0x38 /mnt/e/phytium-dev-windows-nt/slavedevice2/FREERTOS-prjfiles/dht11_finished/build/libarch.a(fcache.o)
                0x00000000b010b0a4                FCacheDCacheFlushRange
 .text.FCacheICacheInvalidate
                0x00000000b010b0dc       0x28 /mnt/e/phytium-dev-windows-nt/slavedevice2/FREERTOS-prjfiles/dht11_finished/build/libarch.a(fcache.o)
                0x00000000b010b0dc                FCacheICacheInvalidate
 .text.FExcDefaultErrorEndHandler
                0x00000000b010b104        0x4 /mnt/e/phytium-dev-windows-nt/slavedevice2/FREERTOS-prjfiles/dht11_finished/build/libarch.a(fexception.o)
 .text.FExcPrintEcCause
                0x00000000b010b108      0x1b0 /mnt/e/phytium-dev-windows-nt/slavedevice2/FREERTOS-prjfiles/dht11_finished/build/libarch.a(fexception.o)
 .text.FExcShowRegister
                0x00000000b010b2b8       0xcc /mnt/e/phytium-dev-windows-nt/slavedevice2/FREERTOS-prjfiles/dht11_finished/build/libarch.a(fexception.o)
 .text.SynchronousInterrupt
                0x00000000b010b384       0x7c /mnt/e/phytium-dev-windows-nt/slavedevice2/FREERTOS-prjfiles/dht11_finished/build/libarch.a(fexception.o)
                0x00000000b010b384                SynchronousInterrupt
 .text.SErrorInterrupt
                0x00000000b010b400       0x7c /mnt/e/phytium-dev-windows-nt/slavedevice2/FREERTOS-prjfiles/dht11_finished/build/libarch.a(fexception.o)
                0x00000000b010b400                SErrorInterrupt
 .text.FExceptionInterruptHandler
                0x00000000b010b47c       0x3c /mnt/e/phytium-dev-windows-nt/slavedevice2/FREERTOS-prjfiles/dht11_finished/build/libarch.a(fexception.o)
                0x00000000b010b47c                FExceptionInterruptHandler
 .text.FIQInterrupt
                0x00000000b010b4b8       0x24 /mnt/e/phytium-dev-windows-nt/slavedevice2/FREERTOS-prjfiles/dht11_finished/build/libarch.a(fexception.o)
                0x00000000b010b4b8                FIQInterrupt
 .text.GenericTimerSetTimerValue
                0x00000000b010b4dc       0x68 /mnt/e/phytium-dev-windows-nt/slavedevice2/FREERTOS-prjfiles/dht11_finished/build/libarch.a(fgeneric_timer.o)
                0x00000000b010b4dc                GenericTimerSetTimerValue
 .text.GenericTimerInterruptEnable
                0x00000000b010b544       0x6c /mnt/e/phytium-dev-windows-nt/slavedevice2/FREERTOS-prjfiles/dht11_finished/build/libarch.a(fgeneric_timer.o)
                0x00000000b010b544                GenericTimerInterruptEnable
 .text.GenericTimerStart
                0x00000000b010b5b0       0x6c /mnt/e/phytium-dev-windows-nt/slavedevice2/FREERTOS-prjfiles/dht11_finished/build/libarch.a(fgeneric_timer.o)
                0x00000000b010b5b0                GenericTimerStart
 .text.GenericTimerStop
                0x00000000b010b61c       0x6c /mnt/e/phytium-dev-windows-nt/slavedevice2/FREERTOS-prjfiles/dht11_finished/build/libarch.a(fgeneric_timer.o)
                0x00000000b010b61c                GenericTimerStop
 .text.GenericTimerFrequecy
                0x00000000b010b688        0x8 /mnt/e/phytium-dev-windows-nt/slavedevice2/FREERTOS-prjfiles/dht11_finished/build/libarch.a(fgeneric_timer.o)
                0x00000000b010b688                GenericTimerFrequecy
 .text.GenericTimerRead
                0x00000000b010b690       0x5c /mnt/e/phytium-dev-windows-nt/slavedevice2/FREERTOS-prjfiles/dht11_finished/build/libarch.a(fgeneric_timer.o)
                0x00000000b010b690                GenericTimerRead
 .text.NewTable
                0x00000000b010b6ec       0x48 /mnt/e/phytium-dev-windows-nt/slavedevice2/FREERTOS-prjfiles/dht11_finished/build/libarch.a(fmmu.o)
 .text.TableIndex
                0x00000000b010b734       0x74 /mnt/e/phytium-dev-windows-nt/slavedevice2/FREERTOS-prjfiles/dht11_finished/build/libarch.a(fmmu.o)
 .text.TableUsage
                0x00000000b010b7a8       0x74 /mnt/e/phytium-dev-windows-nt/slavedevice2/FREERTOS-prjfiles/dht11_finished/build/libarch.a(fmmu.o)
 .text.SetMapping.constprop.0
                0x00000000b010b81c      0x33c /mnt/e/phytium-dev-windows-nt/slavedevice2/FREERTOS-prjfiles/dht11_finished/build/libarch.a(fmmu.o)
 .text.AddMap.constprop.0
                0x00000000b010bb58      0x114 /mnt/e/phytium-dev-windows-nt/slavedevice2/FREERTOS-prjfiles/dht11_finished/build/libarch.a(fmmu.o)
 .text.MmuInit  0x00000000b010bc6c      0x228 /mnt/e/phytium-dev-windows-nt/slavedevice2/FREERTOS-prjfiles/dht11_finished/build/libarch.a(fmmu.o)
                0x00000000b010bc6c                MmuInit
 .text.FSetTlbAttributes
                0x00000000b010be94       0xdc /mnt/e/phytium-dev-windows-nt/slavedevice2/FREERTOS-prjfiles/dht11_finished/build/libarch.a(fmmu.o)
                0x00000000b010be94                FSetTlbAttributes
 .text.HangPrint
                0x00000000b010bf70       0x28 /mnt/e/phytium-dev-windows-nt/slavedevice2/FREERTOS-prjfiles/dht11_finished/build/libarch.a(fgcc_debug.o)
                0x00000000b010bf70                HangPrint
 .text.FSmcccSmcCall
                0x00000000b010bf98       0x14 /mnt/e/phytium-dev-windows-nt/slavedevice2/FREERTOS-prjfiles/dht11_finished/build/libarch.a(fsmcc.o)
                0x00000000b010bf98                FSmcccSmcCall
 .text.FCacheL3CacheDisable
                0x00000000b010bfac        0x4 /mnt/e/phytium-dev-windows-nt/slavedevice2/FREERTOS-prjfiles/dht11_finished/build/libarch.a(fl3cache.o)
                0x00000000b010bfac                FCacheL3CacheDisable
 .text.FCacheL3CacheFlush
                0x00000000b010bfb0        0x4 /mnt/e/phytium-dev-windows-nt/slavedevice2/FREERTOS-prjfiles/dht11_finished/build/libarch.a(fl3cache.o)
                0x00000000b010bfb0                FCacheL3CacheFlush
 .text.FPsciVersion
                0x00000000b010bfb4       0x80 /mnt/e/phytium-dev-windows-nt/slavedevice2/FREERTOS-prjfiles/dht11_finished/build/libarch.a(fpsci.o)
                0x00000000b010bfb4                FPsciVersion
 .text.FPsciFeatures
                0x00000000b010c034       0x98 /mnt/e/phytium-dev-windows-nt/slavedevice2/FREERTOS-prjfiles/dht11_finished/build/libarch.a(fpsci.o)
                0x00000000b010c034                FPsciFeatures
 .text.FPsciInit
                0x00000000b010c0cc       0xd4 /mnt/e/phytium-dev-windows-nt/slavedevice2/FREERTOS-prjfiles/dht11_finished/build/libarch.a(fpsci.o)
                0x00000000b010c0cc                FPsciInit
 .text.AsmInvalidateTlbAll
                0x00000000b010c1a0       0x4c /mnt/e/phytium-dev-windows-nt/slavedevice2/FREERTOS-prjfiles/dht11_finished/build/libarch.a(ftlb.o)
                0x00000000b010c1a0                AsmInvalidateTlbAll
 .text.FAssertCallback
                0x00000000b010c1ec       0x14 /mnt/e/phytium-dev-windows-nt/slavedevice2/FREERTOS-prjfiles/dht11_finished/build/libcommon.a(fassert.o)
 .text.FAssertSetStatus
                0x00000000b010c200        0xc /mnt/e/phytium-dev-windows-nt/slavedevice2/FREERTOS-prjfiles/dht11_finished/build/libcommon.a(fassert.o)
                0x00000000b010c200                FAssertSetStatus
 .text.FAssert  0x00000000b010c20c       0x1c /mnt/e/phytium-dev-windows-nt/slavedevice2/FREERTOS-prjfiles/dht11_finished/build/libcommon.a(fassert.o)
                0x00000000b010c20c                FAssert
 .text.InterruptMask
                0x00000000b010c228       0x64 /mnt/e/phytium-dev-windows-nt/slavedevice2/FREERTOS-prjfiles/dht11_finished/build/libcommon.a(finterrupt.o)
                0x00000000b010c228                InterruptMask
 .text.InterruptUmask
                0x00000000b010c28c       0x64 /mnt/e/phytium-dev-windows-nt/slavedevice2/FREERTOS-prjfiles/dht11_finished/build/libcommon.a(finterrupt.o)
                0x00000000b010c28c                InterruptUmask
 .text.InterruptSetTargetCpus
                0x00000000b010c2f0       0xf4 /mnt/e/phytium-dev-windows-nt/slavedevice2/FREERTOS-prjfiles/dht11_finished/build/libcommon.a(finterrupt.o)
                0x00000000b010c2f0                InterruptSetTargetCpus
 .text.InterruptSetPriority
                0x00000000b010c3e4       0x6c /mnt/e/phytium-dev-windows-nt/slavedevice2/FREERTOS-prjfiles/dht11_finished/build/libcommon.a(finterrupt.o)
                0x00000000b010c3e4                InterruptSetPriority
 .text.InterruptSetPriorityMask
                0x00000000b010c450       0x7c /mnt/e/phytium-dev-windows-nt/slavedevice2/FREERTOS-prjfiles/dht11_finished/build/libcommon.a(finterrupt.o)
                0x00000000b010c450                InterruptSetPriorityMask
 .text.InterruptGetPriorityMask
                0x00000000b010c4cc       0x6c /mnt/e/phytium-dev-windows-nt/slavedevice2/FREERTOS-prjfiles/dht11_finished/build/libcommon.a(finterrupt.o)
                0x00000000b010c4cc                InterruptGetPriorityMask
 .text.InterruptInstall
                0x00000000b010c538       0x28 /mnt/e/phytium-dev-windows-nt/slavedevice2/FREERTOS-prjfiles/dht11_finished/build/libcommon.a(finterrupt.o)
                0x00000000b010c538                InterruptInstall
 .text.InterruptCoreInterSend
                0x00000000b010c560       0xec /mnt/e/phytium-dev-windows-nt/slavedevice2/FREERTOS-prjfiles/dht11_finished/build/libcommon.a(finterrupt.o)
                0x00000000b010c560                InterruptCoreInterSend
 .text.InterruptInit
                0x00000000b010c64c      0x164 /mnt/e/phytium-dev-windows-nt/slavedevice2/FREERTOS-prjfiles/dht11_finished/build/libcommon.a(finterrupt.o)
                0x00000000b010c64c                InterruptInit
 .text.InterruptEarlyInit
                0x00000000b010c7b0       0x14 /mnt/e/phytium-dev-windows-nt/slavedevice2/FREERTOS-prjfiles/dht11_finished/build/libcommon.a(finterrupt.o)
                0x00000000b010c7b0                InterruptEarlyInit
 .text.InterruptGetPriorityConfig
                0x00000000b010c7c4        0xc /mnt/e/phytium-dev-windows-nt/slavedevice2/FREERTOS-prjfiles/dht11_finished/build/libcommon.a(finterrupt.o)
                0x00000000b010c7c4                InterruptGetPriorityConfig
 .text.char_out
                0x00000000b010c7d0       0x20 /mnt/e/phytium-dev-windows-nt/slavedevice2/FREERTOS-prjfiles/dht11_finished/build/libcommon.a(fprintk.o)
 .text.cbvprintf
                0x00000000b010c7f0      0x724 /mnt/e/phytium-dev-windows-nt/slavedevice2/FREERTOS-prjfiles/dht11_finished/build/libcommon.a(fprintk.o)
                0x00000000b010c7f0                cbvprintf
 .text.f_printk
                0x00000000b010cf14       0x98 /mnt/e/phytium-dev-windows-nt/slavedevice2/FREERTOS-prjfiles/dht11_finished/build/libcommon.a(fprintk.o)
                0x00000000b010cf14                f_printk
 .text.fsleep_general
                0x00000000b010cfac       0x54 /mnt/e/phytium-dev-windows-nt/slavedevice2/FREERTOS-prjfiles/dht11_finished/build/libcommon.a(fsleep.o)
 .text.fsleep_millisec
                0x00000000b010d000        0x8 /mnt/e/phytium-dev-windows-nt/slavedevice2/FREERTOS-prjfiles/dht11_finished/build/libcommon.a(fsleep.o)
                0x00000000b010d000                fsleep_millisec
 .text.fsleep_microsec
                0x00000000b010d008        0xc /mnt/e/phytium-dev-windows-nt/slavedevice2/FREERTOS-prjfiles/dht11_finished/build/libcommon.a(fsleep.o)
                0x00000000b010d008                fsleep_microsec
 .text.GetCpuMaskToAffval
                0x00000000b010d014       0xac /mnt/e/phytium-dev-windows-nt/slavedevice2/FREERTOS-prjfiles/dht11_finished/build/libsoc.a(fparameters.o)
                0x00000000b010d014                GetCpuMaskToAffval
 .text.GetCpuId
                0x00000000b010d0c0       0x64 /mnt/e/phytium-dev-windows-nt/slavedevice2/FREERTOS-prjfiles/dht11_finished/build/libsoc.a(fcpu_info.o)
                0x00000000b010d0c0                GetCpuId
 .text.GetCpuAffinity
                0x00000000b010d124       0x50 /mnt/e/phytium-dev-windows-nt/slavedevice2/FREERTOS-prjfiles/dht11_finished/build/libsoc.a(fcpu_info.o)
                0x00000000b010d124                GetCpuAffinity
 .text.FEarlyUartProbe
                0x00000000b010d174       0x44 /mnt/e/phytium-dev-windows-nt/slavedevice2/FREERTOS-prjfiles/dht11_finished/build/libsoc.a(fearly_uart.o)
                0x00000000b010d174                FEarlyUartProbe
 .text.OutByte  0x00000000b010d1b8       0x24 /mnt/e/phytium-dev-windows-nt/slavedevice2/FREERTOS-prjfiles/dht11_finished/build/libsoc.a(fearly_uart.o)
                0x00000000b010d1b8                OutByte
 .text.SpinLock
                0x00000000b010d1dc       0x20 /mnt/e/phytium-dev-windows-nt/slavedevice2/FREERTOS-prjfiles/dht11_finished/build/libsoc.a(fsmp.o)
                0x00000000b010d1dc                SpinLock
 .text.SpinInit
                0x00000000b010d1fc       0x10 /mnt/e/phytium-dev-windows-nt/slavedevice2/FREERTOS-prjfiles/dht11_finished/build/libsoc.a(fsmp.o)
                0x00000000b010d1fc                SpinInit
 .text.SpinUnlock
                0x00000000b010d20c        0x4 /mnt/e/phytium-dev-windows-nt/slavedevice2/FREERTOS-prjfiles/dht11_finished/build/libsoc.a(fsmp.o)
                0x00000000b010d20c                SpinUnlock
 .text._exit    0x00000000b010d210        0xc /mnt/e/phytium-dev-windows-nt/slavedevice2/FREERTOS-prjfiles/dht11_finished/build/lib_syscall.a(system_call.o)
                0x00000000b010d210                _exit
 .text._sbrk    0x00000000b010d21c       0x48 /mnt/e/phytium-dev-windows-nt/slavedevice2/FREERTOS-prjfiles/dht11_finished/build/lib_syscall.a(system_call.o)
                0x00000000b010d21c                _sbrk
 .text._close   0x00000000b010d264        0x8 /mnt/e/phytium-dev-windows-nt/slavedevice2/FREERTOS-prjfiles/dht11_finished/build/lib_syscall.a(system_call.o)
                0x00000000b010d264                _close
 .text._fstat   0x00000000b010d26c       0x10 /mnt/e/phytium-dev-windows-nt/slavedevice2/FREERTOS-prjfiles/dht11_finished/build/lib_syscall.a(system_call.o)
                0x00000000b010d26c                _fstat
 .text._getpid  0x00000000b010d27c        0x8 /mnt/e/phytium-dev-windows-nt/slavedevice2/FREERTOS-prjfiles/dht11_finished/build/lib_syscall.a(system_call.o)
                0x00000000b010d27c                _getpid
 .text._isatty  0x00000000b010d284        0x8 /mnt/e/phytium-dev-windows-nt/slavedevice2/FREERTOS-prjfiles/dht11_finished/build/lib_syscall.a(system_call.o)
                0x00000000b010d284                _isatty
 .text._kill    0x00000000b010d28c       0x1c /mnt/e/phytium-dev-windows-nt/slavedevice2/FREERTOS-prjfiles/dht11_finished/build/lib_syscall.a(system_call.o)
                0x00000000b010d28c                _kill
 .text._lseek   0x00000000b010d2a8       0x1c /mnt/e/phytium-dev-windows-nt/slavedevice2/FREERTOS-prjfiles/dht11_finished/build/lib_syscall.a(system_call.o)
                0x00000000b010d2a8                _lseek
 .text._read    0x00000000b010d2c4        0x8 /mnt/e/phytium-dev-windows-nt/slavedevice2/FREERTOS-prjfiles/dht11_finished/build/lib_syscall.a(system_call.o)
                0x00000000b010d2c4                _read
 .text._write   0x00000000b010d2cc       0x68 /mnt/e/phytium-dev-windows-nt/slavedevice2/FREERTOS-prjfiles/dht11_finished/build/lib_syscall.a(system_call.o)
                0x00000000b010d2cc                _write
 *fill*         0x00000000b010d334        0xc 
 .text.__assert_func
                0x00000000b010d340       0x54 /mnt/e/phytium-dev-linux-x64/cross_tool/gcc-arm-10.3-2021.07-x86_64-aarch64-none-elf/bin/../lib/gcc/aarch64-none-elf/10.3.1/../../../../aarch64-none-elf/lib/libc.a(lib_a-assert.o)
                0x00000000b010d340                __assert_func
 *fill*         0x00000000b010d394        0xc 
 .text.__errno  0x00000000b010d3a0        0xc /mnt/e/phytium-dev-linux-x64/cross_tool/gcc-arm-10.3-2021.07-x86_64-aarch64-none-elf/bin/../lib/gcc/aarch64-none-elf/10.3.1/../../../../aarch64-none-elf/lib/libc.a(lib_a-errno.o)
                0x00000000b010d3a0                __errno
 *fill*         0x00000000b010d3ac        0x4 
 .text.fiprintf
                0x00000000b010d3b0       0x88 /mnt/e/phytium-dev-linux-x64/cross_tool/gcc-arm-10.3-2021.07-x86_64-aarch64-none-elf/bin/../lib/gcc/aarch64-none-elf/10.3.1/../../../../aarch64-none-elf/lib/libc.a(lib_a-fiprintf.o)
                0x00000000b010d3b0                fiprintf
 *fill*         0x00000000b010d438        0x8 
 .text.printf   0x00000000b010d440       0x88 /mnt/e/phytium-dev-linux-x64/cross_tool/gcc-arm-10.3-2021.07-x86_64-aarch64-none-elf/bin/../lib/gcc/aarch64-none-elf/10.3.1/../../../../aarch64-none-elf/lib/libc.a(lib_a-printf.o)
                0x00000000b010d440                printf
 *fill*         0x00000000b010d4c8        0x8 
 .text.strncpy  0x00000000b010d4d0       0x9c /mnt/e/phytium-dev-linux-x64/cross_tool/gcc-arm-10.3-2021.07-x86_64-aarch64-none-elf/bin/../lib/gcc/aarch64-none-elf/10.3.1/../../../../aarch64-none-elf/lib/libc.a(lib_a-strncpy.o)
                0x00000000b010d4d0                strncpy
 *fill*         0x00000000b010d56c        0x4 
 .text._strtoul_l.constprop.0
                0x00000000b010d570      0x19c /mnt/e/phytium-dev-linux-x64/cross_tool/gcc-arm-10.3-2021.07-x86_64-aarch64-none-elf/bin/../lib/gcc/aarch64-none-elf/10.3.1/../../../../aarch64-none-elf/lib/libc.a(lib_a-strtoul.o)
 *fill*         0x00000000b010d70c        0x4 
 .text.strtoul  0x00000000b010d710       0x20 /mnt/e/phytium-dev-linux-x64/cross_tool/gcc-arm-10.3-2021.07-x86_64-aarch64-none-elf/bin/../lib/gcc/aarch64-none-elf/10.3.1/../../../../aarch64-none-elf/lib/libc.a(lib_a-strtoul.o)
                0x00000000b010d710                strtoul
 .text._svfprintf_r
                0x00000000b010d730     0x2d24 /mnt/e/phytium-dev-linux-x64/cross_tool/gcc-arm-10.3-2021.07-x86_64-aarch64-none-elf/bin/../lib/gcc/aarch64-none-elf/10.3.1/../../../../aarch64-none-elf/lib/libc.a(lib_a-svfprintf.o)
                0x00000000b010d730                _svfprintf_r
 *fill*         0x00000000b0110454        0xc 
 .text.__sprint_r.part.0
                0x00000000b0110460       0xd8 /mnt/e/phytium-dev-linux-x64/cross_tool/gcc-arm-10.3-2021.07-x86_64-aarch64-none-elf/bin/../lib/gcc/aarch64-none-elf/10.3.1/../../../../aarch64-none-elf/lib/libc.a(lib_a-vfiprintf.o)
 *fill*         0x00000000b0110538        0x8 
 .text.__sprint_r
                0x00000000b0110540       0x18 /mnt/e/phytium-dev-linux-x64/cross_tool/gcc-arm-10.3-2021.07-x86_64-aarch64-none-elf/bin/../lib/gcc/aarch64-none-elf/10.3.1/../../../../aarch64-none-elf/lib/libc.a(lib_a-vfiprintf.o)
                0x00000000b0110540                __sprint_r
 *fill*         0x00000000b0110558        0x8 
 .text._vfiprintf_r
                0x00000000b0110560     0x1b58 /mnt/e/phytium-dev-linux-x64/cross_tool/gcc-arm-10.3-2021.07-x86_64-aarch64-none-elf/bin/../lib/gcc/aarch64-none-elf/10.3.1/../../../../aarch64-none-elf/lib/libc.a(lib_a-vfiprintf.o)
                0x00000000b0110560                _vfiprintf_r
 *fill*         0x00000000b01120b8        0x8 
 .text.__sbprintf
                0x00000000b01120c0       0xcc /mnt/e/phytium-dev-linux-x64/cross_tool/gcc-arm-10.3-2021.07-x86_64-aarch64-none-elf/bin/../lib/gcc/aarch64-none-elf/10.3.1/../../../../aarch64-none-elf/lib/libc.a(lib_a-vfiprintf.o)
 *fill*         0x00000000b011218c        0x4 
 .text._vfprintf_r
                0x00000000b0112190     0x2d7c /mnt/e/phytium-dev-linux-x64/cross_tool/gcc-arm-10.3-2021.07-x86_64-aarch64-none-elf/bin/../lib/gcc/aarch64-none-elf/10.3.1/../../../../aarch64-none-elf/lib/libc.a(lib_a-vfprintf.o)
                0x00000000b0112190                _vfprintf_r
 *fill*         0x00000000b0114f0c        0x4 
 .text.__sbprintf
                0x00000000b0114f10       0xcc /mnt/e/phytium-dev-linux-x64/cross_tool/gcc-arm-10.3-2021.07-x86_64-aarch64-none-elf/bin/../lib/gcc/aarch64-none-elf/10.3.1/../../../../aarch64-none-elf/lib/libc.a(lib_a-vfprintf.o)
 *fill*         0x00000000b0114fdc        0x4 
 .text.vsnprintf
                0x00000000b0114fe0       0xe0 /mnt/e/phytium-dev-linux-x64/cross_tool/gcc-arm-10.3-2021.07-x86_64-aarch64-none-elf/bin/../lib/gcc/aarch64-none-elf/10.3.1/../../../../aarch64-none-elf/lib/libc.a(lib_a-vsnprintf.o)
                0x00000000b0114fe0                vsnprintf
 .text._wcrtomb_r
                0x00000000b01150c0       0x88 /mnt/e/phytium-dev-linux-x64/cross_tool/gcc-arm-10.3-2021.07-x86_64-aarch64-none-elf/bin/../lib/gcc/aarch64-none-elf/10.3.1/../../../../aarch64-none-elf/lib/libc.a(lib_a-wcrtomb.o)
                0x00000000b01150c0                _wcrtomb_r
 *fill*         0x00000000b0115148        0x8 
 .text._wcsrtombs_r
                0x00000000b0115150       0x10 /mnt/e/phytium-dev-linux-x64/cross_tool/gcc-arm-10.3-2021.07-x86_64-aarch64-none-elf/bin/../lib/gcc/aarch64-none-elf/10.3.1/../../../../aarch64-none-elf/lib/libc.a(lib_a-wcsrtombs.o)
                0x00000000b0115150                _wcsrtombs_r
 .text.__swsetup_r
                0x00000000b0115160      0x144 /mnt/e/phytium-dev-linux-x64/cross_tool/gcc-arm-10.3-2021.07-x86_64-aarch64-none-elf/bin/../lib/gcc/aarch64-none-elf/10.3.1/../../../../aarch64-none-elf/lib/libc.a(lib_a-wsetup.o)
                0x00000000b0115160                __swsetup_r
 *fill*         0x00000000b01152a4        0xc 
 .text.abort    0x00000000b01152b0       0x18 /mnt/e/phytium-dev-linux-x64/cross_tool/gcc-arm-10.3-2021.07-x86_64-aarch64-none-elf/bin/../lib/gcc/aarch64-none-elf/10.3.1/../../../../aarch64-none-elf/lib/libc.a(lib_a-abort.o)
                0x00000000b01152b0                abort
 *fill*         0x00000000b01152c8        0x8 
 .text.quorem   0x00000000b01152d0      0x19c /mnt/e/phytium-dev-linux-x64/cross_tool/gcc-arm-10.3-2021.07-x86_64-aarch64-none-elf/bin/../lib/gcc/aarch64-none-elf/10.3.1/../../../../aarch64-none-elf/lib/libc.a(lib_a-dtoa.o)
 *fill*         0x00000000b011546c        0x4 
 .text._dtoa_r  0x00000000b0115470     0x1180 /mnt/e/phytium-dev-linux-x64/cross_tool/gcc-arm-10.3-2021.07-x86_64-aarch64-none-elf/bin/../lib/gcc/aarch64-none-elf/10.3.1/../../../../aarch64-none-elf/lib/libc.a(lib_a-dtoa.o)
                0x00000000b0115470                _dtoa_r
 .text.__sflush_r
                0x00000000b01165f0      0x228 /mnt/e/phytium-dev-linux-x64/cross_tool/gcc-arm-10.3-2021.07-x86_64-aarch64-none-elf/bin/../lib/gcc/aarch64-none-elf/10.3.1/../../../../aarch64-none-elf/lib/libc.a(lib_a-fflush.o)
                0x00000000b01165f0                __sflush_r
 *fill*         0x00000000b0116818        0x8 
 .text._fflush_r
                0x00000000b0116820       0x58 /mnt/e/phytium-dev-linux-x64/cross_tool/gcc-arm-10.3-2021.07-x86_64-aarch64-none-elf/bin/../lib/gcc/aarch64-none-elf/10.3.1/../../../../aarch64-none-elf/lib/libc.a(lib_a-fflush.o)
                0x00000000b0116820                _fflush_r
 *fill*         0x00000000b0116878        0x8 
 .text._cleanup_r
                0x00000000b0116880        0xc /mnt/e/phytium-dev-linux-x64/cross_tool/gcc-arm-10.3-2021.07-x86_64-aarch64-none-elf/bin/../lib/gcc/aarch64-none-elf/10.3.1/../../../../aarch64-none-elf/lib/libc.a(lib_a-findfp.o)
                0x00000000b0116880                _cleanup_r
 *fill*         0x00000000b011688c        0x4 
 .text.__sinit.part.0
                0x00000000b0116890      0x138 /mnt/e/phytium-dev-linux-x64/cross_tool/gcc-arm-10.3-2021.07-x86_64-aarch64-none-elf/bin/../lib/gcc/aarch64-none-elf/10.3.1/../../../../aarch64-none-elf/lib/libc.a(lib_a-findfp.o)
 *fill*         0x00000000b01169c8        0x8 
 .text.__sinit  0x00000000b01169d0       0x10 /mnt/e/phytium-dev-linux-x64/cross_tool/gcc-arm-10.3-2021.07-x86_64-aarch64-none-elf/bin/../lib/gcc/aarch64-none-elf/10.3.1/../../../../aarch64-none-elf/lib/libc.a(lib_a-findfp.o)
                0x00000000b01169d0                __sinit
 .text.__sfp_lock_acquire
                0x00000000b01169e0        0x4 /mnt/e/phytium-dev-linux-x64/cross_tool/gcc-arm-10.3-2021.07-x86_64-aarch64-none-elf/bin/../lib/gcc/aarch64-none-elf/10.3.1/../../../../aarch64-none-elf/lib/libc.a(lib_a-findfp.o)
                0x00000000b01169e0                __sfp_lock_acquire
 *fill*         0x00000000b01169e4        0xc 
 .text.__sfp_lock_release
                0x00000000b01169f0        0x4 /mnt/e/phytium-dev-linux-x64/cross_tool/gcc-arm-10.3-2021.07-x86_64-aarch64-none-elf/bin/../lib/gcc/aarch64-none-elf/10.3.1/../../../../aarch64-none-elf/lib/libc.a(lib_a-findfp.o)
                0x00000000b01169f0                __sfp_lock_release
 *fill*         0x00000000b01169f4        0xc 
 .text.__fputwc
                0x00000000b0116a00      0x10c /mnt/e/phytium-dev-linux-x64/cross_tool/gcc-arm-10.3-2021.07-x86_64-aarch64-none-elf/bin/../lib/gcc/aarch64-none-elf/10.3.1/../../../../aarch64-none-elf/lib/libc.a(lib_a-fputwc.o)
                0x00000000b0116a00                __fputwc
 *fill*         0x00000000b0116b0c        0x4 
 .text._fputwc_r
                0x00000000b0116b10       0x20 /mnt/e/phytium-dev-linux-x64/cross_tool/gcc-arm-10.3-2021.07-x86_64-aarch64-none-elf/bin/../lib/gcc/aarch64-none-elf/10.3.1/../../../../aarch64-none-elf/lib/libc.a(lib_a-fputwc.o)
                0x00000000b0116b10                _fputwc_r
 .text._malloc_trim_r
                0x00000000b0116b30      0x10c /mnt/e/phytium-dev-linux-x64/cross_tool/gcc-arm-10.3-2021.07-x86_64-aarch64-none-elf/bin/../lib/gcc/aarch64-none-elf/10.3.1/../../../../aarch64-none-elf/lib/libc.a(lib_a-freer.o)
                0x00000000b0116b30                _malloc_trim_r
 *fill*         0x00000000b0116c3c        0x4 
 .text._free_r  0x00000000b0116c40      0x2e8 /mnt/e/phytium-dev-linux-x64/cross_tool/gcc-arm-10.3-2021.07-x86_64-aarch64-none-elf/bin/../lib/gcc/aarch64-none-elf/10.3.1/../../../../aarch64-none-elf/lib/libc.a(lib_a-freer.o)
                0x00000000b0116c40                _free_r
 *fill*         0x00000000b0116f28        0x8 
 .text.__sfvwrite_r
                0x00000000b0116f30      0x4a8 /mnt/e/phytium-dev-linux-x64/cross_tool/gcc-arm-10.3-2021.07-x86_64-aarch64-none-elf/bin/../lib/gcc/aarch64-none-elf/10.3.1/../../../../aarch64-none-elf/lib/libc.a(lib_a-fvwrite.o)
                0x00000000b0116f30                __sfvwrite_r
 *fill*         0x00000000b01173d8        0x8 
 .text._fwalk_reent
                0x00000000b01173e0       0xa4 /mnt/e/phytium-dev-linux-x64/cross_tool/gcc-arm-10.3-2021.07-x86_64-aarch64-none-elf/bin/../lib/gcc/aarch64-none-elf/10.3.1/../../../../aarch64-none-elf/lib/libc.a(lib_a-fwalk.o)
                0x00000000b01173e0                _fwalk_reent
 *fill*         0x00000000b0117484        0xc 
 .text._localeconv_r
                0x00000000b0117490        0xc /mnt/e/phytium-dev-linux-x64/cross_tool/gcc-arm-10.3-2021.07-x86_64-aarch64-none-elf/bin/../lib/gcc/aarch64-none-elf/10.3.1/../../../../aarch64-none-elf/lib/libc.a(lib_a-localeconv.o)
                0x00000000b0117490                _localeconv_r
 *fill*         0x00000000b011749c        0x4 
 .text.__locale_mb_cur_max